C:\ST\STM32CubeIDE_1.15.1\STM32CubeIDE\plugins\com.st.stm32cube.ide.mcu.externaltools.gnu-tools-for-stm32.13.3.rel1.win32_1.0.0.202411081344\tools\arm-none-eabi\include\c++\13.3.1\arm-none-eabi\thumb\v8-m.main+fp\hard\bits\gthr-default.h:229:1:int __gthread_key_delete(__gthread_key_t)	16	static
C:/DT/Solutions/Una/una-watch/SDK/Libs/Source/Logger/Logger.cpp:53:13:void Logger_vprintf(const char*, va_list)	160	static
C:/DT/Solutions/Una/una-watch/SDK/Libs/Source/Logger/Logger.cpp:90:6:void Logger_init(LoggerPrint_t)	16	static
C:/DT/Solutions/Una/una-watch/SDK/Libs/Source/Logger/Logger.cpp:95:6:void Logger_setMutex(Interface::IMutex*)	16	static
C:/DT/Solutions/Una/una-watch/SDK/Libs/Source/Logger/Logger.cpp:100:6:void Logger_setTimeFunc(LoggerTimeFunc_t)	16	static
C:/DT/Solutions/Una/una-watch/SDK/Libs/Source/Logger/Logger.cpp:105:6:)	16	static
C:/DT/Solutions/Una/una-watch/SDK/Libs/Source/Logger/Logger.cpp:113:6:void Logger_printTimestamp()	16	static
C:/DT/Solutions/Una/una-watch/SDK/Libs/Source/Logger/Logger.cpp:124:6:)	88	static
C:/DT/Solutions/Una/una-watch/SDK/Libs/Source/Logger/Logger.cpp:142:6:void Logger_printDumpBytes(const void*, uint32_t)	24	static
C:/DT/Solutions/Una/una-watch/SDK/Libs/Source/Logger/Logger.cpp:160:6:bool Logger_wait()	8	static
C:/DT/Solutions/Una/una-watch/SDK/Libs/Source/Logger/Logger.cpp:169:6:void Logger_release()	8	static
