C:\ST\STM32CubeIDE_1.15.1\STM32CubeIDE\plugins\com.st.stm32cube.ide.mcu.externaltools.gnu-tools-for-stm32.13.3.rel1.win32_1.0.0.202411081344\tools\arm-none-eabi\include\c++\13.3.1\arm-none-eabi\thumb\v8-m.main+fp\hard\bits\gthr-default.h:229:1:int __gthread_key_delete(__gthread_key_t)	16	static
C:\ST\STM32CubeIDE_1.15.1\STM32CubeIDE\plugins\com.st.stm32cube.ide.mcu.externaltools.gnu-tools-for-stm32.13.3.rel1.win32_1.0.0.202411081344\tools\arm-none-eabi\include\c++\13.3.1\bits\shared_ptr_base.h:288:5:void std::_Sp_counted_base<_Lp>::_M_add_ref_copy() [with __gnu_cxx::_Lock_policy _Lp = __gnu_cxx::_S_single]	16	static
C:\ST\STM32CubeIDE_1.15.1\STM32CubeIDE\plugins\com.st.stm32cube.ide.mcu.externaltools.gnu-tools-for-stm32.13.3.rel1.win32_1.0.0.202411081344\tools\arm-none-eabi\include\c++\13.3.1\bits\shared_ptr_base.h:293:5:void std::_Sp_counted_base<_Lp>::_M_release() [with __gnu_cxx::_Lock_policy _Lp = __gnu_cxx::_S_single]	16	static
C:\ST\STM32CubeIDE_1.15.1\STM32CubeIDE\plugins\com.st.stm32cube.ide.mcu.externaltools.gnu-tools-for-stm32.13.3.rel1.win32_1.0.0.202411081344\tools\arm-none-eabi\include\c++\13.3.1\bits\shared_ptr_base.h:1524:7:std::__shared_ptr<_Tp, _Lp>::~__shared_ptr() [with _Tp = void; __gnu_cxx::_Lock_policy _Lp = __gnu_cxx::_S_single]	16	static
C:\ST\STM32CubeIDE_1.15.1\STM32CubeIDE\plugins\com.st.stm32cube.ide.mcu.externaltools.gnu-tools-for-stm32.13.3.rel1.win32_1.0.0.202411081344\tools\bin/../lib/gcc/arm-none-eabi/13.3.1/../../../../arm-none-eabi/include/c++/13.3.1/bits/shared_ptr.h:175:11:std::shared_ptr<void>::~shared_ptr()	16	static
../../../../../Common/Header/Interfaces/IModel.hpp:56:10:void IGUIModel::setGUIHandler(IGUIModelHandler*)	16	static
../Core/Src/main.cpp:24:5:Test::Test()	16	static
../Core/Src/main.cpp:29:5:Test::~Test()	16	static
../Core/Src/main.cpp:78:10:virtual void Handler::handleEvent(const S2GEvent::DailyHealth&)	16	static
../../../../../Common/Header/Interfaces/IModel.hpp:44:13:IGUIModelHandler::~IGUIModelHandler()	16	static
../../../../../Common/Header/Interfaces/IModel.hpp:44:13:virtual IGUIModelHandler::~IGUIModelHandler()	16	static
../Core/Src/main.cpp:76:13:Handler::~Handler()	16	static
../Core/Src/main.cpp:76:13:virtual Handler::~Handler()	16	static
C:\ST\STM32CubeIDE_1.15.1\STM32CubeIDE\plugins\com.st.stm32cube.ide.mcu.externaltools.gnu-tools-for-stm32.13.3.rel1.win32_1.0.0.202411081344\tools\arm-none-eabi\include\c++\13.3.1\bits\shared_ptr_base.h:1524:7:std::__shared_ptr<_Tp, _Lp>::~__shared_ptr() [with _Tp = IGUIModel; __gnu_cxx::_Lock_policy _Lp = __gnu_cxx::_S_single]	16	static
C:\ST\STM32CubeIDE_1.15.1\STM32CubeIDE\plugins\com.st.stm32cube.ide.mcu.externaltools.gnu-tools-for-stm32.13.3.rel1.win32_1.0.0.202411081344\tools\bin/../lib/gcc/arm-none-eabi/13.3.1/../../../../arm-none-eabi/include/c++/13.3.1/bits/shared_ptr.h:175:11:std::shared_ptr<IGUIModel>::~shared_ptr()	16	static
../Core/Src/main.cpp:94:5:int app()	72	static
../Core/Src/main.cpp:172:5:int main()	8	static
C:\ST\STM32CubeIDE_1.15.1\STM32CubeIDE\plugins\com.st.stm32cube.ide.mcu.externaltools.gnu-tools-for-stm32.13.3.rel1.win32_1.0.0.202411081344\tools\arm-none-eabi\include\c++\13.3.1\bits\shared_ptr_base.h:1068:7:std::__shared_count<_Lp>::~__shared_count() [with __gnu_cxx::_Lock_policy _Lp = __gnu_cxx::_S_single]	16	static
C:\ST\STM32CubeIDE_1.15.1\STM32CubeIDE\plugins\com.st.stm32cube.ide.mcu.externaltools.gnu-tools-for-stm32.13.3.rel1.win32_1.0.0.202411081344\tools\bin/../lib/gcc/arm-none-eabi/13.3.1/../../../../arm-none-eabi/include/c++/13.3.1/bits/shared_ptr.h:700:5:std::shared_ptr<_Tp> std::static_pointer_cast(const shared_ptr<_Tp>&) [with _Tp = IGUIModel; _Up = void]	16	static
C:\ST\STM32CubeIDE_1.15.1\STM32CubeIDE\plugins\com.st.stm32cube.ide.mcu.externaltools.gnu-tools-for-stm32.13.3.rel1.win32_1.0.0.202411081344\tools\bin/../lib/gcc/arm-none-eabi/13.3.1/../../../../arm-none-eabi/include/c++/13.3.1/bits/shared_ptr.h:561:5:bool std::operator==(const shared_ptr<_Tp>&, nullptr_t) [with _Tp = IGUIModel]	16	static
C:\ST\STM32CubeIDE_1.15.1\STM32CubeIDE\plugins\com.st.stm32cube.ide.mcu.externaltools.gnu-tools-for-stm32.13.3.rel1.win32_1.0.0.202411081344\tools\arm-none-eabi\include\c++\13.3.1\bits\shared_ptr_base.h:1354:7:std::__shared_ptr_access<_Tp, _Lp, <anonymous>, <anonymous> >::element_type* std::__shared_ptr_access<_Tp, _Lp, <anonymous>, <anonymous> >::operator->() const [with _Tp = IGUIModel; __gnu_cxx::_Lock_policy _Lp = __gnu_cxx::_S_single; bool <anonymous> = false; bool <anonymous> = false]	16	static
C:\ST\STM32CubeIDE_1.15.1\STM32CubeIDE\plugins\com.st.stm32cube.ide.mcu.externaltools.gnu-tools-for-stm32.13.3.rel1.win32_1.0.0.202411081344\tools\bin/../lib/gcc/arm-none-eabi/13.3.1/../../../../arm-none-eabi/include/c++/13.3.1/variant:1441:2:constexpr std::variant<_Types>::variant(_Tp&&) [with _Tp = G2SEvent::IsReady; <template-parameter-2-2> = void; <template-parameter-2-3> = void; _Tj = G2SEvent::IsReady; <template-parameter-2-5> = void; _Types = {G2SEvent::IsReady, G2SEvent::Quit}]	24	static
C:\ST\STM32CubeIDE_1.15.1\STM32CubeIDE\plugins\com.st.stm32cube.ide.mcu.externaltools.gnu-tools-for-stm32.13.3.rel1.win32_1.0.0.202411081344\tools\bin/../lib/gcc/arm-none-eabi/13.3.1/../../../../arm-none-eabi/include/c++/13.3.1/variant:1441:2:constexpr std::variant<_Types>::variant(_Tp&&) [with _Tp = G2SEvent::Quit; <template-parameter-2-2> = void; <template-parameter-2-3> = void; _Tj = G2SEvent::Quit; <template-parameter-2-5> = void; _Types = {G2SEvent::IsReady, G2SEvent::Quit}]	24	static
C:\ST\STM32CubeIDE_1.15.1\STM32CubeIDE\plugins\com.st.stm32cube.ide.mcu.externaltools.gnu-tools-for-stm32.13.3.rel1.win32_1.0.0.202411081344\tools\arm-none-eabi\include\c++\13.3.1\bits\shared_ptr_base.h:1665:7:std::__shared_ptr<_Tp, _Lp>::element_type* std::__shared_ptr<_Tp, _Lp>::get() const [with _Tp = void; __gnu_cxx::_Lock_policy _Lp = __gnu_cxx::_S_single]	16	static
C:\ST\STM32CubeIDE_1.15.1\STM32CubeIDE\plugins\com.st.stm32cube.ide.mcu.externaltools.gnu-tools-for-stm32.13.3.rel1.win32_1.0.0.202411081344\tools\bin/../lib/gcc/arm-none-eabi/13.3.1/../../../../arm-none-eabi/include/c++/13.3.1/bits/shared_ptr.h:311:2:std::shared_ptr<_Tp>::shared_ptr(const std::shared_ptr<_Yp>&, element_type*) [with _Yp = void; _Tp = IGUIModel]	24	static
C:\ST\STM32CubeIDE_1.15.1\STM32CubeIDE\plugins\com.st.stm32cube.ide.mcu.externaltools.gnu-tools-for-stm32.13.3.rel1.win32_1.0.0.202411081344\tools\arm-none-eabi\include\c++\13.3.1\bits\shared_ptr_base.h:1669:16:std::__shared_ptr<_Tp, _Lp>::operator bool() const [with _Tp = IGUIModel; __gnu_cxx::_Lock_policy _Lp = __gnu_cxx::_S_single]	16	static
C:\ST\STM32CubeIDE_1.15.1\STM32CubeIDE\plugins\com.st.stm32cube.ide.mcu.externaltools.gnu-tools-for-stm32.13.3.rel1.win32_1.0.0.202411081344\tools\arm-none-eabi\include\c++\13.3.1\bits\shared_ptr_base.h:1362:7:std::__shared_ptr_access<_Tp, _Lp, <anonymous>, <anonymous> >::element_type* std::__shared_ptr_access<_Tp, _Lp, <anonymous>, <anonymous> >::_M_get() const [with _Tp = IGUIModel; __gnu_cxx::_Lock_policy _Lp = __gnu_cxx::_S_single; bool <anonymous> = false; bool <anonymous> = false]	16	static
C:\ST\STM32CubeIDE_1.15.1\STM32CubeIDE\plugins\com.st.stm32cube.ide.mcu.externaltools.gnu-tools-for-stm32.13.3.rel1.win32_1.0.0.202411081344\tools\bin/../lib/gcc/arm-none-eabi/13.3.1/../../../../arm-none-eabi/include/c++/13.3.1/bits/move.h:70:5:constexpr _Tp&& std::forward(typename remove_reference<_Functor>::type&) [with _Tp = G2SEvent::IsReady]	16	static
C:\ST\STM32CubeIDE_1.15.1\STM32CubeIDE\plugins\com.st.stm32cube.ide.mcu.externaltools.gnu-tools-for-stm32.13.3.rel1.win32_1.0.0.202411081344\tools\bin/../lib/gcc/arm-none-eabi/13.3.1/../../../../arm-none-eabi/include/c++/13.3.1/variant:1471:2:) [with unsigned int _Np = 0; _Args = {G2SEvent::IsReady}; _Tp = G2SEvent::IsReady; <template-parameter-2-4> = void; _Types = {G2SEvent::IsReady, G2SEvent::Quit}]	40	static
C:\ST\STM32CubeIDE_1.15.1\STM32CubeIDE\plugins\com.st.stm32cube.ide.mcu.externaltools.gnu-tools-for-stm32.13.3.rel1.win32_1.0.0.202411081344\tools\bin/../lib/gcc/arm-none-eabi/13.3.1/../../../../arm-none-eabi/include/c++/13.3.1/bits/move.h:70:5:constexpr _Tp&& std::forward(typename remove_reference<_Functor>::type&) [with _Tp = G2SEvent::Quit]	16	static
C:\ST\STM32CubeIDE_1.15.1\STM32CubeIDE\plugins\com.st.stm32cube.ide.mcu.externaltools.gnu-tools-for-stm32.13.3.rel1.win32_1.0.0.202411081344\tools\bin/../lib/gcc/arm-none-eabi/13.3.1/../../../../arm-none-eabi/include/c++/13.3.1/variant:1471:2:) [with unsigned int _Np = 1; _Args = {G2SEvent::Quit}; _Tp = G2SEvent::Quit; <template-parameter-2-4> = void; _Types = {G2SEvent::IsReady, G2SEvent::Quit}]	40	static
C:\ST\STM32CubeIDE_1.15.1\STM32CubeIDE\plugins\com.st.stm32cube.ide.mcu.externaltools.gnu-tools-for-stm32.13.3.rel1.win32_1.0.0.202411081344\tools\arm-none-eabi\include\c++\13.3.1\bits\shared_ptr_base.h:1507:2:std::__shared_ptr<_Tp, _Lp>::__shared_ptr(const std::__shared_ptr<_Yp, _Lp>&, element_type*) [with _Yp = void; _Tp = IGUIModel; __gnu_cxx::_Lock_policy _Lp = __gnu_cxx::_S_single]	24	static
C:\ST\STM32CubeIDE_1.15.1\STM32CubeIDE\plugins\com.st.stm32cube.ide.mcu.externaltools.gnu-tools-for-stm32.13.3.rel1.win32_1.0.0.202411081344\tools\arm-none-eabi\include\c++\13.3.1\bits\shared_ptr_base.h:1665:7:std::__shared_ptr<_Tp, _Lp>::element_type* std::__shared_ptr<_Tp, _Lp>::get() const [with _Tp = IGUIModel; __gnu_cxx::_Lock_policy _Lp = __gnu_cxx::_S_single]	16	static
C:\ST\STM32CubeIDE_1.15.1\STM32CubeIDE\plugins\com.st.stm32cube.ide.mcu.externaltools.gnu-tools-for-stm32.13.3.rel1.win32_1.0.0.202411081344\tools\bin/../lib/gcc/arm-none-eabi/13.3.1/../../../../arm-none-eabi/include/c++/13.3.1/variant:610:20:) [with unsigned int _Np = 0; _Args = {G2SEvent::IsReady}][inherited from std::__detail::__variant::_Variant_storage<true, G2SEvent::IsReady, G2SEvent::Quit>]	32	static
C:\ST\STM32CubeIDE_1.15.1\STM32CubeIDE\plugins\com.st.stm32cube.ide.mcu.externaltools.gnu-tools-for-stm32.13.3.rel1.win32_1.0.0.202411081344\tools\bin/../lib/gcc/arm-none-eabi/13.3.1/../../../../arm-none-eabi/include/c++/13.3.1/variant:648:20:) [with unsigned int _Np = 0; _Args = {G2SEvent::IsReady}][inherited from std::__detail::__variant::_Variant_storage<true, G2SEvent::IsReady, G2SEvent::Quit>]	32	static
C:\ST\STM32CubeIDE_1.15.1\STM32CubeIDE\plugins\com.st.stm32cube.ide.mcu.externaltools.gnu-tools-for-stm32.13.3.rel1.win32_1.0.0.202411081344\tools\bin/../lib/gcc/arm-none-eabi/13.3.1/../../../../arm-none-eabi/include/c++/13.3.1/variant:700:20:) [with unsigned int _Np = 0; _Args = {G2SEvent::IsReady}][inherited from std::__detail::__variant::_Variant_storage<true, G2SEvent::IsReady, G2SEvent::Quit>]	32	static
C:\ST\STM32CubeIDE_1.15.1\STM32CubeIDE\plugins\com.st.stm32cube.ide.mcu.externaltools.gnu-tools-for-stm32.13.3.rel1.win32_1.0.0.202411081344\tools\bin/../lib/gcc/arm-none-eabi/13.3.1/../../../../arm-none-eabi/include/c++/13.3.1/variant:754:20:) [with unsigned int _Np = 0; _Args = {G2SEvent::IsReady}][inherited from std::__detail::__variant::_Variant_storage<true, G2SEvent::IsReady, G2SEvent::Quit>]	32	static
C:\ST\STM32CubeIDE_1.15.1\STM32CubeIDE\plugins\com.st.stm32cube.ide.mcu.externaltools.gnu-tools-for-stm32.13.3.rel1.win32_1.0.0.202411081344\tools\bin/../lib/gcc/arm-none-eabi/13.3.1/../../../../arm-none-eabi/include/c++/13.3.1/variant:772:2:) [with unsigned int _Np = 0; _Args = {G2SEvent::IsReady}; _Types = {G2SEvent::IsReady, G2SEvent::Quit}]	32	static
C:\ST\STM32CubeIDE_1.15.1\STM32CubeIDE\plugins\com.st.stm32cube.ide.mcu.externaltools.gnu-tools-for-stm32.13.3.rel1.win32_1.0.0.202411081344\tools\arm-none-eabi\include\c++\13.3.1\bits\enable_special_members.h:67:5:constexpr std::_Enable_default_constructor<_Switch, _Tag>::_Enable_default_constructor(std::_Enable_default_constructor_tag) [with bool _Switch = true; _Tag = std::variant<G2SEvent::IsReady, G2SEvent::Quit>]	16	static
C:\ST\STM32CubeIDE_1.15.1\STM32CubeIDE\plugins\com.st.stm32cube.ide.mcu.externaltools.gnu-tools-for-stm32.13.3.rel1.win32_1.0.0.202411081344\tools\bin/../lib/gcc/arm-none-eabi/13.3.1/../../../../arm-none-eabi/include/c++/13.3.1/variant:610:20:) [with unsigned int _Np = 1; _Args = {G2SEvent::Quit}][inherited from std::__detail::__variant::_Variant_storage<true, G2SEvent::IsReady, G2SEvent::Quit>]	32	static
C:\ST\STM32CubeIDE_1.15.1\STM32CubeIDE\plugins\com.st.stm32cube.ide.mcu.externaltools.gnu-tools-for-stm32.13.3.rel1.win32_1.0.0.202411081344\tools\bin/../lib/gcc/arm-none-eabi/13.3.1/../../../../arm-none-eabi/include/c++/13.3.1/variant:648:20:) [with unsigned int _Np = 1; _Args = {G2SEvent::Quit}][inherited from std::__detail::__variant::_Variant_storage<true, G2SEvent::IsReady, G2SEvent::Quit>]	32	static
C:\ST\STM32CubeIDE_1.15.1\STM32CubeIDE\plugins\com.st.stm32cube.ide.mcu.externaltools.gnu-tools-for-stm32.13.3.rel1.win32_1.0.0.202411081344\tools\bin/../lib/gcc/arm-none-eabi/13.3.1/../../../../arm-none-eabi/include/c++/13.3.1/variant:700:20:) [with unsigned int _Np = 1; _Args = {G2SEvent::Quit}][inherited from std::__detail::__variant::_Variant_storage<true, G2SEvent::IsReady, G2SEvent::Quit>]	32	static
C:\ST\STM32CubeIDE_1.15.1\STM32CubeIDE\plugins\com.st.stm32cube.ide.mcu.externaltools.gnu-tools-for-stm32.13.3.rel1.win32_1.0.0.202411081344\tools\bin/../lib/gcc/arm-none-eabi/13.3.1/../../../../arm-none-eabi/include/c++/13.3.1/variant:754:20:) [with unsigned int _Np = 1; _Args = {G2SEvent::Quit}][inherited from std::__detail::__variant::_Variant_storage<true, G2SEvent::IsReady, G2SEvent::Quit>]	32	static
C:\ST\STM32CubeIDE_1.15.1\STM32CubeIDE\plugins\com.st.stm32cube.ide.mcu.externaltools.gnu-tools-for-stm32.13.3.rel1.win32_1.0.0.202411081344\tools\bin/../lib/gcc/arm-none-eabi/13.3.1/../../../../arm-none-eabi/include/c++/13.3.1/variant:772:2:) [with unsigned int _Np = 1; _Args = {G2SEvent::Quit}; _Types = {G2SEvent::IsReady, G2SEvent::Quit}]	32	static
C:\ST\STM32CubeIDE_1.15.1\STM32CubeIDE\plugins\com.st.stm32cube.ide.mcu.externaltools.gnu-tools-for-stm32.13.3.rel1.win32_1.0.0.202411081344\tools\arm-none-eabi\include\c++\13.3.1\bits\shared_ptr_base.h:1074:7:std::__shared_count<_Lp>::__shared_count(const std::__shared_count<_Lp>&) [with __gnu_cxx::_Lock_policy _Lp = __gnu_cxx::_S_single]	16	static
C:\ST\STM32CubeIDE_1.15.1\STM32CubeIDE\plugins\com.st.stm32cube.ide.mcu.externaltools.gnu-tools-for-stm32.13.3.rel1.win32_1.0.0.202411081344\tools\bin/../lib/gcc/arm-none-eabi/13.3.1/../../../../arm-none-eabi/include/c++/13.3.1/variant:531:2:) [with unsigned int _Np = 0; _Args = {G2SEvent::IsReady}; _Types = {G2SEvent::IsReady, G2SEvent::Quit}]	32	static
C:\ST\STM32CubeIDE_1.15.1\STM32CubeIDE\plugins\com.st.stm32cube.ide.mcu.externaltools.gnu-tools-for-stm32.13.3.rel1.win32_1.0.0.202411081344\tools\bin/../lib/gcc/arm-none-eabi/13.3.1/../../../../arm-none-eabi/include/c++/13.3.1/variant:531:2:) [with unsigned int _Np = 1; _Args = {G2SEvent::Quit}; _Types = {G2SEvent::IsReady, G2SEvent::Quit}]	32	static
C:\ST\STM32CubeIDE_1.15.1\STM32CubeIDE\plugins\com.st.stm32cube.ide.mcu.externaltools.gnu-tools-for-stm32.13.3.rel1.win32_1.0.0.202411081344\tools\bin/../lib/gcc/arm-none-eabi/13.3.1/../../../../arm-none-eabi/include/c++/13.3.1/variant:410:2:) [with _Args = {G2SEvent::IsReady}; _First = G2SEvent::IsReady; _Rest = {G2SEvent::Quit}]	32	static
C:\ST\STM32CubeIDE_1.15.1\STM32CubeIDE\plugins\com.st.stm32cube.ide.mcu.externaltools.gnu-tools-for-stm32.13.3.rel1.win32_1.0.0.202411081344\tools\bin/../lib/gcc/arm-none-eabi/13.3.1/../../../../arm-none-eabi/include/c++/13.3.1/variant:416:2:) [with unsigned int _Np = 1; _Args = {G2SEvent::Quit}; _First = G2SEvent::IsReady; _Rest = {G2SEvent::Quit}]	32	static
C:\ST\STM32CubeIDE_1.15.1\STM32CubeIDE\plugins\com.st.stm32cube.ide.mcu.externaltools.gnu-tools-for-stm32.13.3.rel1.win32_1.0.0.202411081344\tools\bin/../lib/gcc/arm-none-eabi/13.3.1/../../../../arm-none-eabi/include/c++/13.3.1/variant:223:2:) [with _Args = {G2SEvent::IsReady}; _Type = G2SEvent::IsReady]	24	static
C:\ST\STM32CubeIDE_1.15.1\STM32CubeIDE\plugins\com.st.stm32cube.ide.mcu.externaltools.gnu-tools-for-stm32.13.3.rel1.win32_1.0.0.202411081344\tools\bin/../lib/gcc/arm-none-eabi/13.3.1/../../../../arm-none-eabi/include/c++/13.3.1/variant:410:2:) [with _Args = {G2SEvent::Quit}; _First = G2SEvent::Quit; _Rest = {}]	32	static
C:\ST\STM32CubeIDE_1.15.1\STM32CubeIDE\plugins\com.st.stm32cube.ide.mcu.externaltools.gnu-tools-for-stm32.13.3.rel1.win32_1.0.0.202411081344\tools\bin/../lib/gcc/arm-none-eabi/13.3.1/../../../../arm-none-eabi/include/c++/13.3.1/variant:223:2:) [with _Args = {G2SEvent::Quit}; _Type = G2SEvent::Quit]	24	static
../Core/Src/main.cpp:176:1:void __static_initialization_and_destruction_0()	8	static
../Core/Src/main.cpp:176:1:void __static_initialization_and_destruction_1()	8	static
../Core/Src/main.cpp:176:1:cpp)	8	static
../Core/Src/main.cpp:176:1:cpp)	8	static
