../../../../../../SDK/Libs/Header/SDK/SensorLayer/SensorDriverConnection.hpp:41:17:SDK::Sensor::DriverConnection::~DriverConnection()	0	static
../../../../../../SDK/Libs/Header/SDK/SensorLayer/SensorDriverConnection.hpp:41:17:virtual SDK::Sensor::DriverConnection::~DriverConnection()	8	static
../../../../../../SDK/Libs/Header/SDK/Kernel/KernelProviderService.hpp:43:35:static SDK::KernelProviderService& SDK::KernelProviderService::GetInstance()	16	static,ignoring_inline_asm
G:/temp/0/Una/una-watch-develop/SDK/Libs/Source/SensorLayer/SensorDriverConnection.cpp:18:1:SDK::Sensor::DriverConnection::DriverConnection()	0	static
G:/temp/0/Una/una-watch-develop/SDK/Libs/Source/SensorLayer/SensorDriverConnection.cpp:41:1:SDK::Sensor::DriverConnection::DriverConnection(SDK::Sensor::Type, SDK::Interface::ISensorDataListener*, float, uint32_t)	32	static
G:/temp/0/Una/una-watch-develop/SDK/Libs/Source/SensorLayer/SensorDriverConnection.cpp:65:1:SDK::Sensor::DriverConnection::DriverConnection(SDK::Interface::ISensorDriver*, SDK::Interface::ISensorDataListener*, float, uint32_t)	16	static
G:/temp/0/Una/una-watch-develop/SDK/Libs/Source/SensorLayer/SensorDriverConnection.cpp:91:1:SDK::Sensor::DriverConnection::DriverConnection(SDK::Interface::ISensorDriver*, SDK::Interface::ISensorDataListener*, SDK::Interface::IApp*, float, uint32_t)	16	static
G:/temp/0/Una/una-watch-develop/SDK/Libs/Source/SensorLayer/SensorDriverConnection.cpp:108:6:bool SDK::Sensor::DriverConnection::isValid()	0	static
G:/temp/0/Una/una-watch-develop/SDK/Libs/Source/SensorLayer/SensorDriverConnection.cpp:121:6:bool SDK::Sensor::DriverConnection::connect()	16	static
G:/temp/0/Una/una-watch-develop/SDK/Libs/Source/SensorLayer/SensorDriverConnection.cpp:145:6:bool SDK::Sensor::DriverConnection::connect(float, uint32_t)	24	static
G:/temp/0/Una/una-watch-develop/SDK/Libs/Source/SensorLayer/SensorDriverConnection.cpp:179:6:bool SDK::Sensor::DriverConnection::isConnected()	0	static
G:/temp/0/Una/una-watch-develop/SDK/Libs/Source/SensorLayer/SensorDriverConnection.cpp:161:6:bool SDK::Sensor::DriverConnection::connect(SDK::Interface::ISensorDriver*, SDK::Interface::ISensorDataListener*, float, uint32_t)	32	static
G:/temp/0/Una/una-watch-develop/SDK/Libs/Source/SensorLayer/SensorDriverConnection.cpp:190:6:void SDK::Sensor::DriverConnection::disconnect()	8	static
G:/temp/0/Una/una-watch-develop/SDK/Libs/Source/SensorLayer/SensorDriverConnection.cpp:217:6:bool SDK::Sensor::DriverConnection::matchesDriver(const SDK::Interface::ISensorDriver*)	16	static
