../../TouchGFX-GUI/touchgfx/framework/include/touchgfx/hal/Types.hpp:127:5:touchgfx::Rect::Rect()	16	static
../../TouchGFX-GUI/touchgfx/framework/include/touchgfx/TypedText.hpp:171:17:static void touchgfx::TypedText::registerTexts(const touchgfx::Texts*)	16	static
../../TouchGFX-GUI/touchgfx/framework/include/touchgfx/FontManager.hpp:43:13:touchgfx::FontProvider::~FontProvider()	16	static
../../TouchGFX-GUI/touchgfx/framework/include/touchgfx/FontManager.hpp:43:13:virtual touchgfx::FontProvider::~FontProvider()	16	static
../../TouchGFX-GUI/touchgfx/framework/include/mvp/MVPHeap.hpp:48:5:touchgfx::MVPHeap::MVPHeap(touchgfx::AbstractPartition&, touchgfx::AbstractPartition&, touchgfx::AbstractPartition&, touchgfx::MVPApplication&)	24	static
../../TouchGFX-GUI/touchgfx/framework/include/mvp/MVPHeap.hpp:60:13:touchgfx::MVPHeap::~MVPHeap()	16	static
../../TouchGFX-GUI/touchgfx/framework/include/mvp/MVPHeap.hpp:60:13:virtual touchgfx::MVPHeap::~MVPHeap()	16	static
../../TouchGFX-GUI/touchgfx/framework/include/touchgfx/UIEventListener.hpp:44:18:virtual void touchgfx::UIEventListener::handleClickEvent(const touchgfx::ClickEvent&)	16	static
../../TouchGFX-GUI/touchgfx/framework/include/touchgfx/UIEventListener.hpp:54:18:virtual void touchgfx::UIEventListener::handleDragEvent(const touchgfx::DragEvent&)	16	static
../../TouchGFX-GUI/touchgfx/framework/include/touchgfx/UIEventListener.hpp:64:18:virtual void touchgfx::UIEventListener::handleGestureEvent(const touchgfx::GestureEvent&)	16	static
../../TouchGFX-GUI/touchgfx/framework/include/touchgfx/UIEventListener.hpp:74:18:virtual void touchgfx::UIEventListener::handleKeyEvent(uint8_t)	16	static
../../TouchGFX-GUI/touchgfx/framework/include/touchgfx/UIEventListener.hpp:83:18:virtual void touchgfx::UIEventListener::handleTickEvent()	16	static
../../TouchGFX-GUI/touchgfx/framework/include/touchgfx/UIEventListener.hpp:88:18:virtual void touchgfx::UIEventListener::handlePendingScreenTransition()	16	static
../../TouchGFX-GUI/touchgfx/framework/include/touchgfx/UIEventListener.hpp:93:13:touchgfx::UIEventListener::~UIEventListener()	16	static
../../TouchGFX-GUI/touchgfx/framework/include/touchgfx/UIEventListener.hpp:93:13:virtual touchgfx::UIEventListener::~UIEventListener()	16	static
../../TouchGFX-GUI/touchgfx/framework/include/touchgfx/lcd/LCD.hpp:64:13:touchgfx::LCD::~LCD()	16	static
../../TouchGFX-GUI/touchgfx/framework/include/touchgfx/lcd/LCD.hpp:64:13:virtual touchgfx::LCD::~LCD()	16	static
../../TouchGFX-GUI/touchgfx/framework/include/touchgfx/Application.hpp:72:18:virtual void touchgfx::Application::changeToStartScreen()	16	static
../../TouchGFX-GUI/touchgfx/framework/include/touchgfx/Application.hpp:91:18:virtual void touchgfx::Application::appSwitchScreen(uint8_t)	16	static
../../TouchGFX-GUI/touchgfx/framework/include/touchgfx/Application.hpp:104:18:virtual void touchgfx::Application::requestRedraw(touchgfx::Rect&)	16	static
../../TouchGFX-GUI/touchgfx/framework/include/touchgfx/Callback.hpp:179:13:touchgfx::GenericCallback<void>::~GenericCallback()	16	static
../../TouchGFX-GUI/touchgfx/framework/include/touchgfx/Callback.hpp:179:13:virtual touchgfx::GenericCallback<void>::~GenericCallback()	16	static
../../TouchGFX-GUI/touchgfx/framework/include/platform/driver/touch/TouchController.hpp:30:13:touchgfx::TouchController::~TouchController()	16	static
../../TouchGFX-GUI/touchgfx/framework/include/platform/driver/touch/TouchController.hpp:30:13:virtual touchgfx::TouchController::~TouchController()	16	static
../../TouchGFX-GUI/touchgfx/framework/include/touchgfx/hal/DMA.hpp:61:13:touchgfx::DMA_Queue::~DMA_Queue()	16	static
../../TouchGFX-GUI/touchgfx/framework/include/touchgfx/hal/DMA.hpp:61:13:virtual touchgfx::DMA_Queue::~DMA_Queue()	16	static
../../TouchGFX-GUI/touchgfx/framework/include/touchgfx/hal/DMA.hpp:240:13:touchgfx::DMA_Interface::~DMA_Interface()	16	static
../../TouchGFX-GUI/touchgfx/framework/include/touchgfx/hal/DMA.hpp:240:13:virtual touchgfx::DMA_Interface::~DMA_Interface()	16	static
../../TouchGFX-GUI/touchgfx/framework/include/touchgfx/hal/Gestures.hpp:36:9:touchgfx::Gestures::DragState::DragState()	16	static
../../TouchGFX-GUI/touchgfx/framework/include/touchgfx/hal/Gestures.hpp:60:5:touchgfx::Gestures::Gestures()	16	static
../../TouchGFX-GUI/touchgfx/framework/include/touchgfx/hal/HAL.hpp:55:5:touchgfx::HAL::HAL(touchgfx::DMA_Interface&, touchgfx::LCD&, touchgfx::TouchController&, uint16_t, uint16_t)	32	static
../../TouchGFX-GUI/touchgfx/framework/include/touchgfx/hal/HAL.hpp:106:13:touchgfx::HAL::~HAL()	16	static
../../TouchGFX-GUI/touchgfx/framework/include/touchgfx/hal/HAL.hpp:106:13:virtual touchgfx::HAL::~HAL()	16	static
../../TouchGFX-GUI/touchgfx/framework/include/touchgfx/Application.hpp:41:7:touchgfx::Application::~Application()	16	static
../../TouchGFX-GUI/touchgfx/framework/include/touchgfx/Application.hpp:41:7:virtual touchgfx::Application::~Application()	16	static
../../TouchGFX-GUI/touchgfx/framework/include/mvp/MVPApplication.hpp:59:18:virtual void touchgfx::MVPApplication::handlePendingScreenTransition()	16	static
../../TouchGFX-GUI/touchgfx/framework/include/mvp/MVPApplication.hpp:73:10:void touchgfx::MVPApplication::evaluatePendingScreenTransition()	16	static
../../../../../../../SDK/Libs/Header/Interfaces/IUserApp.hpp:44:22:virtual void Interface::IUserApp::Callback::onCreate()	16	static
../../../../../../../SDK/Libs/Header/Interfaces/IUserApp.hpp:50:22:virtual void Interface::IUserApp::Callback::onStart()	16	static
../../../../../../../SDK/Libs/Header/Interfaces/IUserApp.hpp:57:22:virtual void Interface::IUserApp::Callback::onResume()	16	static
../../../../../../../SDK/Libs/Header/Interfaces/IUserApp.hpp:62:22:virtual void Interface::IUserApp::Callback::onFrame()	16	static
../../../../../../../SDK/Libs/Header/Interfaces/IUserApp.hpp:69:22:virtual void Interface::IUserApp::Callback::onPause()	16	static
../../../../../../../SDK/Libs/Header/Interfaces/IUserApp.hpp:75:22:virtual void Interface::IUserApp::Callback::onStop()	16	static
../../../../../../../SDK/Libs/Header/Interfaces/IUserApp.hpp:80:22:virtual void Interface::IUserApp::Callback::onDestroy()	16	static
C:\ST\STM32CubeIDE_1.15.1\STM32CubeIDE\plugins\com.st.stm32cube.ide.mcu.externaltools.gnu-tools-for-stm32.13.3.rel1.win32_1.0.0.202411081344\tools\arm-none-eabi\include\c++\13.3.1\arm-none-eabi\thumb\v8-m.main+fp\hard\bits\gthr-default.h:229:1:int __gthread_key_delete(__gthread_key_t)	16	static
C:\ST\STM32CubeIDE_1.15.1\STM32CubeIDE\plugins\com.st.stm32cube.ide.mcu.externaltools.gnu-tools-for-stm32.13.3.rel1.win32_1.0.0.202411081344\tools\arm-none-eabi\include\c++\13.3.1\bits\shared_ptr_base.h:293:5:void std::_Sp_counted_base<_Lp>::_M_release() [with __gnu_cxx::_Lock_policy _Lp = __gnu_cxx::_S_single]	16	static
../../TouchGFX-GUI/touchgfx/framework/include/mvp/MVPApplication.hpp:43:7:touchgfx::MVPApplication::~MVPApplication()	16	static
../../TouchGFX-GUI/touchgfx/framework/include/mvp/MVPApplication.hpp:43:7:virtual touchgfx::MVPApplication::~MVPApplication()	16	static
../../TouchGFX-GUI/touchgfx/framework/include/touchgfx/Callback.hpp:424:8:touchgfx::Callback<FrontendApplicationBase>::~Callback()	16	static
../../TouchGFX-GUI/touchgfx/framework/include/touchgfx/Callback.hpp:424:8:virtual touchgfx::Callback<FrontendApplicationBase>::~Callback()	16	static
../../TouchGFX-GUI/generated/gui_generated/include/gui_generated/common/FrontendApplicationBase.hpp:16:13:FrontendApplicationBase::~FrontendApplicationBase()	16	static
../../TouchGFX-GUI/generated/gui_generated/include/gui_generated/common/FrontendApplicationBase.hpp:16:13:virtual FrontendApplicationBase::~FrontendApplicationBase()	16	static
../../TouchGFX-GUI/generated/gui_generated/include/gui_generated/common/FrontendApplicationBase.hpp:18:18:virtual void FrontendApplicationBase::changeToStartScreen()	16	static
../../TouchGFX-GUI/gui/include/gui/common/FrontendApplication.hpp:18:13:FrontendApplication::~FrontendApplication()	16	static
../../TouchGFX-GUI/gui/include/gui/common/FrontendApplication.hpp:18:13:virtual FrontendApplication::~FrontendApplication()	16	static
../../TouchGFX-GUI/gui/include/gui/common/FrontendApplication.hpp:20:18:virtual void FrontendApplication::handleTickEvent()	16	static
../../TouchGFX-GUI/gui/include/gui/common/FrontendApplication.hpp:31:10:virtual void FrontendApplication::handleKeyEvent(uint8_t)	16	static
../../TouchGFX-GUI/generated/gui_generated/include/gui_generated/common/FrontendHeapBase.hpp:74:18:virtual void FrontendHeapBase::gotoStartScreen(FrontendApplication&)	16	static
../../TouchGFX-GUI/generated/gui_generated/include/gui_generated/common/FrontendHeapBase.hpp:79:5:FrontendHeapBase::FrontendHeapBase(touchgfx::AbstractPartition&, touchgfx::AbstractPartition&, touchgfx::AbstractPartition&, FrontendApplication&)	40	static
../../TouchGFX-GUI/generated/gui_generated/include/gui_generated/common/FrontendHeapBase.hpp:32:7:FrontendHeapBase::~FrontendHeapBase()	16	static
../../TouchGFX-GUI/generated/gui_generated/include/gui_generated/common/FrontendHeapBase.hpp:32:7:virtual FrontendHeapBase::~FrontendHeapBase()	16	static
../../TouchGFX-GUI/touchgfx/framework/include/common/Partition.hpp:42:7:touchgfx::Partition<touchgfx::meta::TypeList<CounterPresenter, touchgfx::meta::TypeList<touchgfx::meta::Nil, touchgfx::meta::Nil> >, 1>::~Partition()	16	static
../../TouchGFX-GUI/touchgfx/framework/include/common/Partition.hpp:42:7:virtual touchgfx::Partition<touchgfx::meta::TypeList<CounterPresenter, touchgfx::meta::TypeList<touchgfx::meta::Nil, touchgfx::meta::Nil> >, 1>::~Partition()	16	static
../../TouchGFX-GUI/touchgfx/framework/include/common/Partition.hpp:42:7:touchgfx::Partition<touchgfx::meta::TypeList<CounterView, touchgfx::meta::TypeList<touchgfx::meta::Nil, touchgfx::meta::Nil> >, 1>::~Partition()	16	static
../../TouchGFX-GUI/touchgfx/framework/include/common/Partition.hpp:42:7:virtual touchgfx::Partition<touchgfx::meta::TypeList<CounterView, touchgfx::meta::TypeList<touchgfx::meta::Nil, touchgfx::meta::Nil> >, 1>::~Partition()	16	static
../../TouchGFX-GUI/touchgfx/framework/include/common/Partition.hpp:42:7:touchgfx::Partition<touchgfx::meta::TypeList<touchgfx::NoTransition, touchgfx::meta::TypeList<touchgfx::meta::Nil, touchgfx::meta::Nil> >, 1>::~Partition()	16	static
../../TouchGFX-GUI/touchgfx/framework/include/common/Partition.hpp:42:7:virtual touchgfx::Partition<touchgfx::meta::TypeList<touchgfx::NoTransition, touchgfx::meta::TypeList<touchgfx::meta::Nil, touchgfx::meta::Nil> >, 1>::~Partition()	16	static
../../../../../../../SDK/Libs/Header/Interfaces/IUserApp.hpp:86:17:Interface::IUserApp::Callback::~Callback()	16	static
../../../../../../../SDK/Libs/Header/Interfaces/IUserApp.hpp:86:17:virtual Interface::IUserApp::Callback::~Callback()	16	static
../../../../../Common/Libs/Header/Interfaces/IModel.hpp:53:13:IGUIModelHandler::~IGUIModelHandler()	16	static
../../../../../Common/Libs/Header/Interfaces/IModel.hpp:53:13:virtual IGUIModelHandler::~IGUIModelHandler()	16	static
C:\ST\STM32CubeIDE_1.15.1\STM32CubeIDE\plugins\com.st.stm32cube.ide.mcu.externaltools.gnu-tools-for-stm32.13.3.rel1.win32_1.0.0.202411081344\tools\arm-none-eabi\include\c++\13.3.1\bits\shared_ptr_base.h:1524:7:std::__shared_ptr<_Tp, _Lp>::~__shared_ptr() [with _Tp = IGUIModel; __gnu_cxx::_Lock_policy _Lp = __gnu_cxx::_S_single]	16	static
C:\ST\STM32CubeIDE_1.15.1\STM32CubeIDE\plugins\com.st.stm32cube.ide.mcu.externaltools.gnu-tools-for-stm32.13.3.rel1.win32_1.0.0.202411081344\tools\bin/../lib/gcc/arm-none-eabi/13.3.1/../../../../arm-none-eabi/include/c++/13.3.1/bits/shared_ptr.h:175:11:std::shared_ptr<IGUIModel>::~shared_ptr()	16	static
../../TouchGFX-GUI/gui/include/gui/model/Model.hpp:14:7:Model::~Model()	16	static
../../TouchGFX-GUI/gui/include/gui/model/Model.hpp:14:7:virtual Model::~Model()	16	static
../../TouchGFX-GUI/gui/include/gui/common/FrontendHeap.hpp:6:7:FrontendHeap::~FrontendHeap()	16	static
../../TouchGFX-GUI/gui/include/gui/common/FrontendHeap.hpp:6:7:virtual FrontendHeap::~FrontendHeap()	16	static
../../TouchGFX-GUI/gui/include/gui/common/FrontendHeap.hpp:56:29:void __tcf_0()	8	static
../../TouchGFX-GUI/gui/include/gui/common/FrontendHeap.hpp:54:26:static FrontendHeap& FrontendHeap::getInstance()	16	static,ignoring_inline_asm
../../TouchGFX-GUI/touchgfx/framework/include/common/Partition.hpp:42:7:touchgfx::Partition<touchgfx::meta::TypeList<CounterPresenter, touchgfx::meta::TypeList<touchgfx::meta::Nil, touchgfx::meta::Nil> >, 1>::Partition()	24	static
../../TouchGFX-GUI/touchgfx/framework/include/common/Partition.hpp:42:7:touchgfx::Partition<touchgfx::meta::TypeList<CounterView, touchgfx::meta::TypeList<touchgfx::meta::Nil, touchgfx::meta::Nil> >, 1>::Partition()	24	static
../../TouchGFX-GUI/touchgfx/framework/include/common/Partition.hpp:42:7:touchgfx::Partition<touchgfx::meta::TypeList<touchgfx::NoTransition, touchgfx::meta::TypeList<touchgfx::meta::Nil, touchgfx::meta::Nil> >, 1>::Partition()	24	static
../../TouchGFX-GUI/gui/include/gui/common/FrontendHeap.hpp:67:5:FrontendHeap::FrontendHeap()	32	static
../../../../../../../SDK/Port/TouchGFX/generated/TouchGFXGeneratedHAL.hpp:46:5:TouchGFXGeneratedHAL::TouchGFXGeneratedHAL(touchgfx::DMA_Interface&, touchgfx::LCD&, touchgfx::TouchController&, uint16_t, uint16_t)	40	static
../../../../../../../SDK/Port/TouchGFX/generated/TouchGFXGeneratedHAL.hpp:30:7:TouchGFXGeneratedHAL::~TouchGFXGeneratedHAL()	16	static
../../../../../../../SDK/Port/TouchGFX/generated/TouchGFXGeneratedHAL.hpp:30:7:virtual TouchGFXGeneratedHAL::~TouchGFXGeneratedHAL()	16	static
../../../../../../../SDK/Port/TouchGFX/TouchGFXHAL.hpp:52:5:TouchGFXHAL::TouchGFXHAL(touchgfx::DMA_Interface&, touchgfx::LCD&, touchgfx::TouchController&, uint16_t, uint16_t)	40	static
../../TouchGFX-GUI/touchgfx/framework/include/platform/driver/touch/TouchController.hpp:26:7:constexpr touchgfx::TouchController::TouchController()	16	static
../../../../../../../SDK/Port/TouchGFX/STM32TouchController.hpp:42:5:STM32TouchController::STM32TouchController()	24	static
C:/DT/Solutions/Una/una-watch/SDK/Port/TouchGFX/generated/TouchGFXConfiguration.cpp:39:6:void touchgfx_init()	32	static
C:/DT/Solutions/Una/una-watch/SDK/Port/TouchGFX/generated/TouchGFXConfiguration.cpp:59:6:void touchgfx_components_init()	4	static
C:/DT/Solutions/Una/una-watch/SDK/Port/TouchGFX/generated/TouchGFXConfiguration.cpp:63:6:void touchgfx_taskEntry()	8	static
C:\ST\STM32CubeIDE_1.15.1\STM32CubeIDE\plugins\com.st.stm32cube.ide.mcu.externaltools.gnu-tools-for-stm32.13.3.rel1.win32_1.0.0.202411081344\tools\arm-none-eabi\include\c++\13.3.1\bits\shared_ptr_base.h:1068:7:std::__shared_count<_Lp>::~__shared_count() [with __gnu_cxx::_Lock_policy _Lp = __gnu_cxx::_S_single]	16	static
C:/DT/Solutions/Una/una-watch/SDK/Port/TouchGFX/generated/TouchGFXConfiguration.cpp:72:1:void __static_initialization_and_destruction_0()	16	static
../../../../../../../SDK/Port/TouchGFX/TouchGFXHAL.hpp:36:7:TouchGFXHAL::~TouchGFXHAL()	16	static
../../../../../../../SDK/Port/TouchGFX/TouchGFXHAL.hpp:36:7:virtual TouchGFXHAL::~TouchGFXHAL()	16	static
../../TouchGFX-GUI/generated/fonts/include/fonts/ApplicationFontProvider.hpp:57:7:ApplicationFontProvider::~ApplicationFontProvider()	16	static
../../TouchGFX-GUI/generated/fonts/include/fonts/ApplicationFontProvider.hpp:57:7:virtual ApplicationFontProvider::~ApplicationFontProvider()	16	static
../../TouchGFX-GUI/touchgfx/framework/include/platform/driver/lcd/LCD8bpp_ABGR2222.hpp:37:7:touchgfx::LCD8bpp_ABGR2222::~LCD8bpp_ABGR2222()	16	static
../../TouchGFX-GUI/touchgfx/framework/include/platform/driver/lcd/LCD8bpp_ABGR2222.hpp:37:7:virtual touchgfx::LCD8bpp_ABGR2222::~LCD8bpp_ABGR2222()	16	static
../../TouchGFX-GUI/touchgfx/framework/include/touchgfx/hal/DMA.hpp:87:7:touchgfx::LockFreeDMA_Queue::~LockFreeDMA_Queue()	16	static
../../TouchGFX-GUI/touchgfx/framework/include/touchgfx/hal/DMA.hpp:87:7:virtual touchgfx::LockFreeDMA_Queue::~LockFreeDMA_Queue()	16	static
../../../../../../../SDK/Port/TouchGFX/generated/STM32DMA.hpp:31:7:STM32DMA::~STM32DMA()	16	static
../../../../../../../SDK/Port/TouchGFX/generated/STM32DMA.hpp:31:7:virtual STM32DMA::~STM32DMA()	16	static
../../../../../../../SDK/Port/TouchGFX/STM32TouchController.hpp:38:7:STM32TouchController::~STM32TouchController()	16	static
../../../../../../../SDK/Port/TouchGFX/STM32TouchController.hpp:38:7:virtual STM32TouchController::~STM32TouchController()	16	static
C:/DT/Solutions/Una/una-watch/SDK/Port/TouchGFX/generated/TouchGFXConfiguration.cpp:72:1:void __static_initialization_and_destruction_1()	8	static
../../TouchGFX-GUI/touchgfx/framework/include/common/Partition.hpp:58:22:uint16_t touchgfx::Partition<ListOfTypes, NUMBER_OF_ELEMENTS>::capacity() const [with ListOfTypes = touchgfx::meta::TypeList<touchgfx::NoTransition, touchgfx::meta::TypeList<touchgfx::meta::Nil, touchgfx::meta::Nil> >; short unsigned int NUMBER_OF_ELEMENTS = 1]	16	static
../../TouchGFX-GUI/touchgfx/framework/include/common/Partition.hpp:63:22:uint32_t touchgfx::Partition<ListOfTypes, NUMBER_OF_ELEMENTS>::element_size() [with ListOfTypes = touchgfx::meta::TypeList<touchgfx::NoTransition, touchgfx::meta::TypeList<touchgfx::meta::Nil, touchgfx::meta::Nil> >; short unsigned int NUMBER_OF_ELEMENTS = 1]	16	static
../../TouchGFX-GUI/touchgfx/framework/include/common/Partition.hpp:69:19:void* touchgfx::Partition<ListOfTypes, NUMBER_OF_ELEMENTS>::element(uint16_t) [with ListOfTypes = touchgfx::meta::TypeList<touchgfx::NoTransition, touchgfx::meta::TypeList<touchgfx::meta::Nil, touchgfx::meta::Nil> >; short unsigned int NUMBER_OF_ELEMENTS = 1]	16	static
../../TouchGFX-GUI/touchgfx/framework/include/common/Partition.hpp:74:25:const void* touchgfx::Partition<ListOfTypes, NUMBER_OF_ELEMENTS>::element(uint16_t) const [with ListOfTypes = touchgfx::meta::TypeList<touchgfx::NoTransition, touchgfx::meta::TypeList<touchgfx::meta::Nil, touchgfx::meta::Nil> >; short unsigned int NUMBER_OF_ELEMENTS = 1]	16	static
../../TouchGFX-GUI/touchgfx/framework/include/common/Partition.hpp:58:22:uint16_t touchgfx::Partition<ListOfTypes, NUMBER_OF_ELEMENTS>::capacity() const [with ListOfTypes = touchgfx::meta::TypeList<CounterView, touchgfx::meta::TypeList<touchgfx::meta::Nil, touchgfx::meta::Nil> >; short unsigned int NUMBER_OF_ELEMENTS = 1]	16	static
../../TouchGFX-GUI/touchgfx/framework/include/common/Partition.hpp:63:22:uint32_t touchgfx::Partition<ListOfTypes, NUMBER_OF_ELEMENTS>::element_size() [with ListOfTypes = touchgfx::meta::TypeList<CounterView, touchgfx::meta::TypeList<touchgfx::meta::Nil, touchgfx::meta::Nil> >; short unsigned int NUMBER_OF_ELEMENTS = 1]	16	static
../../TouchGFX-GUI/touchgfx/framework/include/common/Partition.hpp:69:19:void* touchgfx::Partition<ListOfTypes, NUMBER_OF_ELEMENTS>::element(uint16_t) [with ListOfTypes = touchgfx::meta::TypeList<CounterView, touchgfx::meta::TypeList<touchgfx::meta::Nil, touchgfx::meta::Nil> >; short unsigned int NUMBER_OF_ELEMENTS = 1]	16	static
../../TouchGFX-GUI/touchgfx/framework/include/common/Partition.hpp:74:25:const void* touchgfx::Partition<ListOfTypes, NUMBER_OF_ELEMENTS>::element(uint16_t) const [with ListOfTypes = touchgfx::meta::TypeList<CounterView, touchgfx::meta::TypeList<touchgfx::meta::Nil, touchgfx::meta::Nil> >; short unsigned int NUMBER_OF_ELEMENTS = 1]	16	static
../../TouchGFX-GUI/touchgfx/framework/include/common/Partition.hpp:58:22:uint16_t touchgfx::Partition<ListOfTypes, NUMBER_OF_ELEMENTS>::capacity() const [with ListOfTypes = touchgfx::meta::TypeList<CounterPresenter, touchgfx::meta::TypeList<touchgfx::meta::Nil, touchgfx::meta::Nil> >; short unsigned int NUMBER_OF_ELEMENTS = 1]	16	static
../../TouchGFX-GUI/touchgfx/framework/include/common/Partition.hpp:63:22:uint32_t touchgfx::Partition<ListOfTypes, NUMBER_OF_ELEMENTS>::element_size() [with ListOfTypes = touchgfx::meta::TypeList<CounterPresenter, touchgfx::meta::TypeList<touchgfx::meta::Nil, touchgfx::meta::Nil> >; short unsigned int NUMBER_OF_ELEMENTS = 1]	16	static
../../TouchGFX-GUI/touchgfx/framework/include/common/Partition.hpp:69:19:void* touchgfx::Partition<ListOfTypes, NUMBER_OF_ELEMENTS>::element(uint16_t) [with ListOfTypes = touchgfx::meta::TypeList<CounterPresenter, touchgfx::meta::TypeList<touchgfx::meta::Nil, touchgfx::meta::Nil> >; short unsigned int NUMBER_OF_ELEMENTS = 1]	16	static
../../TouchGFX-GUI/touchgfx/framework/include/common/Partition.hpp:74:25:const void* touchgfx::Partition<ListOfTypes, NUMBER_OF_ELEMENTS>::element(uint16_t) const [with ListOfTypes = touchgfx::meta::TypeList<CounterPresenter, touchgfx::meta::TypeList<touchgfx::meta::Nil, touchgfx::meta::Nil> >; short unsigned int NUMBER_OF_ELEMENTS = 1]	16	static
../../TouchGFX-GUI/touchgfx/framework/include/touchgfx/Callback.hpp:449:18:void touchgfx::Callback<dest_type, void, void, void>::execute() [with dest_type = FrontendApplicationBase]	16	static
../../TouchGFX-GUI/touchgfx/framework/include/touchgfx/Callback.hpp:459:18:bool touchgfx::Callback<dest_type, void, void, void>::isValid() const [with dest_type = FrontendApplicationBase]	16	static
C:/DT/Solutions/Una/una-watch/SDK/Port/TouchGFX/generated/TouchGFXConfiguration.cpp:72:1:cpp)	8	static
C:/DT/Solutions/Una/una-watch/SDK/Port/TouchGFX/generated/TouchGFXConfiguration.cpp:72:1:cpp)	8	static
