C:\ST\STM32CubeIDE_1.15.1\STM32CubeIDE\plugins\com.st.stm32cube.ide.mcu.externaltools.gnu-tools-for-stm32.13.3.rel1.win32_1.0.0.202411081344\tools\bin/../lib/gcc/arm-none-eabi/13.3.1/../../../../arm-none-eabi/include/c++/13.3.1/new:174:33:void* operator new(std::size_t, void*)	16	static
C:\ST\STM32CubeIDE_1.15.1\STM32CubeIDE\plugins\com.st.stm32cube.ide.mcu.externaltools.gnu-tools-for-stm32.13.3.rel1.win32_1.0.0.202411081344\tools\arm-none-eabi\include\c++\13.3.1\arm-none-eabi\thumb\v8-m.main+fp\hard\bits\gthr-default.h:229:1:int __gthread_key_delete(__gthread_key_t)	16	static
C:\ST\STM32CubeIDE_1.15.1\STM32CubeIDE\plugins\com.st.stm32cube.ide.mcu.externaltools.gnu-tools-for-stm32.13.3.rel1.win32_1.0.0.202411081344\tools\arm-none-eabi\include\c++\13.3.1\bits\shared_ptr_base.h:288:5:void std::_Sp_counted_base<_Lp>::_M_add_ref_copy() [with __gnu_cxx::_Lock_policy _Lp = __gnu_cxx::_S_single]	16	static
C:\ST\STM32CubeIDE_1.15.1\STM32CubeIDE\plugins\com.st.stm32cube.ide.mcu.externaltools.gnu-tools-for-stm32.13.3.rel1.win32_1.0.0.202411081344\tools\arm-none-eabi\include\c++\13.3.1\bits\shared_ptr_base.h:293:5:void std::_Sp_counted_base<_Lp>::_M_release() [with __gnu_cxx::_Lock_policy _Lp = __gnu_cxx::_S_single]	16	static
C:\ST\STM32CubeIDE_1.15.1\STM32CubeIDE\plugins\com.st.stm32cube.ide.mcu.externaltools.gnu-tools-for-stm32.13.3.rel1.win32_1.0.0.202411081344\tools\arm-none-eabi\include\c++\13.3.1\bits\shared_ptr_base.h:564:5:static const std::type_info& std::_Sp_make_shared_tag::_S_ti()	4	static
C:\ST\STM32CubeIDE_1.15.1\STM32CubeIDE\plugins\com.st.stm32cube.ide.mcu.externaltools.gnu-tools-for-stm32.13.3.rel1.win32_1.0.0.202411081344\tools\arm-none-eabi\include\c++\13.3.1\bits\shared_ptr_base.h:1524:7:std::__shared_ptr<_Tp, _Lp>::~__shared_ptr() [with _Tp = void; __gnu_cxx::_Lock_policy _Lp = __gnu_cxx::_S_single]	16	static
C:\ST\STM32CubeIDE_1.15.1\STM32CubeIDE\plugins\com.st.stm32cube.ide.mcu.externaltools.gnu-tools-for-stm32.13.3.rel1.win32_1.0.0.202411081344\tools\bin/../lib/gcc/arm-none-eabi/13.3.1/../../../../arm-none-eabi/include/c++/13.3.1/bits/shared_ptr.h:175:11:std::shared_ptr<void>::~shared_ptr()	16	static
../Core/Src/main.cpp:25:5:Test::Test()	16	static
../Core/Src/main.cpp:30:5:Test::~Test()	16	static
C:\ST\STM32CubeIDE_1.15.1\STM32CubeIDE\plugins\com.st.stm32cube.ide.mcu.externaltools.gnu-tools-for-stm32.13.3.rel1.win32_1.0.0.202411081344\tools\arm-none-eabi\include\c++\13.3.1\bits\shared_ptr_base.h:1524:7:std::__shared_ptr<_Tp, _Lp>::~__shared_ptr() [with _Tp = Model; __gnu_cxx::_Lock_policy _Lp = __gnu_cxx::_S_single]	16	static
C:\ST\STM32CubeIDE_1.15.1\STM32CubeIDE\plugins\com.st.stm32cube.ide.mcu.externaltools.gnu-tools-for-stm32.13.3.rel1.win32_1.0.0.202411081344\tools\bin/../lib/gcc/arm-none-eabi/13.3.1/../../../../arm-none-eabi/include/c++/13.3.1/bits/shared_ptr.h:175:11:std::shared_ptr<Model>::~shared_ptr()	16	static
../../../../../Common/Header/Interfaces/IModel.hpp:34:7:constexpr IServiceModelHandler::IServiceModelHandler()	16	static
../../../../../Common/Header/Interfaces/IModel.hpp:36:13:IServiceModelHandler::~IServiceModelHandler()	16	static
../../../../../Common/Header/Interfaces/IModel.hpp:36:13:virtual IServiceModelHandler::~IServiceModelHandler()	16	static
../Core/Src/main.cpp:77:5:Handler::Handler(const IKernel&)	24	static
../Core/Src/main.cpp:82:29:std::shared_ptr<Model>& Handler::getModel()	16	static
../Core/Src/main.cpp:87:10:virtual void Handler::handleEvent(const G2SEvent::IsReady&)	72	static
../Core/Src/main.cpp:104:10:virtual void Handler::handleEvent(const G2SEvent::Quit&)	16	static
../Core/Src/main.cpp:80:13:Handler::~Handler()	16	static
../Core/Src/main.cpp:80:13:virtual Handler::~Handler()	16	static
C:\ST\STM32CubeIDE_1.15.1\STM32CubeIDE\plugins\com.st.stm32cube.ide.mcu.externaltools.gnu-tools-for-stm32.13.3.rel1.win32_1.0.0.202411081344\tools\arm-none-eabi\include\c++\13.3.1\bits\shared_ptr_base.h:1522:7:std::__shared_ptr<_Tp, _Lp>::__shared_ptr(const std::__shared_ptr<_Tp, _Lp>&) [with _Tp = Model; __gnu_cxx::_Lock_policy _Lp = __gnu_cxx::_S_single]	16	static
C:\ST\STM32CubeIDE_1.15.1\STM32CubeIDE\plugins\com.st.stm32cube.ide.mcu.externaltools.gnu-tools-for-stm32.13.3.rel1.win32_1.0.0.202411081344\tools\bin/../lib/gcc/arm-none-eabi/13.3.1/../../../../arm-none-eabi/include/c++/13.3.1/bits/shared_ptr.h:204:7:std::shared_ptr<_Tp>::shared_ptr(const std::shared_ptr<_Tp>&) [with _Tp = Model]	16	static
../Core/Src/main.cpp:117:5:int app()	56	static
../Core/Src/main.cpp:187:5:int main()	8	static
C:\ST\STM32CubeIDE_1.15.1\STM32CubeIDE\plugins\com.st.stm32cube.ide.mcu.externaltools.gnu-tools-for-stm32.13.3.rel1.win32_1.0.0.202411081344\tools\arm-none-eabi\include\c++\13.3.1\bits\shared_ptr_base.h:143:7:void std::_Sp_counted_base<_Lp>::_M_destroy() [with __gnu_cxx::_Lock_policy _Lp = __gnu_cxx::_S_single]	16	static
C:\ST\STM32CubeIDE_1.15.1\STM32CubeIDE\plugins\com.st.stm32cube.ide.mcu.externaltools.gnu-tools-for-stm32.13.3.rel1.win32_1.0.0.202411081344\tools\arm-none-eabi\include\c++\13.3.1\bits\shared_ptr_base.h:1068:7:std::__shared_count<_Lp>::~__shared_count() [with __gnu_cxx::_Lock_policy _Lp = __gnu_cxx::_S_single]	16	static
C:\ST\STM32CubeIDE_1.15.1\STM32CubeIDE\plugins\com.st.stm32cube.ide.mcu.externaltools.gnu-tools-for-stm32.13.3.rel1.win32_1.0.0.202411081344\tools\bin/../lib/gcc/arm-none-eabi/13.3.1/../../../../arm-none-eabi/include/c++/13.3.1/bits/shared_ptr.h:1005:5:) [with _Tp = Model; _Args = {const IKernel&, Handler&}]	40	static
C:\ST\STM32CubeIDE_1.15.1\STM32CubeIDE\plugins\com.st.stm32cube.ide.mcu.externaltools.gnu-tools-for-stm32.13.3.rel1.win32_1.0.0.202411081344\tools\arm-none-eabi\include\c++\13.3.1\bits\shared_ptr_base.h:1354:7:std::__shared_ptr_access<_Tp, _Lp, <anonymous>, <anonymous> >::element_type* std::__shared_ptr_access<_Tp, _Lp, <anonymous>, <anonymous> >::operator->() const [with _Tp = Model; __gnu_cxx::_Lock_policy _Lp = __gnu_cxx::_S_single; bool <anonymous> = false; bool <anonymous> = false]	16	static
C:\ST\STM32CubeIDE_1.15.1\STM32CubeIDE\plugins\com.st.stm32cube.ide.mcu.externaltools.gnu-tools-for-stm32.13.3.rel1.win32_1.0.0.202411081344\tools\bin/../lib/gcc/arm-none-eabi/13.3.1/../../../../arm-none-eabi/include/c++/13.3.1/variant:1441:2:constexpr std::variant<_Types>::variant(_Tp&&) [with _Tp = S2GEvent::DailyHealth&; <template-parameter-2-2> = void; <template-parameter-2-3> = void; _Tj = S2GEvent::DailyHealth; <template-parameter-2-5> = void; _Types = {S2GEvent::DailyHealth}]	24	static
C:\ST\STM32CubeIDE_1.15.1\STM32CubeIDE\plugins\com.st.stm32cube.ide.mcu.externaltools.gnu-tools-for-stm32.13.3.rel1.win32_1.0.0.202411081344\tools\arm-none-eabi\include\c++\13.3.1\bits\shared_ptr_base.h:1074:7:std::__shared_count<_Lp>::__shared_count(const std::__shared_count<_Lp>&) [with __gnu_cxx::_Lock_policy _Lp = __gnu_cxx::_S_single]	16	static
C:\ST\STM32CubeIDE_1.15.1\STM32CubeIDE\plugins\com.st.stm32cube.ide.mcu.externaltools.gnu-tools-for-stm32.13.3.rel1.win32_1.0.0.202411081344\tools\bin/../lib/gcc/arm-none-eabi/13.3.1/../../../../arm-none-eabi/include/c++/13.3.1/bits/shared_ptr.h:351:2:std::shared_ptr<_Tp>::shared_ptr(const std::shared_ptr<_Yp>&) [with _Yp = Model; <template-parameter-2-2> = void; _Tp = void]	16	static
C:\ST\STM32CubeIDE_1.15.1\STM32CubeIDE\plugins\com.st.stm32cube.ide.mcu.externaltools.gnu-tools-for-stm32.13.3.rel1.win32_1.0.0.202411081344\tools\arm-none-eabi\include\c++\13.3.1\bits\shared_ptr_base.h:133:7:std::_Sp_counted_base<_Lp>::~_Sp_counted_base() [with __gnu_cxx::_Lock_policy _Lp = __gnu_cxx::_S_single]	16	static
C:\ST\STM32CubeIDE_1.15.1\STM32CubeIDE\plugins\com.st.stm32cube.ide.mcu.externaltools.gnu-tools-for-stm32.13.3.rel1.win32_1.0.0.202411081344\tools\arm-none-eabi\include\c++\13.3.1\bits\shared_ptr_base.h:133:7:std::_Sp_counted_base<_Lp>::~_Sp_counted_base() [with __gnu_cxx::_Lock_policy _Lp = __gnu_cxx::_S_single]	16	static
C:\ST\STM32CubeIDE_1.15.1\STM32CubeIDE\plugins\com.st.stm32cube.ide.mcu.externaltools.gnu-tools-for-stm32.13.3.rel1.win32_1.0.0.202411081344\tools\bin/../lib/gcc/arm-none-eabi/13.3.1/../../../../arm-none-eabi/include/c++/13.3.1/bits/move.h:70:5:constexpr _Tp&& std::forward(typename remove_reference<_Functor>::type&) [with _Tp = const IKernel&]	16	static
C:\ST\STM32CubeIDE_1.15.1\STM32CubeIDE\plugins\com.st.stm32cube.ide.mcu.externaltools.gnu-tools-for-stm32.13.3.rel1.win32_1.0.0.202411081344\tools\bin/../lib/gcc/arm-none-eabi/13.3.1/../../../../arm-none-eabi/include/c++/13.3.1/bits/move.h:70:5:constexpr _Tp&& std::forward(typename remove_reference<_Functor>::type&) [with _Tp = Handler&]	16	static
C:\ST\STM32CubeIDE_1.15.1\STM32CubeIDE\plugins\com.st.stm32cube.ide.mcu.externaltools.gnu-tools-for-stm32.13.3.rel1.win32_1.0.0.202411081344\tools\bin/../lib/gcc/arm-none-eabi/13.3.1/../../../../arm-none-eabi/include/c++/13.3.1/bits/shared_ptr.h:463:2:) [with _Alloc = std::allocator<void>; _Args = {const IKernel&, Handler&}; _Tp = Model]	32	static
C:\ST\STM32CubeIDE_1.15.1\STM32CubeIDE\plugins\com.st.stm32cube.ide.mcu.externaltools.gnu-tools-for-stm32.13.3.rel1.win32_1.0.0.202411081344\tools\arm-none-eabi\include\c++\13.3.1\bits\shared_ptr_base.h:1362:7:std::__shared_ptr_access<_Tp, _Lp, <anonymous>, <anonymous> >::element_type* std::__shared_ptr_access<_Tp, _Lp, <anonymous>, <anonymous> >::_M_get() const [with _Tp = Model; __gnu_cxx::_Lock_policy _Lp = __gnu_cxx::_S_single; bool <anonymous> = false; bool <anonymous> = false]	16	static
C:\ST\STM32CubeIDE_1.15.1\STM32CubeIDE\plugins\com.st.stm32cube.ide.mcu.externaltools.gnu-tools-for-stm32.13.3.rel1.win32_1.0.0.202411081344\tools\bin/../lib/gcc/arm-none-eabi/13.3.1/../../../../arm-none-eabi/include/c++/13.3.1/bits/move.h:70:5:constexpr _Tp&& std::forward(typename remove_reference<_Functor>::type&) [with _Tp = S2GEvent::DailyHealth&]	16	static
C:\ST\STM32CubeIDE_1.15.1\STM32CubeIDE\plugins\com.st.stm32cube.ide.mcu.externaltools.gnu-tools-for-stm32.13.3.rel1.win32_1.0.0.202411081344\tools\bin/../lib/gcc/arm-none-eabi/13.3.1/../../../../arm-none-eabi/include/c++/13.3.1/variant:1471:2:) [with unsigned int _Np = 0; _Args = {S2GEvent::DailyHealth&}; _Tp = S2GEvent::DailyHealth; <template-parameter-2-4> = void; _Types = {S2GEvent::DailyHealth}]	40	static
C:\ST\STM32CubeIDE_1.15.1\STM32CubeIDE\plugins\com.st.stm32cube.ide.mcu.externaltools.gnu-tools-for-stm32.13.3.rel1.win32_1.0.0.202411081344\tools\arm-none-eabi\include\c++\13.3.1\bits\shared_ptr_base.h:1527:2:std::__shared_ptr<_Tp, _Lp>::__shared_ptr(const std::__shared_ptr<_Yp, _Lp>&) [with _Yp = Model; <template-parameter-2-2> = void; _Tp = void; __gnu_cxx::_Lock_policy _Lp = __gnu_cxx::_S_single]	16	static
C:\ST\STM32CubeIDE_1.15.1\STM32CubeIDE\plugins\com.st.stm32cube.ide.mcu.externaltools.gnu-tools-for-stm32.13.3.rel1.win32_1.0.0.202411081344\tools\arm-none-eabi\include\c++\13.3.1\bits\shared_ptr_base.h:1711:2:) [with _Alloc = std::allocator<void>; _Args = {const IKernel&, Handler&}; _Tp = Model; __gnu_cxx::_Lock_policy _Lp = __gnu_cxx::_S_single]	48	static
C:\ST\STM32CubeIDE_1.15.1\STM32CubeIDE\plugins\com.st.stm32cube.ide.mcu.externaltools.gnu-tools-for-stm32.13.3.rel1.win32_1.0.0.202411081344\tools\arm-none-eabi\include\c++\13.3.1\bits\shared_ptr_base.h:1665:7:std::__shared_ptr<_Tp, _Lp>::element_type* std::__shared_ptr<_Tp, _Lp>::get() const [with _Tp = Model; __gnu_cxx::_Lock_policy _Lp = __gnu_cxx::_S_single]	16	static
C:\ST\STM32CubeIDE_1.15.1\STM32CubeIDE\plugins\com.st.stm32cube.ide.mcu.externaltools.gnu-tools-for-stm32.13.3.rel1.win32_1.0.0.202411081344\tools\bin/../lib/gcc/arm-none-eabi/13.3.1/../../../../arm-none-eabi/include/c++/13.3.1/variant:610:20:) [with unsigned int _Np = 0; _Args = {S2GEvent::DailyHealth&}][inherited from std::__detail::__variant::_Variant_storage<true, S2GEvent::DailyHealth>]	32	static
C:\ST\STM32CubeIDE_1.15.1\STM32CubeIDE\plugins\com.st.stm32cube.ide.mcu.externaltools.gnu-tools-for-stm32.13.3.rel1.win32_1.0.0.202411081344\tools\bin/../lib/gcc/arm-none-eabi/13.3.1/../../../../arm-none-eabi/include/c++/13.3.1/variant:648:20:) [with unsigned int _Np = 0; _Args = {S2GEvent::DailyHealth&}][inherited from std::__detail::__variant::_Variant_storage<true, S2GEvent::DailyHealth>]	32	static
C:\ST\STM32CubeIDE_1.15.1\STM32CubeIDE\plugins\com.st.stm32cube.ide.mcu.externaltools.gnu-tools-for-stm32.13.3.rel1.win32_1.0.0.202411081344\tools\bin/../lib/gcc/arm-none-eabi/13.3.1/../../../../arm-none-eabi/include/c++/13.3.1/variant:700:20:) [with unsigned int _Np = 0; _Args = {S2GEvent::DailyHealth&}][inherited from std::__detail::__variant::_Variant_storage<true, S2GEvent::DailyHealth>]	32	static
C:\ST\STM32CubeIDE_1.15.1\STM32CubeIDE\plugins\com.st.stm32cube.ide.mcu.externaltools.gnu-tools-for-stm32.13.3.rel1.win32_1.0.0.202411081344\tools\bin/../lib/gcc/arm-none-eabi/13.3.1/../../../../arm-none-eabi/include/c++/13.3.1/variant:754:20:) [with unsigned int _Np = 0; _Args = {S2GEvent::DailyHealth&}][inherited from std::__detail::__variant::_Variant_storage<true, S2GEvent::DailyHealth>]	32	static
C:\ST\STM32CubeIDE_1.15.1\STM32CubeIDE\plugins\com.st.stm32cube.ide.mcu.externaltools.gnu-tools-for-stm32.13.3.rel1.win32_1.0.0.202411081344\tools\bin/../lib/gcc/arm-none-eabi/13.3.1/../../../../arm-none-eabi/include/c++/13.3.1/variant:772:2:) [with unsigned int _Np = 0; _Args = {S2GEvent::DailyHealth&}; _Types = {S2GEvent::DailyHealth}]	32	static
C:\ST\STM32CubeIDE_1.15.1\STM32CubeIDE\plugins\com.st.stm32cube.ide.mcu.externaltools.gnu-tools-for-stm32.13.3.rel1.win32_1.0.0.202411081344\tools\arm-none-eabi\include\c++\13.3.1\bits\enable_special_members.h:67:5:constexpr std::_Enable_default_constructor<_Switch, _Tag>::_Enable_default_constructor(std::_Enable_default_constructor_tag) [with bool _Switch = true; _Tag = std::variant<S2GEvent::DailyHealth>]	16	static
C:\ST\STM32CubeIDE_1.15.1\STM32CubeIDE\plugins\com.st.stm32cube.ide.mcu.externaltools.gnu-tools-for-stm32.13.3.rel1.win32_1.0.0.202411081344\tools\arm-none-eabi\include\c++\13.3.1\bits\shared_ptr_base.h:964:2:) [with _Tp = Model; _Alloc = std::allocator<void>; _Args = {const IKernel&, Handler&}; __gnu_cxx::_Lock_policy _Lp = __gnu_cxx::_S_single]	72	static
C:\ST\STM32CubeIDE_1.15.1\STM32CubeIDE\plugins\com.st.stm32cube.ide.mcu.externaltools.gnu-tools-for-stm32.13.3.rel1.win32_1.0.0.202411081344\tools\arm-none-eabi\include\c++\13.3.1\bits\shared_ptr_base.h:1765:2:typename std::enable_if<(! std::__shared_ptr<_Tp, _Lp>::__has_esft_base<_Yp2>::value)>::type std::__shared_ptr<_Tp, _Lp>::_M_enable_shared_from_this_with(_Yp*) [with _Yp = Model; _Yp2 = Model; _Tp = Model; __gnu_cxx::_Lock_policy _Lp = __gnu_cxx::_S_single]	16	static
C:\ST\STM32CubeIDE_1.15.1\STM32CubeIDE\plugins\com.st.stm32cube.ide.mcu.externaltools.gnu-tools-for-stm32.13.3.rel1.win32_1.0.0.202411081344\tools\bin/../lib/gcc/arm-none-eabi/13.3.1/../../../../arm-none-eabi/include/c++/13.3.1/variant:531:2:) [with unsigned int _Np = 0; _Args = {S2GEvent::DailyHealth&}; _Types = {S2GEvent::DailyHealth}]	32	static
C:\ST\STM32CubeIDE_1.15.1\STM32CubeIDE\plugins\com.st.stm32cube.ide.mcu.externaltools.gnu-tools-for-stm32.13.3.rel1.win32_1.0.0.202411081344\tools\arm-none-eabi\include\c++\13.3.1\bits\allocated_ptr.h:96:5:std::__allocated_ptr<_Alloc> std::__allocate_guarded(_Alloc&) [with _Alloc = allocator<_Sp_counted_ptr_inplace<Model, allocator<void>, __gnu_cxx::_S_single> >]	24	static
C:\ST\STM32CubeIDE_1.15.1\STM32CubeIDE\plugins\com.st.stm32cube.ide.mcu.externaltools.gnu-tools-for-stm32.13.3.rel1.win32_1.0.0.202411081344\tools\arm-none-eabi\include\c++\13.3.1\bits\allocated_ptr.h:71:7:std::__allocated_ptr<_Alloc>::~__allocated_ptr() [with _Alloc = std::allocator<std::_Sp_counted_ptr_inplace<Model, std::allocator<void>, __gnu_cxx::_S_single> >]	32	static
C:\ST\STM32CubeIDE_1.15.1\STM32CubeIDE\plugins\com.st.stm32cube.ide.mcu.externaltools.gnu-tools-for-stm32.13.3.rel1.win32_1.0.0.202411081344\tools\arm-none-eabi\include\c++\13.3.1\bits\allocated_ptr.h:86:19:std::__allocated_ptr<_Alloc>::value_type* std::__allocated_ptr<_Alloc>::get() [with _Alloc = std::allocator<std::_Sp_counted_ptr_inplace<Model, std::allocator<void>, __gnu_cxx::_S_single> >]	16	static
C:\ST\STM32CubeIDE_1.15.1\STM32CubeIDE\plugins\com.st.stm32cube.ide.mcu.externaltools.gnu-tools-for-stm32.13.3.rel1.win32_1.0.0.202411081344\tools\arm-none-eabi\include\c++\13.3.1\bits\shared_ptr_base.h:599:2:) [with _Args = {const IKernel&, Handler&}; _Tp = Model; _Alloc = std::allocator<void>; __gnu_cxx::_Lock_policy _Lp = __gnu_cxx::_S_single]	48	static
C:\ST\STM32CubeIDE_1.15.1\STM32CubeIDE\plugins\com.st.stm32cube.ide.mcu.externaltools.gnu-tools-for-stm32.13.3.rel1.win32_1.0.0.202411081344\tools\arm-none-eabi\include\c++\13.3.1\bits\allocated_ptr.h:79:7:std::__allocated_ptr<_Alloc>& std::__allocated_ptr<_Alloc>::operator=(std::nullptr_t) [with _Alloc = std::allocator<std::_Sp_counted_ptr_inplace<Model, std::allocator<void>, __gnu_cxx::_S_single> >]	16	static
C:\ST\STM32CubeIDE_1.15.1\STM32CubeIDE\plugins\com.st.stm32cube.ide.mcu.externaltools.gnu-tools-for-stm32.13.3.rel1.win32_1.0.0.202411081344\tools\arm-none-eabi\include\c++\13.3.1\bits\shared_ptr_base.h:650:12:_Tp* std::_Sp_counted_ptr_inplace<_Tp, _Alloc, _Lp>::_M_ptr() [with _Tp = Model; _Alloc = std::allocator<void>; __gnu_cxx::_Lock_policy _Lp = __gnu_cxx::_S_single]	16	static
C:\ST\STM32CubeIDE_1.15.1\STM32CubeIDE\plugins\com.st.stm32cube.ide.mcu.externaltools.gnu-tools-for-stm32.13.3.rel1.win32_1.0.0.202411081344\tools\bin/../lib/gcc/arm-none-eabi/13.3.1/../../../../arm-none-eabi/include/c++/13.3.1/variant:410:2:) [with _Args = {S2GEvent::DailyHealth&}; _First = S2GEvent::DailyHealth; _Rest = {}]	32	static
C:\ST\STM32CubeIDE_1.15.1\STM32CubeIDE\plugins\com.st.stm32cube.ide.mcu.externaltools.gnu-tools-for-stm32.13.3.rel1.win32_1.0.0.202411081344\tools\arm-none-eabi\include\c++\13.3.1\bits\new_allocator.h:104:7:std::__new_allocator<_Tp>::~__new_allocator() [with _Tp = std::_Sp_counted_ptr_inplace<Model, std::allocator<void>, __gnu_cxx::_S_single>]	16	static
C:\ST\STM32CubeIDE_1.15.1\STM32CubeIDE\plugins\com.st.stm32cube.ide.mcu.externaltools.gnu-tools-for-stm32.13.3.rel1.win32_1.0.0.202411081344\tools\arm-none-eabi\include\c++\13.3.1\bits\allocated_ptr.h:53:7:std::__allocated_ptr<_Alloc>::__allocated_ptr(_Alloc&, pointer) [with _Alloc = std::allocator<std::_Sp_counted_ptr_inplace<Model, std::allocator<void>, __gnu_cxx::_S_single> >]	24	static
C:\ST\STM32CubeIDE_1.15.1\STM32CubeIDE\plugins\com.st.stm32cube.ide.mcu.externaltools.gnu-tools-for-stm32.13.3.rel1.win32_1.0.0.202411081344\tools\bin/../lib/gcc/arm-none-eabi/13.3.1/../../../../arm-none-eabi/include/c++/13.3.1/bits/ptr_traits.h:212:5:constexpr _Tp* std::__to_address(_Tp*) [with _Tp = _Sp_counted_ptr_inplace<Model, allocator<void>, __gnu_cxx::_S_single>]	16	static
C:\ST\STM32CubeIDE_1.15.1\STM32CubeIDE\plugins\com.st.stm32cube.ide.mcu.externaltools.gnu-tools-for-stm32.13.3.rel1.win32_1.0.0.202411081344\tools\arm-none-eabi\include\c++\13.3.1\bits\shared_ptr_base.h:129:7:std::_Sp_counted_base<_Lp>::_Sp_counted_base() [with __gnu_cxx::_Lock_policy _Lp = __gnu_cxx::_S_single]	16	static
C:\ST\STM32CubeIDE_1.15.1\STM32CubeIDE\plugins\com.st.stm32cube.ide.mcu.externaltools.gnu-tools-for-stm32.13.3.rel1.win32_1.0.0.202411081344\tools\arm-none-eabi\include\c++\13.3.1\bits\shared_ptr_base.h:587:11:std::_Sp_counted_ptr_inplace<_Tp, _Alloc, _Lp>::_Impl::_Impl(_Alloc) [with _Tp = Model; _Alloc = std::allocator<void>; __gnu_cxx::_Lock_policy _Lp = __gnu_cxx::_S_single]	16	static
C:\ST\STM32CubeIDE_1.15.1\STM32CubeIDE\plugins\com.st.stm32cube.ide.mcu.externaltools.gnu-tools-for-stm32.13.3.rel1.win32_1.0.0.202411081344\tools\arm-none-eabi\include\c++\13.3.1\ext\aligned_buffer.h:116:7:_Tp* __gnu_cxx::__aligned_buffer<_Tp>::_M_ptr() [with _Tp = Model]	16	static
C:\ST\STM32CubeIDE_1.15.1\STM32CubeIDE\plugins\com.st.stm32cube.ide.mcu.externaltools.gnu-tools-for-stm32.13.3.rel1.win32_1.0.0.202411081344\tools\bin/../lib/gcc/arm-none-eabi/13.3.1/../../../../arm-none-eabi/include/c++/13.3.1/variant:223:2:) [with _Args = {S2GEvent::DailyHealth&}; _Type = S2GEvent::DailyHealth]	32	static
C:\ST\STM32CubeIDE_1.15.1\STM32CubeIDE\plugins\com.st.stm32cube.ide.mcu.externaltools.gnu-tools-for-stm32.13.3.rel1.win32_1.0.0.202411081344\tools\arm-none-eabi\include\c++\13.3.1\bits\new_allocator.h:126:7:_Tp* std::__new_allocator<_Tp>::allocate(size_type, const void*) [with _Tp = std::_Sp_counted_ptr_inplace<Model, std::allocator<void>, __gnu_cxx::_S_single>]	32	static
C:\ST\STM32CubeIDE_1.15.1\STM32CubeIDE\plugins\com.st.stm32cube.ide.mcu.externaltools.gnu-tools-for-stm32.13.3.rel1.win32_1.0.0.202411081344\tools\bin/../lib/gcc/arm-none-eabi/13.3.1/../../../../arm-none-eabi/include/c++/13.3.1/bits/move.h:51:5:constexpr _Tp* std::__addressof(_Tp&) [with _Tp = allocator<_Sp_counted_ptr_inplace<Model, allocator<void>, __gnu_cxx::_S_single> >]	16	static
C:\ST\STM32CubeIDE_1.15.1\STM32CubeIDE\plugins\com.st.stm32cube.ide.mcu.externaltools.gnu-tools-for-stm32.13.3.rel1.win32_1.0.0.202411081344\tools\arm-none-eabi\include\c++\13.3.1\bits\new_allocator.h:156:7:void std::__new_allocator<_Tp>::deallocate(_Tp*, size_type) [with _Tp = std::_Sp_counted_ptr_inplace<Model, std::allocator<void>, __gnu_cxx::_S_single>]	24	static
C:\ST\STM32CubeIDE_1.15.1\STM32CubeIDE\plugins\com.st.stm32cube.ide.mcu.externaltools.gnu-tools-for-stm32.13.3.rel1.win32_1.0.0.202411081344\tools\arm-none-eabi\include\c++\13.3.1\bits\shared_ptr_base.h:470:16:std::_Sp_ebo_helper<_Nm, _Tp, true>::_Sp_ebo_helper(const _Tp&) [with int _Nm = 0; _Tp = std::allocator<void>]	16	static
C:\ST\STM32CubeIDE_1.15.1\STM32CubeIDE\plugins\com.st.stm32cube.ide.mcu.externaltools.gnu-tools-for-stm32.13.3.rel1.win32_1.0.0.202411081344\tools\arm-none-eabi\include\c++\13.3.1\bits\stl_construct.h:109:5:) [with _Tp = Model; _Args = {const IKernel&, Handler&}]	32	static
C:\ST\STM32CubeIDE_1.15.1\STM32CubeIDE\plugins\com.st.stm32cube.ide.mcu.externaltools.gnu-tools-for-stm32.13.3.rel1.win32_1.0.0.202411081344\tools\arm-none-eabi\include\c++\13.3.1\ext\aligned_buffer.h:104:7:void* __gnu_cxx::__aligned_buffer<_Tp>::_M_addr() [with _Tp = Model]	16	static
../Core/Src/main.cpp:191:1:void __static_initialization_and_destruction_0()	8	static
../Core/Src/main.cpp:191:1:void __static_initialization_and_destruction_1()	8	static
C:\ST\STM32CubeIDE_1.15.1\STM32CubeIDE\plugins\com.st.stm32cube.ide.mcu.externaltools.gnu-tools-for-stm32.13.3.rel1.win32_1.0.0.202411081344\tools\arm-none-eabi\include\c++\13.3.1\bits\shared_ptr_base.h:608:7:std::_Sp_counted_ptr_inplace<_Tp, _Alloc, _Lp>::~_Sp_counted_ptr_inplace() [with _Tp = Model; _Alloc = std::allocator<void>; __gnu_cxx::_Lock_policy _Lp = __gnu_cxx::_S_single]	16	static
C:\ST\STM32CubeIDE_1.15.1\STM32CubeIDE\plugins\com.st.stm32cube.ide.mcu.externaltools.gnu-tools-for-stm32.13.3.rel1.win32_1.0.0.202411081344\tools\arm-none-eabi\include\c++\13.3.1\bits\shared_ptr_base.h:608:7:std::_Sp_counted_ptr_inplace<_Tp, _Alloc, _Lp>::~_Sp_counted_ptr_inplace() [with _Tp = Model; _Alloc = std::allocator<void>; __gnu_cxx::_Lock_policy _Lp = __gnu_cxx::_S_single]	16	static
C:\ST\STM32CubeIDE_1.15.1\STM32CubeIDE\plugins\com.st.stm32cube.ide.mcu.externaltools.gnu-tools-for-stm32.13.3.rel1.win32_1.0.0.202411081344\tools\arm-none-eabi\include\c++\13.3.1\bits\shared_ptr_base.h:611:7:void std::_Sp_counted_ptr_inplace<_Tp, _Alloc, _Lp>::_M_dispose() [with _Tp = Model; _Alloc = std::allocator<void>; __gnu_cxx::_Lock_policy _Lp = __gnu_cxx::_S_single]	32	static
C:\ST\STM32CubeIDE_1.15.1\STM32CubeIDE\plugins\com.st.stm32cube.ide.mcu.externaltools.gnu-tools-for-stm32.13.3.rel1.win32_1.0.0.202411081344\tools\arm-none-eabi\include\c++\13.3.1\bits\shared_ptr_base.h:618:7:void std::_Sp_counted_ptr_inplace<_Tp, _Alloc, _Lp>::_M_destroy() [with _Tp = Model; _Alloc = std::allocator<void>; __gnu_cxx::_Lock_policy _Lp = __gnu_cxx::_S_single]	40	static
C:\ST\STM32CubeIDE_1.15.1\STM32CubeIDE\plugins\com.st.stm32cube.ide.mcu.externaltools.gnu-tools-for-stm32.13.3.rel1.win32_1.0.0.202411081344\tools\arm-none-eabi\include\c++\13.3.1\bits\shared_ptr_base.h:631:7:void* std::_Sp_counted_ptr_inplace<_Tp, _Alloc, _Lp>::_M_get_deleter(const std::type_info&) [with _Tp = Model; _Alloc = std::allocator<void>; __gnu_cxx::_Lock_policy _Lp = __gnu_cxx::_S_single]	24	static
C:\ST\STM32CubeIDE_1.15.1\STM32CubeIDE\plugins\com.st.stm32cube.ide.mcu.externaltools.gnu-tools-for-stm32.13.3.rel1.win32_1.0.0.202411081344\tools\arm-none-eabi\include\c++\13.3.1\bits\shared_ptr_base.h:589:10:_Alloc& std::_Sp_counted_ptr_inplace<_Tp, _Alloc, _Lp>::_Impl::_M_alloc() [with _Tp = Model; _Alloc = std::allocator<void>; __gnu_cxx::_Lock_policy _Lp = __gnu_cxx::_S_single]	16	static
C:\ST\STM32CubeIDE_1.15.1\STM32CubeIDE\plugins\com.st.stm32cube.ide.mcu.externaltools.gnu-tools-for-stm32.13.3.rel1.win32_1.0.0.202411081344\tools\arm-none-eabi\include\c++\13.3.1\bits\shared_ptr_base.h:474:7:static _Tp& std::_Sp_ebo_helper<_Nm, _Tp, true>::_S_get(std::_Sp_ebo_helper<_Nm, _Tp, true>&) [with int _Nm = 0; _Tp = std::allocator<void>]	16	static
C:\ST\STM32CubeIDE_1.15.1\STM32CubeIDE\plugins\com.st.stm32cube.ide.mcu.externaltools.gnu-tools-for-stm32.13.3.rel1.win32_1.0.0.202411081344\tools\arm-none-eabi\include\c++\13.3.1\bits\stl_construct.h:146:5:constexpr void std::_Destroy(_Tp*) [with _Tp = Model]	16	static
../Core/Src/main.cpp:191:1:cpp)	8	static
../Core/Src/main.cpp:191:1:cpp)	8	static
