C:\ST\STM32CubeIDE_1.15.1\STM32CubeIDE\plugins\com.st.stm32cube.ide.mcu.externaltools.gnu-tools-for-stm32.13.3.rel1.win32_1.0.0.202411081344\tools\arm-none-eabi\include\c++\13.3.1\arm-none-eabi\thumb\v8-m.main+fp\hard\bits\gthr-default.h:229:1:int __gthread_key_delete(__gthread_key_t)	16	static
../Core/Src/sysmem.cpp:49:10:void __una_init_array()	24	static
../Core/Src/sysmem.cpp:69:10:void __una_fini_array()	24	static
../Core/Src/sysmem.cpp:91:11:void* _sbrk(ptrdiff_t)	24	static
../Core/Src/sysmem.cpp:99:11:void* malloc(size_t)	16	static
../Core/Src/sysmem.cpp:104:10:void free(void*)	16	static
../Core/Src/sysmem.cpp:109:11:void* calloc(size_t, size_t)	24	static
../Core/Src/sysmem.cpp:118:11:void* realloc(void*, size_t)	16	static
../Core/Src/sysmem.cpp:123:11:void* _malloc_r(_reent*, size_t)	32	static
../Core/Src/sysmem.cpp:131:10:void _free_r(_reent*, void*)	24	static
../Core/Src/sysmem.cpp:140:11:void* _calloc_r(_reent*, size_t, size_t)	32	static
../Core/Src/sysmem.cpp:150:11:void* _realloc_r(_reent*, void*, size_t)	32	static
../Core/Src/sysmem.cpp:181:10:void __cxa_pure_virtual()	8	static
../Core/Src/sysmem.cpp:186:9:int __cxa_guard_acquire(uint64_t*)	16	static
../Core/Src/sysmem.cpp:191:10:void __cxa_guard_release(uint64_t*)	16	static
../Core/Src/sysmem.cpp:196:10:void __cxa_guard_abort(uint64_t*)	16	static
../Core/Src/sysmem.cpp:200:9:int __cxa_atexit(void (*)(void*), void*, void*)	24	static
../Core/Src/sysmem.cpp:205:10:void __assert_func(const char*, int, const char*, const char*)	40	static
../Core/Src/sysmem.cpp:214:10:void exitA(int)	24	static
../Core/Src/sysmem.cpp:222:10:void exit(int)	16	static
../Core/Src/sysmem.cpp:253:7:void* operator new(std::size_t)	16	static
../Core/Src/sysmem.cpp:258:6:void operator delete(void*)	16	static
../Core/Src/sysmem.cpp:263:7:void* operator new [](std::size_t)	16	static
../Core/Src/sysmem.cpp:268:6:void operator delete [](void*)	16	static
../Core/Src/sysmem.cpp:273:6:void operator delete(void*, std::size_t)	16	static
../Core/Src/sysmem.cpp:278:6:void operator delete [](void*, std::size_t)	16	static
