../../../../../../SDK/Libs/Header/SDK/Interfaces/IApp.hpp:87:22:virtual void SDK::Interface::IApp::Callback::onFrame()	0	static
../../../../../../SDK/Libs/Header/SDK/Interfaces/IApp.hpp:112:22:virtual void SDK::Interface::IApp::Callback::onStartGUI()	0	static
../../../../../../SDK/Libs/Header/SDK/Interfaces/IApp.hpp:119:22:virtual void SDK::Interface::IApp::Callback::onStopGUI()	0	static
../../../../../../SDK/Libs/Header/SDK/Glance/GlanceControlText.hpp:60:9:SDK::Glance::ControlText::~ControlText()	0	static
../../../../../../SDK/Libs/Header/SDK/Glance/GlanceControlImage.hpp:56:9:SDK::Glance::ControlImage::~ControlImage()	0	static
G:/temp/0/Una/una-watch-develop/Apps/GlanceFloors/Software/Libs/Source/Service.cpp:44:31:virtual SDK::Interface::IGlance::Info Service::glanceGetInfo()	8	static
../../../../../../SDK/Libs/Header/SDK/Glance/GlanceControlText.hpp:60:9:virtual SDK::Glance::ControlText::~ControlText()	8	static
../../../../../../SDK/Libs/Header/SDK/Glance/GlanceControlImage.hpp:56:9:virtual SDK::Glance::ControlImage::~ControlImage()	8	static
G:/temp/0/Una/una-watch-develop/Apps/GlanceFloors/Software/Libs/Source/Service.cpp:58:6:virtual void Service::glanceClose()	16	static
G:/temp/0/Una/una-watch-develop/Apps/GlanceFloors/Software/Libs/Source/Service.cpp:64:6:virtual void Service::onCreate()	16	static
G:/temp/0/Una/una-watch-develop/Apps/GlanceFloors/Software/Libs/Source/Service.cpp:69:6:virtual void Service::onStart()	16	static
G:/temp/0/Una/una-watch-develop/Apps/GlanceFloors/Software/Libs/Source/Service.cpp:74:6:virtual void Service::onResume()	16	static
G:/temp/0/Una/una-watch-develop/Apps/GlanceFloors/Software/Libs/Source/Service.cpp:79:6:virtual void Service::onStop()	16	static
G:/temp/0/Una/una-watch-develop/Apps/GlanceFloors/Software/Libs/Source/Service.cpp:85:6:virtual void Service::onPause()	16	static
G:/temp/0/Una/una-watch-develop/Apps/GlanceFloors/Software/Libs/Source/Service.cpp:90:6:virtual void Service::onDestroy()	16	static
../../../../../../SDK/Libs/Header/SDK/SensorLayer/DataParsers/SensorDataParserFloorCounter.hpp:50:18:bool SDK::SensorDataParser::FloorCounter::isDataValid() const	8	static
G:/temp/0/Una/una-watch-develop/Apps/GlanceFloors/Software/Libs/Source/Service.cpp:95:6:virtual void Service::onSdlNewData(const SDK::Interface::ISensorDriver*, const std::vector<SDK::Interface::ISensorData*>&, bool)	16	static
../../../Libs/Header/Service.hpp:22:5:Service::~Service()	8	static
../../../Libs/Header/Service.hpp:22:5:virtual Service::~Service()	8	static
../../../../../../SDK/Libs/Header/SDK/Glance/GlanceControlBase.hpp:43:26:GlanceControl_t& SDK::Glance::Control::control()	8	static
../../../../../../SDK/Libs/Header/SDK/Glance/GlanceControlBase.hpp:37:14:void SDK::Glance::Control::invalidate()	8	static
../../../../../../SDK/Libs/Header/SDK/Glance/GlanceControlText.hpp:111:22:SDK::Glance::ControlText& SDK::Glance::ControlText::setText(const char*)	16	static
../../../../../../SDK/Libs/Header/SDK/Glance/GlanceControlText.hpp:132:22:SDK::Glance::ControlText& SDK::Glance::ControlText::pos(GlancePoint_t, GlanceSize_t)	16	static
../../../../../../SDK/Libs/Header/SDK/Glance/GlanceControlText.hpp:277:22:)	28	static
G:/temp/0/Una/una-watch-develop/Apps/GlanceFloors/Software/Libs/Source/Service.cpp:53:6:virtual void Service::glanceUpdate()	8	static
G:/temp/0/Una/una-watch-develop/Apps/GlanceFloors/Software/Libs/Source/Service.cpp:32:6:void Service::run()	16	static
E:\ST\STM32CubeIDE_1.18.1\STM32CubeIDE\plugins\com.st.stm32cube.ide.mcu.externaltools.gnu-tools-for-stm32.13.3.rel1.win32_1.0.100.202509120712\tools\bin/../lib/gcc/arm-none-eabi/13.3.1/../../../../arm-none-eabi/include/c++/13.3.1/bits/vector.tcc:445:7:) [with _Args = {const GlanceControl_t&}; _Tp = GlanceControl_t; _Alloc = std::allocator<GlanceControl_t>]	40	static
../../../../../../SDK/Libs/Header/SDK/Glance/GlanceControl.hpp:193:21:std::size_t SDK::Glance::Form::append(GlanceType_t)	56	static
G:/temp/0/Una/una-watch-develop/Apps/GlanceFloors/Software/Libs/Source/Service.cpp:116:6:void Service::createGlanceGUI()	48	static
G:/temp/0/Una/una-watch-develop/Apps/GlanceFloors/Software/Libs/Source/Service.cpp:12:1:Service::Service()	32	static,ignoring_inline_asm
