C:\ST\STM32CubeIDE_1.15.1\STM32CubeIDE\plugins\com.st.stm32cube.ide.mcu.externaltools.gnu-tools-for-stm32.13.3.rel1.win32_1.0.0.202411081344\tools\arm-none-eabi\include\c++\13.3.1\arm-none-eabi\thumb\v8-m.main+fp\hard\bits\gthr-default.h:229:1:int __gthread_key_delete(__gthread_key_t)	16	static
../Core/Src/sysmem.cpp:47:10:void __una_init_array()	24	static
../Core/Src/sysmem.cpp:67:10:void __una_fini_array()	24	static
../Core/Src/sysmem.cpp:89:11:void* _sbrk(ptrdiff_t)	24	static
../Core/Src/sysmem.cpp:97:11:void* malloc(size_t)	16	static
../Core/Src/sysmem.cpp:102:10:void free(void*)	16	static
../Core/Src/sysmem.cpp:107:11:void* calloc(size_t, size_t)	24	static
../Core/Src/sysmem.cpp:116:11:void* realloc(void*, size_t)	16	static
../Core/Src/sysmem.cpp:121:11:void* _malloc_r(_reent*, size_t)	32	static
../Core/Src/sysmem.cpp:129:10:void _free_r(_reent*, void*)	24	static
../Core/Src/sysmem.cpp:138:11:void* _calloc_r(_reent*, size_t, size_t)	32	static
../Core/Src/sysmem.cpp:148:11:void* _realloc_r(_reent*, void*, size_t)	32	static
../Core/Src/sysmem.cpp:179:10:void __cxa_pure_virtual()	8	static
../Core/Src/sysmem.cpp:184:9:int __cxa_guard_acquire(uint64_t*)	16	static
../Core/Src/sysmem.cpp:189:10:void __cxa_guard_release(uint64_t*)	16	static
../Core/Src/sysmem.cpp:194:10:void __cxa_guard_abort(uint64_t*)	16	static
../Core/Src/sysmem.cpp:198:9:int __cxa_atexit(void (*)(void*), void*, void*)	24	static
../Core/Src/sysmem.cpp:203:10:void __assert_func(const char*, int, const char*, const char*)	40	static
../Core/Src/sysmem.cpp:212:10:void exitA(int)	24	static
../Core/Src/sysmem.cpp:220:10:void exit(int)	16	static
../Core/Src/sysmem.cpp:233:10:void std::__throw_bad_alloc()	8	static
../Core/Src/sysmem.cpp:238:10:void std::__throw_bad_array_new_length()	8	static
../Core/Src/sysmem.cpp:243:10:void std::__throw_length_error(const char*)	16	static
../Core/Src/sysmem.cpp:251:7:void* operator new(std::size_t)	16	static
../Core/Src/sysmem.cpp:256:6:void operator delete(void*)	16	static
../Core/Src/sysmem.cpp:261:7:void* operator new [](std::size_t)	16	static
../Core/Src/sysmem.cpp:266:6:void operator delete [](void*)	16	static
../Core/Src/sysmem.cpp:271:6:void operator delete(void*, std::size_t)	16	static
../Core/Src/sysmem.cpp:276:6:void operator delete [](void*, std::size_t)	16	static
