../../TouchGFX-GUI/touchgfx/framework/include/platform/driver/button/ButtonController.hpp:30:13:touchgfx::ButtonController::~ButtonController()	16	static
../../TouchGFX-GUI/touchgfx/framework/include/platform/driver/button/ButtonController.hpp:30:13:virtual touchgfx::ButtonController::~ButtonController()	16	static
../../TouchGFX-GUI/touchgfx/framework/include/platform/driver/button/ButtonController.hpp:48:18:virtual void touchgfx::ButtonController::reset()	16	static
../../TouchGFX-GUI/touchgfx/framework/include/touchgfx/hal/HAL.hpp:106:13:touchgfx::HAL::~HAL()	16	static
../../TouchGFX-GUI/touchgfx/framework/include/touchgfx/hal/HAL.hpp:106:13:virtual touchgfx::HAL::~HAL()	16	static
../../TouchGFX-GUI/touchgfx/framework/include/touchgfx/hal/HAL.hpp:129:18:virtual void touchgfx::HAL::setDisplayOrientation(touchgfx::DisplayOrientation)	16	static
../../TouchGFX-GUI/touchgfx/framework/include/touchgfx/hal/HAL.hpp:161:18:virtual void touchgfx::HAL::setFrameBufferSize(uint16_t, uint16_t)	16	static
../../TouchGFX-GUI/touchgfx/framework/include/touchgfx/hal/HAL.hpp:240:18:virtual void touchgfx::HAL::submitGPU2D()	16	static
../../TouchGFX-GUI/touchgfx/framework/include/touchgfx/hal/HAL.hpp:356:28:virtual touchgfx::BlitOperations touchgfx::HAL::getBlitCaps()	16	static
../../TouchGFX-GUI/touchgfx/framework/include/touchgfx/hal/HAL.hpp:654:10:void touchgfx::HAL::setFrameRateCompensation(bool)	16	static
../../TouchGFX-GUI/touchgfx/framework/include/touchgfx/hal/HAL.hpp:683:18:virtual void touchgfx::HAL::backPorchExited()	16	static
../../TouchGFX-GUI/touchgfx/framework/include/touchgfx/hal/HAL.hpp:715:18:virtual bool touchgfx::HAL::sampleKey(uint8_t&)	16	static
../../TouchGFX-GUI/touchgfx/framework/include/touchgfx/hal/HAL.hpp:765:18:virtual void touchgfx::HAL::setFrameBufferStartAddresses(void*, void*, void*)	24	static
../../TouchGFX-GUI/touchgfx/framework/include/touchgfx/hal/HAL.hpp:782:18:virtual void touchgfx::HAL::setAnimationStorage(void*)	16	static
../../TouchGFX-GUI/touchgfx/framework/include/touchgfx/hal/HAL.hpp:820:18:virtual void touchgfx::HAL::waitForLTDCLines(uint16_t)	16	static
../../TouchGFX-GUI/touchgfx/framework/include/touchgfx/hal/HAL.hpp:900:10:void touchgfx::HAL::setButtonController(touchgfx::ButtonController*)	16	static
../../TouchGFX-GUI/touchgfx/framework/include/touchgfx/hal/HAL.hpp:943:30:virtual touchgfx::FlashDataReader* touchgfx::HAL::getFlashDataReader() const	16	static
../../TouchGFX-GUI/touchgfx/framework/include/touchgfx/hal/HAL.hpp:1105:18:virtual void touchgfx::HAL::taskDelay(uint16_t)	16	static
../../TouchGFX-GUI/touchgfx/framework/include/touchgfx/hal/HAL.hpp:1132:22:virtual uint16_t touchgfx::HAL::getTFTCurrentLine()	16	static
../../TouchGFX-GUI/touchgfx/framework/include/touchgfx/hal/HAL.hpp:1143:21:virtual touchgfx::DMAType touchgfx::HAL::getDMAType()	16	static
../../TouchGFX-GUI/touchgfx/framework/include/touchgfx/hal/HAL.hpp:1290:18:virtual void touchgfx::HAL::partialLTDCDeadlineMissed()	16	static
../../TouchGFX-GUI/touchgfx/framework/include/touchgfx/hal/HAL.hpp:1341:18:virtual void touchgfx::HAL::performDisplayOrientationChange()	24	static
../../TouchGFX-GUI/touchgfx/framework/include/touchgfx/hal/HAL.hpp:1368:18:virtual void touchgfx::HAL::InvalidateCache()	16	static
../../TouchGFX-GUI/touchgfx/framework/include/touchgfx/hal/HAL.hpp:1378:18:virtual void touchgfx::HAL::FlushCache()	16	static
../../TouchGFX-GUI/touchgfx/framework/include/touchgfx/hal/HAL.hpp:1388:18:virtual void touchgfx::HAL::InvalidateTextureCache()	16	static
../../../../../../../SDK/Port/TouchGFX/generated/TouchGFXGeneratedHAL.hpp:106:18:virtual void TouchGFXGeneratedHAL::flushFrameBuffer()	16	static
../../../../../../../SDK/Port/TouchGFX/generated/TouchGFXGeneratedHAL.hpp:30:7:TouchGFXGeneratedHAL::~TouchGFXGeneratedHAL()	16	static
../../../../../../../SDK/Port/TouchGFX/generated/TouchGFXGeneratedHAL.hpp:30:7:virtual TouchGFXGeneratedHAL::~TouchGFXGeneratedHAL()	16	static
../../../../../../../SDK/Port/TouchGFX/TouchGFXHAL.hpp:108:18:virtual void TouchGFXHAL::flushFrameBuffer()	16	static
C:\ST\STM32CubeIDE_1.15.1\STM32CubeIDE\plugins\com.st.stm32cube.ide.mcu.externaltools.gnu-tools-for-stm32.13.3.rel1.win32_1.0.0.202411081344\tools\arm-none-eabi\include\c++\13.3.1\arm-none-eabi\thumb\v8-m.main+fp\hard\bits\gthr-default.h:229:1:int __gthread_key_delete(__gthread_key_t)	16	static
../../../../../../../SDK/Libs/Header/KernelManager.hpp:42:27:static KernelManager& KernelManager::GetInstance()	16	static,ignoring_inline_asm
../../../../../../../SDK/Libs/Header/KernelManager.hpp:49:20:const IKernel* KernelManager::getKernel()	16	static
../../../../../../../SDK/Libs/Header/KernelManager.hpp:55:5:KernelManager::KernelManager()	16	static
C:/DT/Solutions/Una/una-watch/SDK/Port/TouchGFX/TouchGFXHAL.cpp:41:18:virtual void HWButtonController::init()	16	static
C:/DT/Solutions/Una/una-watch/SDK/Port/TouchGFX/TouchGFXHAL.cpp:46:18:virtual bool HWButtonController::sample(uint8_t&)	16	static
C:/DT/Solutions/Una/una-watch/SDK/Port/TouchGFX/TouchGFXHAL.cpp:71:6:virtual void TouchGFXHAL::initialize()	24	static
C:/DT/Solutions/Una/una-watch/SDK/Port/TouchGFX/TouchGFXHAL.cpp:98:11:virtual uint16_t* TouchGFXHAL::getTFTFrameBuffer() const	16	static
C:/DT/Solutions/Una/una-watch/SDK/Port/TouchGFX/TouchGFXHAL.cpp:114:6:virtual void TouchGFXHAL::setTFTFrameBuffer(uint16_t*)	16	static
C:/DT/Solutions/Una/una-watch/SDK/Port/TouchGFX/TouchGFXHAL.cpp:132:6:virtual void TouchGFXHAL::flushFrameBuffer(const touchgfx::Rect&)	16	static
C:/DT/Solutions/Una/una-watch/SDK/Port/TouchGFX/TouchGFXHAL.cpp:148:6:virtual bool TouchGFXHAL::blockCopy(void*, const void*, uint32_t)	24	static
C:/DT/Solutions/Una/una-watch/SDK/Port/TouchGFX/TouchGFXHAL.cpp:157:6:virtual void TouchGFXHAL::configureInterrupts()	16	static
C:/DT/Solutions/Una/una-watch/SDK/Port/TouchGFX/TouchGFXHAL.cpp:170:6:virtual void TouchGFXHAL::enableInterrupts()	16	static
C:/DT/Solutions/Una/una-watch/SDK/Port/TouchGFX/TouchGFXHAL.cpp:183:6:virtual void TouchGFXHAL::disableInterrupts()	16	static
C:/DT/Solutions/Una/una-watch/SDK/Port/TouchGFX/TouchGFXHAL.cpp:197:6:virtual void TouchGFXHAL::enableLCDControllerInterrupt()	16	static
C:/DT/Solutions/Una/una-watch/SDK/Port/TouchGFX/TouchGFXHAL.cpp:207:6:virtual bool TouchGFXHAL::beginFrame()	16	static
C:/DT/Solutions/Una/una-watch/SDK/Port/TouchGFX/TouchGFXHAL.cpp:213:6:virtual void TouchGFXHAL::endFrame()	16	static
C:/DT/Solutions/Una/una-watch/SDK/Port/TouchGFX/TouchGFXHAL.cpp:37:7:HWButtonController::~HWButtonController()	16	static
C:/DT/Solutions/Una/una-watch/SDK/Port/TouchGFX/TouchGFXHAL.cpp:37:7:virtual HWButtonController::~HWButtonController()	16	static
../../../../../../../SDK/Port/TouchGFX/TouchGFXHAL.hpp:36:7:TouchGFXHAL::~TouchGFXHAL()	16	static
../../../../../../../SDK/Port/TouchGFX/TouchGFXHAL.hpp:36:7:virtual TouchGFXHAL::~TouchGFXHAL()	16	static
C:/DT/Solutions/Una/una-watch/SDK/Port/TouchGFX/TouchGFXHAL.cpp:220:1:void __static_initialization_and_destruction_0()	8	static
C:/DT/Solutions/Una/una-watch/SDK/Port/TouchGFX/TouchGFXHAL.cpp:220:1:cpp)	8	static
