C:/DT/Solutions/Una/una-watch/Software/Libs/Source/Logger/Logger.c:91:6:Logger_init	16	static
C:/DT/Solutions/Una/una-watch/Software/Libs/Source/Logger/Logger.c:103:6:Logger_setTimeFunc	16	static
C:/DT/Solutions/Una/una-watch/Software/Libs/Source/Logger/Logger.c:113:6:Logger_printf	16	static
C:/DT/Solutions/Una/una-watch/Software/Libs/Source/Logger/Logger.c:125:6:Logger_printf_module	104	static
C:/DT/Solutions/Una/una-watch/Software/Libs/Source/Logger/Logger.c:158:6:Logger_vprintf	16	static
C:/DT/Solutions/Una/una-watch/Software/Libs/Source/Logger/Logger.c:184:6:Logger_raw	16	static
C:/DT/Solutions/Una/una-watch/Software/Libs/Source/Logger/Logger.c:200:6:Logger_wait	4	static
C:/DT/Solutions/Una/una-watch/Software/Libs/Source/Logger/Logger.c:234:6:Logger_release	4	static
C:/DT/Solutions/Una/una-watch/Software/Libs/Source/Logger/Logger.c:251:6:Logger_printDumpBytes	24	static
C:/DT/Solutions/Una/una-watch/Software/Libs/Source/Logger/Logger.c:272:6:Logger_printTimestamp	40	static
C:/DT/Solutions/Una/una-watch/Software/Libs/Source/Logger/Logger.c:292:10:Logger_write_override	24	static
C:/DT/Solutions/Una/una-watch/Software/Libs/Source/Logger/Logger.c:317:10:_write_r	24	static
