Archive member included to satisfy reference by file (symbol)

C:/ST/STM32CubeIDE_1.15.1/STM32CubeIDE/plugins/com.st.stm32cube.ide.mcu.externaltools.gnu-tools-for-stm32.13.3.rel1.win32_1.0.0.202411081344/tools/bin/../lib/gcc/arm-none-eabi/13.3.1/../../../../arm-none-eabi/lib/thumb/v8-m.main+fp/hard\libstdc++.a(shared_ptr.o)
                              ./Core/Src/main.o (std::_Sp_make_shared_tag::_S_eq(std::type_info const&))
C:/ST/STM32CubeIDE_1.15.1/STM32CubeIDE/plugins/com.st.stm32cube.ide.mcu.externaltools.gnu-tools-for-stm32.13.3.rel1.win32_1.0.0.202411081344/tools/bin/../lib/gcc/arm-none-eabi/13.3.1/../../../../arm-none-eabi/lib/thumb/v8-m.main+fp/hard\libstdc++.a(class_type_info.o)
                              C:/ST/STM32CubeIDE_1.15.1/STM32CubeIDE/plugins/com.st.stm32cube.ide.mcu.externaltools.gnu-tools-for-stm32.13.3.rel1.win32_1.0.0.202411081344/tools/bin/../lib/gcc/arm-none-eabi/13.3.1/../../../../arm-none-eabi/lib/thumb/v8-m.main+fp/hard\libstdc++.a(shared_ptr.o) (vtable for __cxxabiv1::__class_type_info)
C:/ST/STM32CubeIDE_1.15.1/STM32CubeIDE/plugins/com.st.stm32cube.ide.mcu.externaltools.gnu-tools-for-stm32.13.3.rel1.win32_1.0.0.202411081344/tools/bin/../lib/gcc/arm-none-eabi/13.3.1/../../../../arm-none-eabi/lib/thumb/v8-m.main+fp/hard\libstdc++.a(eh_exception.o)
                              C:/ST/STM32CubeIDE_1.15.1/STM32CubeIDE/plugins/com.st.stm32cube.ide.mcu.externaltools.gnu-tools-for-stm32.13.3.rel1.win32_1.0.0.202411081344/tools/bin/../lib/gcc/arm-none-eabi/13.3.1/../../../../arm-none-eabi/lib/thumb/v8-m.main+fp/hard\libstdc++.a(shared_ptr.o) (std::exception::~exception())
C:/ST/STM32CubeIDE_1.15.1/STM32CubeIDE/plugins/com.st.stm32cube.ide.mcu.externaltools.gnu-tools-for-stm32.13.3.rel1.win32_1.0.0.202411081344/tools/bin/../lib/gcc/arm-none-eabi/13.3.1/../../../../arm-none-eabi/lib/thumb/v8-m.main+fp/hard\libstdc++.a(si_class_type_info.o)
                              C:/ST/STM32CubeIDE_1.15.1/STM32CubeIDE/plugins/com.st.stm32cube.ide.mcu.externaltools.gnu-tools-for-stm32.13.3.rel1.win32_1.0.0.202411081344/tools/bin/../lib/gcc/arm-none-eabi/13.3.1/../../../../arm-none-eabi/lib/thumb/v8-m.main+fp/hard\libstdc++.a(shared_ptr.o) (vtable for __cxxabiv1::__si_class_type_info)
C:/ST/STM32CubeIDE_1.15.1/STM32CubeIDE/plugins/com.st.stm32cube.ide.mcu.externaltools.gnu-tools-for-stm32.13.3.rel1.win32_1.0.0.202411081344/tools/bin/../lib/gcc/arm-none-eabi/13.3.1/../../../../arm-none-eabi/lib/thumb/v8-m.main+fp/hard\libstdc++.a(tinfo.o)
                              C:/ST/STM32CubeIDE_1.15.1/STM32CubeIDE/plugins/com.st.stm32cube.ide.mcu.externaltools.gnu-tools-for-stm32.13.3.rel1.win32_1.0.0.202411081344/tools/bin/../lib/gcc/arm-none-eabi/13.3.1/../../../../arm-none-eabi/lib/thumb/v8-m.main+fp/hard\libstdc++.a(class_type_info.o) (std::type_info::~type_info())
C:/ST/STM32CubeIDE_1.15.1/STM32CubeIDE/plugins/com.st.stm32cube.ide.mcu.externaltools.gnu-tools-for-stm32.13.3.rel1.win32_1.0.0.202411081344/tools/bin/../lib/gcc/arm-none-eabi/13.3.1/../../../../arm-none-eabi/lib/thumb/v8-m.main+fp/hard\libc.a(libc_a-impure.o)
                              ./Core/Src/sysmem.o (_impure_ptr)
C:/ST/STM32CubeIDE_1.15.1/STM32CubeIDE/plugins/com.st.stm32cube.ide.mcu.externaltools.gnu-tools-for-stm32.13.3.rel1.win32_1.0.0.202411081344/tools/bin/../lib/gcc/arm-none-eabi/13.3.1/../../../../arm-none-eabi/lib/thumb/v8-m.main+fp/hard\libc.a(libc_a-findfp.o)
                              C:/ST/STM32CubeIDE_1.15.1/STM32CubeIDE/plugins/com.st.stm32cube.ide.mcu.externaltools.gnu-tools-for-stm32.13.3.rel1.win32_1.0.0.202411081344/tools/bin/../lib/gcc/arm-none-eabi/13.3.1/../../../../arm-none-eabi/lib/thumb/v8-m.main+fp/hard\libc.a(libc_a-impure.o) (__sf)
C:/ST/STM32CubeIDE_1.15.1/STM32CubeIDE/plugins/com.st.stm32cube.ide.mcu.externaltools.gnu-tools-for-stm32.13.3.rel1.win32_1.0.0.202411081344/tools/bin/../lib/gcc/arm-none-eabi/13.3.1/../../../../arm-none-eabi/lib/thumb/v8-m.main+fp/hard\libc.a(libc_a-fwalk.o)
                              C:/ST/STM32CubeIDE_1.15.1/STM32CubeIDE/plugins/com.st.stm32cube.ide.mcu.externaltools.gnu-tools-for-stm32.13.3.rel1.win32_1.0.0.202411081344/tools/bin/../lib/gcc/arm-none-eabi/13.3.1/../../../../arm-none-eabi/lib/thumb/v8-m.main+fp/hard\libc.a(libc_a-findfp.o) (_fwalk_sglue)
C:/ST/STM32CubeIDE_1.15.1/STM32CubeIDE/plugins/com.st.stm32cube.ide.mcu.externaltools.gnu-tools-for-stm32.13.3.rel1.win32_1.0.0.202411081344/tools/bin/../lib/gcc/arm-none-eabi/13.3.1/../../../../arm-none-eabi/lib/thumb/v8-m.main+fp/hard\libc.a(libc_a-stdio.o)
                              C:/ST/STM32CubeIDE_1.15.1/STM32CubeIDE/plugins/com.st.stm32cube.ide.mcu.externaltools.gnu-tools-for-stm32.13.3.rel1.win32_1.0.0.202411081344/tools/bin/../lib/gcc/arm-none-eabi/13.3.1/../../../../arm-none-eabi/lib/thumb/v8-m.main+fp/hard\libc.a(libc_a-findfp.o) (__sread)
[...]
Memory Configuration

Name             Origin             Length             Attributes
RAM              0x20000000         0x0007d000         xrw
*default*        0x00000000         0xffffffff

Linker script and memory map

LOAD ./Core/Src/Model.o
LOAD ./Core/Src/main.o
LOAD ./Core/Src/sysmem.o
LOAD ./Core/Startup/startup_user_app.o
LOAD C:/ST/STM32CubeIDE_1.15.1/STM32CubeIDE/plugins/com.st.stm32cube.ide.mcu.externaltools.gnu-tools-for-stm32.13.3.rel1.win32_1.0.0.202411081344/tools/bin/../lib/gcc/arm-none-eabi/13.3.1/../../../../arm-none-eabi/lib/thumb/v8-m.main+fp/hard\libstdc++.a
                [!provide]                        PROVIDE (LibcIM_init = 0x81d2420)
                [!provide]                        PROVIDE (LibcIM_syscallsInit = 0x81d249c)
                [!provide]                        PROVIDE (Reset_Handler = 0x81d27a8)
                [!provide]                        PROVIDE (__adddf3 = 0x81d0d40)
                [!provide]                        PROVIDE (__aeabi_cdcmpeq = 0x81d156c)
                [!provide]                        PROVIDE (__aeabi_cdcmple = 0x81d156c)
                [!provide]                        PROVIDE (__aeabi_cdrcmple = 0x81d155c)
                [!provide]                        PROVIDE (__aeabi_d2f = 0x81d169c)
                [!provide]                        PROVIDE (__aeabi_d2iz = 0x81d160c)
                [!provide]                        PROVIDE (__aeabi_d2lz = 0x81d2028)
                [!provide]                        PROVIDE (__aeabi_d2uiz = 0x81d165c)
                [!provide]                        PROVIDE (__aeabi_d2ulz = 0x81d2098)
                [!provide]                        PROVIDE (__aeabi_dadd = 0x81d0d40)
                [!provide]                        PROVIDE (__aeabi_dcmpeq = 0x81d157c)
                [!provide]                        PROVIDE (__aeabi_dcmpge = 0x81d15b8)
                [!provide]                        PROVIDE (__aeabi_dcmpgt = 0x81d15cc)
                [!provide]                        PROVIDE (__aeabi_dcmple = 0x81d15a4)
                [!provide]                        PROVIDE (__aeabi_dcmplt = 0x81d1590)
                [!provide]                        PROVIDE (__aeabi_dcmpun = 0x81d15e0)
                [!provide]                        PROVIDE (__aeabi_ddiv = 0x81d1300)
                [!provide]                        PROVIDE (__aeabi_dmul = 0x81d10ac)
                [!provide]                        PROVIDE (__aeabi_drsub = 0x81d0d34)
                [!provide]                        PROVIDE (__aeabi_dsub = 0x81d0d3c)
                [!provide]                        PROVIDE (__aeabi_f2d = 0x81d0ffc)
                [!provide]                        PROVIDE (__aeabi_f2lz = 0x81d2000)
                [!provide]                        PROVIDE (__aeabi_f2ulz = 0x81d2058)
                [!provide]                        PROVIDE (__aeabi_i2d = 0x81d0fd8)
                [!provide]                        PROVIDE (__aeabi_idiv0 = 0x81d241c)
                [!provide]                        PROVIDE (__aeabi_l2d = 0x81d1050)
                [!provide]                        PROVIDE (__aeabi_ldiv0 = 0x81d241c)
                [!provide]                        PROVIDE (__aeabi_ldivmod = 0x81d173c)
                [!provide]                        PROVIDE (__aeabi_ui2d = 0x81d0fb8)
                [!provide]                        PROVIDE (__aeabi_ul2d = 0x81d1040)
                [!provide]                        PROVIDE (__aeabi_uldivmod = 0x81d17dc)
                [!provide]                        PROVIDE (__any_on = 0x81b5ace)
                [!provide]                        PROVIDE (__ascii_mbtowc = 0x81b51c8)
                [!provide]                        PROVIDE (__ascii_wctomb = 0x81b5c4c)
                [!provide]                        PROVIDE (__b2d = 0x81b589c)
                [!provide]                        PROVIDE (__call_exitprocs = 0x81b4a74)
                [!provide]                        PROVIDE (__cmpdf2 = 0x81d14e0)
                [!provide]                        PROVIDE (__copybits = 0x81b5a88)
                [!provide]                        PROVIDE (__cxa_atexit = 0x81b1160)
                [!provide]                        PROVIDE (__d2b = 0x81b5938)
                [!provide]                        PROVIDE (__divdf3 = 0x81d1300)
                [!provide]                        PROVIDE (__eqdf2 = 0x81d14e0)
                [!provide]                        PROVIDE (__errno = 0x81b4848)
                [!provide]                        PROVIDE (__exidx_end = 0x81d2938)
                [!provide]                        PROVIDE (__exidx_start = 0x81d2930)
                [!provide]                        PROVIDE (__extendsfdf2 = 0x81d0ffc)
                [!provide]                        PROVIDE (__fixdfdi = 0x81d2028)
                [!provide]                        PROVIDE (__fixdfsi = 0x81d160c)
                [!provide]                        PROVIDE (__fixsfdi = 0x81d2000)
                [!provide]                        PROVIDE (__fixunsdfdi = 0x81d2098)
                [!provide]                        PROVIDE (__fixunsdfsi = 0x81d165c)
                [!provide]                        PROVIDE (__fixunssfdi = 0x81d2058)
                [!provide]                        PROVIDE (__floatdidf = 0x81d1050)
                [!provide]                        PROVIDE (__floatsidf = 0x81d0fd8)
                [!provide]                        PROVIDE (__floatundidf = 0x81d1040)
                [!provide]                        PROVIDE (__floatunsidf = 0x81d0fb8)
                [!provide]                        PROVIDE (__fp_lock_all = 0x81b1b88)
                [!provide]                        PROVIDE (__fp_unlock_all = 0x81b1ba4)
                [!provide]                        PROVIDE (__fpclassifyd = 0x81cb57c)
                [!provide]                        PROVIDE (__fpclassifyf = 0x81cc798)
                [!provide]                        PROVIDE (__gedf2 = 0x81d14d0)
                [!provide]                        PROVIDE (__gethex = 0x81b4c14)
                [!provide]                        PROVIDE (__gettzinfo = 0x81ba3d8)
                [!provide]                        PROVIDE (__gtdf2 = 0x81d14d0)
                [!provide]                        PROVIDE (__hexdig_fun = 0x81b4bea)
                [!provide]                        PROVIDE (__hexnan = 0x81b507c)
                [!provide]                        PROVIDE (__hi0bits = 0x81b5384)
                [!provide]                        PROVIDE (__i2b = 0x81b541c)
                [!provide]                        PROVIDE (__ieee754_acos = 0x81bcec8)
                [!provide]                        PROVIDE (__ieee754_acosf = 0x81c5e0c)
                [!provide]                        PROVIDE (__ieee754_acosh = 0x81bd380)
                [!provide]                        PROVIDE (__ieee754_acoshf = 0x81c5ff8)
                [!provide]                        PROVIDE (__ieee754_asin = 0x81bd4b8)
                [!provide]                        PROVIDE (__ieee754_asinf = 0x81c60a0)
                [!provide]                        PROVIDE (__ieee754_atan2 = 0x81bd8c0)
                [!provide]                        PROVIDE (__ieee754_atan2f = 0x81c6268)
                [!provide]                        PROVIDE (__ieee754_atanh = 0x81bda80)
                [!provide]                        PROVIDE (__ieee754_atanhf = 0x81c63bc)
                [!provide]                        PROVIDE (__ieee754_cosh = 0x81bdb98)
                [!provide]                        PROVIDE (__ieee754_coshf = 0x81c6450)
                [!provide]                        PROVIDE (__ieee754_exp = 0x81bdcd8)
                [!provide]                        PROVIDE (__ieee754_expf = 0x81c6510)
                [!provide]                        PROVIDE (__ieee754_fmod = 0x81bdff8)
                [!provide]                        PROVIDE (__ieee754_fmodf = 0x81c66c4)
                [!provide]                        PROVIDE (__ieee754_hypot = 0x81be240)
                [!provide]                        PROVIDE (__ieee754_hypotf = 0x81c67f0)
                [!provide]                        PROVIDE (__ieee754_hypotl = 0x81ca5d0)
                [!provide]                        PROVIDE (__ieee754_j0 = 0x81be868)
                [!provide]                        PROVIDE (__ieee754_j0f = 0x81c6b44)
                [!provide]                        PROVIDE (__ieee754_j1 = 0x81bf5a0)
                [!provide]                        PROVIDE (__ieee754_j1f = 0x81c71e4)
                [!provide]                        PROVIDE (__ieee754_jn = 0x81bfe70)
                [!provide]                        PROVIDE (__ieee754_jnf = 0x81c7610)
                [!provide]                        PROVIDE (__ieee754_lgamma_r = 0x81c0548)
                [!provide]                        PROVIDE (__ieee754_lgammaf_r = 0x81c7924)
                [!provide]                        PROVIDE (__ieee754_log = 0x81c1138)
                [!provide]                        PROVIDE (__ieee754_log10 = 0x81c14a0)
                [!provide]                        PROVIDE (__ieee754_log10f = 0x81c8114)
                [!provide]                        PROVIDE (__ieee754_logf = 0x81c7f34)
                [!provide]                        PROVIDE (__ieee754_pow = 0x81c15b8)
                [!provide]                        PROVIDE (__ieee754_powf = 0x81c81c4)
                [!provide]                        PROVIDE (__ieee754_rem_pio2 = 0x81c2080)
                [!provide]                        PROVIDE (__ieee754_rem_pio2f = 0x81c877c)
                [!provide]                        PROVIDE (__ieee754_remainder = 0x81c2600)
                [!provide]                        PROVIDE (__ieee754_remainderf = 0x81c8d70)
                [!provide]                        PROVIDE (__ieee754_scalb = 0x81c2760)
                [!provide]                        PROVIDE (__ieee754_scalbf = 0x81c8e40)
                [!provide]                        PROVIDE (__ieee754_sinh = 0x81c2838)
                [!provide]                        PROVIDE (__ieee754_sinhf = 0x81c8ee4)
                [!provide]                        PROVIDE (__ieee754_sqrt = 0x81d0630)
                [!provide]                        PROVIDE (__ieee754_sqrtf = 0x81d07f8)
                [!provide]                        PROVIDE (__ieee754_tgamma = 0x81be218)
                [!provide]                        PROVIDE (__ieee754_tgammaf = 0x81c67d4)
                [!provide]                        PROVIDE (__ieee754_y0 = 0x81beb88)
                [!provide]                        PROVIDE (__ieee754_y0f = 0x81c6ce0)
                [!provide]                        PROVIDE (__ieee754_y1 = 0x81bf880)
                [!provide]                        PROVIDE (__ieee754_y1f = 0x81c735c)
                [!provide]                        PROVIDE (__ieee754_yn = 0x81c0330)
                [!provide]                        PROVIDE (__ieee754_ynf = 0x81c783c)
                [!provide]                        PROVIDE (__isinfd = 0x81cae3a)
                [!provide]                        PROVIDE (__isinff = 0x81cc3b6)
                [!provide]                        PROVIDE (__isnand = 0x81cae82)
                [!provide]                        PROVIDE (__isnanf = 0x81cc3dc)
                [!provide]                        PROVIDE (__kernel_cos = 0x81bc7b8)
                [!provide]                        PROVIDE (__kernel_cosf = 0x81c5b0c)
                [!provide]                        PROVIDE (__kernel_rem_pio2 = 0x81bc0c8)
                [!provide]                        PROVIDE (__kernel_rem_pio2f = 0x81c5600)
                [!provide]                        PROVIDE (__kernel_sin = 0x81bc948)
                [!provide]                        PROVIDE (__kernel_sinf = 0x81c5bbc)
                [!provide]                        PROVIDE (__kernel_standard = 0x81bbf08)
                [!provide]                        PROVIDE (__kernel_tan = 0x81bcac0)
                [!provide]                        PROVIDE (__kernel_tanf = 0x81c5c4c)
                [!provide]                        PROVIDE (__ledf2 = 0x81d14d8)
                [!provide]                        PROVIDE (__lo0bits = 0x81b53c2)
                [!provide]                        PROVIDE (__locale_mb_cur_max = 0x81b4688)
                [!provide]                        PROVIDE (__localeconv_l = 0x81b46a4)
                [!provide]                        PROVIDE (__lshift = 0x81b5610)
                [!provide]                        PROVIDE (__ltdf2 = 0x81d14d8)
                [!provide]                        PROVIDE (__match = 0x81b5054)
                [!provide]                        PROVIDE (__math_check_oflow = 0x81cbe78)
                [!provide]                        PROVIDE (__math_check_uflow = 0x81cbe38)
                [!provide]                        PROVIDE (__math_divzero = 0x81cbdb0)
                [!provide]                        PROVIDE (__math_divzerof = 0x81ccc78)
                [!provide]                        PROVIDE (__math_invalid = 0x81cbde4)
                [!provide]                        PROVIDE (__math_invalidf = 0x81ccc9c)
                [!provide]                        PROVIDE (__math_may_uflow = 0x81cbd90)
                [!provide]                        PROVIDE (__math_oflow = 0x81cbda0)
                [!provide]                        PROVIDE (__math_oflowf = 0x81ccc6c)
                [!provide]                        PROVIDE (__math_uflow = 0x81cbd80)
                [!provide]                        PROVIDE (__math_uflowf = 0x81ccc60)
                [!provide]                        PROVIDE (__mcmp = 0x81b56e8)
                [!provide]                        PROVIDE (__mdiff = 0x81b5720)
                [!provide]                        PROVIDE (__month_lengths = 0x81b3fac)
                [!provide]                        PROVIDE (__mprec_bigtens = 0x81b5b48)
                [!provide]                        PROVIDE (__mprec_tens = 0x81b5b70)
                [!provide]                        PROVIDE (__mprec_tinytens = 0x81b5b20)
                [!provide]                        PROVIDE (__muldc3 = 0x81d1ac4)
                [!provide]                        PROVIDE (__muldf3 = 0x81d10ac)
                [!provide]                        PROVIDE (__mulsc3 = 0x81d180c)
                [!provide]                        PROVIDE (__multadd = 0x81b5260)
                [!provide]                        PROVIDE (__multiply = 0x81b5448)
                [!provide]                        PROVIDE (__nedf2 = 0x81d14e0)
                [!provide]                        PROVIDE (__pow5mult = 0x81b5590)
                [!provide]                        PROVIDE (__ratio = 0x81b59e8)
                [!provide]                        PROVIDE (__register_exitproc = 0x81b49dc)
                [!provide]                        PROVIDE (__retarget_lock_acquire = 0x81b48a4)
                [!provide]                        PROVIDE (__retarget_lock_acquire_recursive = 0x81b48a6)
                [!provide]                        PROVIDE (__retarget_lock_close = 0x81b48a0)
                [!provide]                        PROVIDE (__retarget_lock_close_recursive = 0x81b48a2)
                [!provide]                        PROVIDE (__retarget_lock_init = 0x81b489c)
                [!provide]                        PROVIDE (__retarget_lock_init_recursive = 0x81b489e)
                [!provide]                        PROVIDE (__retarget_lock_release = 0x81b48b0)
                [!provide]                        PROVIDE (__retarget_lock_release_recursive = 0x81b48b2)
                [!provide]                        PROVIDE (__retarget_lock_try_acquire = 0x81b48a8)
                [!provide]                        PROVIDE (__retarget_lock_try_acquire_recursive = 0x81b48ac)
                [!provide]                        PROVIDE (__s2b = 0x81b52f0)
                [!provide]                        PROVIDE (__sccl = 0x81ba1e8)
                [!provide]                        PROVIDE (__sclose = 0x81b29aa)
                [!provide]                        PROVIDE (__seofread = 0x81b294a)
                [!provide]                        PROVIDE (__sflags = 0x81b9ffc)
                [!provide]                        PROVIDE (__sflush_r = 0x81b169c)
                [!provide]                        PROVIDE (__sfp = 0x81b1ab4)
                [!provide]                        PROVIDE (__sfp_lock_acquire = 0x81b1a9c)
                [!provide]                        PROVIDE (__sfp_lock_release = 0x81b1aa8)
                [!provide]                        PROVIDE (__sfvwrite_r = 0x81b1e84)
                [!provide]                        PROVIDE (__signbitd = 0x81cbd1c)
                [!provide]                        PROVIDE (__signbitf = 0x81cbd14)
                [!provide]                        PROVIDE (__signgam = 0x81c3d64)
                [!provide]                        PROVIDE (__sigtramp = 0x81b35fc)
                [!provide]                        PROVIDE (__sigtramp_r = 0x81b3584)
                [!provide]                        PROVIDE (__sinit = 0x81b1b58)
                [!provide]                        PROVIDE (__smakebuf_r = 0x81ba170)
                [!provide]                        PROVIDE (__sprint_r = 0x81b9f40)
                [!provide]                        PROVIDE (__sread = 0x81b2928)
                [!provide]                        PROVIDE (__srefill_r = 0x81b24e4)
                [!provide]                        PROVIDE (__srget = 0x81b2644)
                [!provide]                        PROVIDE (__srget_r = 0x81b25f4)
                [!provide]                        PROVIDE (__sseek = 0x81b2986)
                [!provide]                        PROVIDE (__ssprint_r = 0x81b9f5a)
                [!provide]                        PROVIDE (__ssputs_r = 0x81bbe4c)
                [!provide]                        PROVIDE (__ssrefill_r = 0x81b66c2)
                [!provide]                        PROVIDE (__ssvfiscanf_r = 0x81b6770)
                [!provide]                        PROVIDE (__strtok_r = 0x81b344c)
                [!provide]                        PROVIDE (__subdf3 = 0x81d0d3c)
                [!provide]                        PROVIDE (__submore = 0x81ba25a)
                [!provide]                        PROVIDE (__swbuf = 0x81b2ac4)
                [!provide]                        PROVIDE (__swbuf_r = 0x81b2a2c)
                [!provide]                        PROVIDE (__swhatbuf_r = 0x81ba120)
                [!provide]                        PROVIDE (__swrite = 0x81b294e)
                [!provide]                        PROVIDE (__swsetup_r = 0x81b2ad4)
                [!provide]                        PROVIDE (__truncdfsf2 = 0x81d169c)
                [!provide]                        PROVIDE (__udivmoddi4 = 0x81d20d4)
                [!provide]                        PROVIDE (__ulp = 0x81b5850)
                [!provide]                        PROVIDE (__unorddf2 = 0x81d15e0)
                [!provide]                        PROVIDE (_cchsh = 0x81cd634)
                [!provide]                        PROVIDE (_cchshf = 0x81cec40)
                [!provide]                        PROVIDE (_cchshl = 0x81cf840)
                0x081d2564                        PROVIDE (_close = 0x81d2564)
                [!provide]                        PROVIDE (_close_r = 0x81b46b8)
                [!provide]                        PROVIDE (_ctans = 0x81cd798)
                [!provide]                        PROVIDE (_ctansf = 0x81ced68)
                [!provide]                        PROVIDE (_ctansl = 0x81cf998)
                [!provide]                        PROVIDE (_ctype_ = 0x81b1474)
                [!provide]                        PROVIDE (_dtoa_r = 0x81ba5d0)
                [!provide]                        PROVIDE (_etext = 0x81d28f4)
                [!provide]                        PROVIDE (_exit = 0x81d24f8)
                [!provide]                        PROVIDE (_fclose_r = 0x81b15e0)
                [!provide]                        PROVIDE (_fflush_r = 0x81b17ac)
                [!provide]                        PROVIDE (_fgetc_r = 0x81b1820)
                [!provide]                        PROVIDE (_fgets_r = 0x81b1888)
                [!provide]                        PROVIDE (_findenv = 0x81b0050)
                [!provide]                        PROVIDE (_findenv_r = 0x81b0078)
                [!provide]                        PROVIDE (_fini = 0x81d279a)
                [!provide]                        PROVIDE (_fiprintf_r = 0x81bb448)
                [!provide]                        PROVIDE (_fopen_r = 0x81b1bc0)
                [!provide]                        PROVIDE (_fputc_r = 0x81b1c78)
                [!provide]                        PROVIDE (_fputs_r = 0x81b1cd0)
                [!provide]                        PROVIDE (_fread_r = 0x81b1d60)
                [!provide]                        PROVIDE (_fseek_r = 0x81b1e58)
                [!provide]                        PROVIDE (_fseeko_r = 0x81b2b80)
                [!provide]                        PROVIDE (_fstat = 0x81d2584)
                [!provide]                        PROVIDE (_fstat_r = 0x81b4740)
                [!provide]                        PROVIDE (_ftell_r = 0x81b1e70)
                [!provide]                        PROVIDE (_ftello_r = 0x81b2e20)
                [!provide]                        PROVIDE (_fwalk_sglue = 0x81b211c)
                [!provide]                        PROVIDE (_fwrite_r = 0x81b2158)
                [!provide]                        PROVIDE (_getc_r = 0x81ba068)
                [!provide]                        PROVIDE (_getchar_r = 0x81b2220)
                [!provide]                        PROVIDE (_getenv_r = 0x81b00f0)
                [!provide]                        PROVIDE (_getpid = 0x81d24bc)
                [!provide]                        PROVIDE (_getpid_r = 0x81b4818)
                [!provide]                        PROVIDE (_gettimeofday = 0x81d2774)
                [!provide]                        PROVIDE (_gettimeofday_r = 0x81b4764)
                [!provide]                        PROVIDE (_init = 0x81d278c)
                [!provide]                        PROVIDE (_init_signal = 0x81b35f0)
                [!provide]                        PROVIDE (_init_signal_r = 0x81b34d2)
                [!provide]                        PROVIDE (_isatty = 0x81d25a8)
                [!provide]                        PROVIDE (_isatty_r = 0x81ba3e0)
                [!provide]                        PROVIDE (_kill = 0x81d24d4)
                [!provide]                        PROVIDE (_kill_r = 0x81b47f4)
                [!provide]                        PROVIDE (_localeconv_r = 0x81b46a8)
                0x081d25c8                        PROVIDE (_lseek = 0x81d25c8)
                [!provide]                        PROVIDE (_lseek_r = 0x81b4788)
                [!provide]                        PROVIDE (_mbrtowc_r = 0x81bb3dc)
                [!provide]                        PROVIDE (_mbtowc_r = 0x81b51b4)
                [!provide]                        PROVIDE (_memalign_r = 0x81b117c)
                [!provide]                        PROVIDE (_mprec_log10 = 0x81b5a4c)
                [!provide]                        PROVIDE (_open = 0x81d25f0)
                [!provide]                        PROVIDE (_open_r = 0x81b47ac)
                [!provide]                        PROVIDE (_perror_r = 0x81b2238)
                [!provide]                        PROVIDE (_printf_r = 0x81b2354)
                [!provide]                        PROVIDE (_putc_r = 0x81b2394)
                [!provide]                        PROVIDE (_putchar_r = 0x81b240c)
                [!provide]                        PROVIDE (_putenv_r = 0x81b1278)
                [!provide]                        PROVIDE (_puts_r = 0x81b2424)
                [!provide]                        PROVIDE (_raise_r = 0x81b3532)
                0x081d2514                        PROVIDE (_read = 0x81d2514)
                [!provide]                        PROVIDE (_read_r = 0x81b47d0)
                [!provide]                        PROVIDE (_reclaim_reent = 0x81b46d8)
                [!provide]                        PROVIDE (_redupi = 0x81cd6d0)
                [!provide]                        PROVIDE (_redupif = 0x81ceca0)
                [!provide]                        PROVIDE (_redupil = 0x81cf8d8)
                [!provide]                        PROVIDE (_rewind_r = 0x81b25cc)
                [!provide]                        PROVIDE (_setenv_r = 0x81b12dc)
                [!provide]                        PROVIDE (_setlocale_r = 0x81b464c)
                [!provide]                        PROVIDE (_sfread_r = 0x81b66fc)
                [!provide]                        PROVIDE (_signal_r = 0x81b34fe)
                [!provide]                        PROVIDE (_siprintf_r = 0x81b5c68)
                [!provide]                        PROVIDE (_siscanf_r = 0x81b5d40)
                [!provide]                        PROVIDE (_snprintf_r = 0x81b27d8)
                [!provide]                        PROVIDE (_sprintf_r = 0x81b28a8)
                [!provide]                        PROVIDE (_stat = 0x81d2664)
                [!provide]                        PROVIDE (_stat_r = 0x81ba400)
                [!provide]                        PROVIDE (_strdup_r = 0x81b2f84)
                [!provide]                        PROVIDE (_strerror_r = 0x81b2fac)
                [!provide]                        PROVIDE (_strtod_l = 0x81b0170)
                [!provide]                        PROVIDE (_strtod_r = 0x81b0d38)
                [!provide]                        PROVIDE (_strtol_r = 0x81b102c)
                [!provide]                        PROVIDE (_strtoll_r = 0x81bb258)
                [!provide]                        PROVIDE (_strtoul_r = 0x81b1134)
                [!provide]                        PROVIDE (_strtoull_r = 0x81bb3b0)
                [!provide]                        PROVIDE (_sungetc_r = 0x81b6648)
                [!provide]                        PROVIDE (_svfiprintf_r = 0x81b5d94)
                [!provide]                        PROVIDE (_svfprintf_r = 0x81b7650)
                [!provide]                        PROVIDE (_times = 0x81d2644)
                [!provide]                        PROVIDE (_times_r = 0x81b481c)
                [!provide]                        PROVIDE (_tzset_r = 0x81b4634)
                [!provide]                        PROVIDE (_tzset_unlocked = 0x81b41c4)
                [!provide]                        PROVIDE (_tzset_unlocked_r = 0x81b41ec)
                [!provide]                        PROVIDE (_ungetc_r = 0x81ba2c8)
                [!provide]                        PROVIDE (_unlink = 0x81d2624)
                [!provide]                        PROVIDE (_unlink_r = 0x81ba424)
                [!provide]                        PROVIDE (_unsetenv_r = 0x81b1410)
                [!provide]                        PROVIDE (_user_strerror = 0x81b34ce)
                [!provide]                        PROVIDE (_vfiprintf_r = 0x81bb488)
                [!provide]                        PROVIDE (_vfprintf_r = 0x81b8a20)
                [!provide]                        PROVIDE (_vsnprintf_r = 0x81b29b2)
                [!provide]                        PROVIDE (_wctomb_r = 0x81b5c38)
                0x081d253c                        PROVIDE (_write = 0x81d253c)
                0x081b0008                        PROVIDE (abort = 0x81b0008)
                [!provide]                        PROVIDE (acos = 0x81c3260)
                [!provide]                        PROVIDE (acosf = 0x81c8fbc)
                [!provide]                        PROVIDE (acosh = 0x81c32c8)
                [!provide]                        PROVIDE (acoshf = 0x81c9014)
                [!provide]                        PROVIDE (acoshl = 0x81ccd98)
                [!provide]                        PROVIDE (acosl = 0x81cccf6)
                [!provide]                        PROVIDE (asctime = 0x81b360c)
                [!provide]                        PROVIDE (asctime_r = 0x81b361c)
                [!provide]                        PROVIDE (asin = 0x81c3324)
                [!provide]                        PROVIDE (asinf = 0x81c9054)
                [!provide]                        PROVIDE (asinh = 0x81c3d70)
                [!provide]                        PROVIDE (asinhf = 0x81c9818)
                [!provide]                        PROVIDE (asinhl = 0x81ccd48)
                [!provide]                        PROVIDE (asinl = 0x81cccfa)
                [!provide]                        PROVIDE (atan = 0x81c3ed0)
                [!provide]                        PROVIDE (atan2 = 0x81c338c)
                [!provide]                        PROVIDE (atan2f = 0x81c90ac)
                [!provide]                        PROVIDE (atan2l = 0x81cccfe)
                [!provide]                        PROVIDE (atanf = 0x81c98e8)
                [!provide]                        PROVIDE (atanh = 0x81c3390)
                [!provide]                        PROVIDE (atanhf = 0x81c90b0)
                [!provide]                        PROVIDE (atanhl = 0x81ccd9c)
                [!provide]                        PROVIDE (atanl = 0x81cccba)
                [!provide]                        PROVIDE (atexit = 0x81b0016)
                [!provide]                        PROVIDE (cabs = 0x81ccef8)
                [!provide]                        PROVIDE (cabsf = 0x81ce51c)
                [!provide]                        PROVIDE (cabsl = 0x81cf15c)
                [!provide]                        PROVIDE (cacos = 0x81ccf50)
                [!provide]                        PROVIDE (cacosf = 0x81ce8a4)
                [!provide]                        PROVIDE (cacosh = 0x81ccfe0)
                [!provide]                        PROVIDE (cacoshf = 0x81ceb24)
                [!provide]                        PROVIDE (cacoshl = 0x81cf22c)
                [!provide]                        PROVIDE (cacosl = 0x81cfb90)
                [!provide]                        PROVIDE (carg = 0x81cd09c)
                [!provide]                        PROVIDE (cargf = 0x81cef48)
                [!provide]                        PROVIDE (cargl = 0x81cf6a0)
                [!provide]                        PROVIDE (casin = 0x81cd0f0)
                [!provide]                        PROVIDE (casinf = 0x81ce554)
                [!provide]                        PROVIDE (casinh = 0x81cd290)
                [!provide]                        PROVIDE (casinhf = 0x81ce8f0)
                [!provide]                        PROVIDE (casinhl = 0x81d02d8)
                [!provide]                        PROVIDE (casinl = 0x81cfcb8)
                [!provide]                        PROVIDE (catan = 0x81cd2d8)
                [!provide]                        PROVIDE (catanf = 0x81ceb7c)
                [!provide]                        PROVIDE (catanh = 0x81cd488)
                [!provide]                        PROVIDE (catanhf = 0x81cef80)
                [!provide]                        PROVIDE (catanhl = 0x81cfe58)
                [!provide]                        PROVIDE (catanl = 0x81d0480)
                [!provide]                        PROVIDE (cbrt = 0x81ca7a8)
                [!provide]                        PROVIDE (cbrtf = 0x81cc040)
                [!provide]                        PROVIDE (cbrtl = 0x81ccd4c)
                [!provide]                        PROVIDE (ccos = 0x81cd4d0)
                [!provide]                        PROVIDE (ccosf = 0x81ce610)
                [!provide]                        PROVIDE (ccosh = 0x81cd572)
                [!provide]                        PROVIDE (ccoshf = 0x81ce91c)
                [!provide]                        PROVIDE (ccoshl = 0x81cf16c)
                [!provide]                        PROVIDE (ccosl = 0x81cfc10)
                [!provide]                        PROVIDE (ceil = 0x81d0800)
                [!provide]                        PROVIDE (ceilf = 0x81d0c20)
                [!provide]                        PROVIDE (ceill = 0x81cccd6)
                [!provide]                        PROVIDE (cexp = 0x81cd98c)
                [!provide]                        PROVIDE (cexpf = 0x81cefac)
                [!provide]                        PROVIDE (cexpl = 0x81cf790)
                [!provide]                        PROVIDE (cimag = 0x81cda3c)
                [!provide]                        PROVIDE (cimagf = 0x81ce680)
                [!provide]                        PROVIDE (cimagl = 0x81cf162)
                [!provide]                        PROVIDE (clock = 0x81b36a4)
                [!provide]                        PROVIDE (clog = 0x81cda46)
                [!provide]                        PROVIDE (clog10 = 0x81cdae0)
                [!provide]                        PROVIDE (clog10f = 0x81ce9f0)
                [!provide]                        PROVIDE (clogf = 0x81ce990)
                [!provide]                        PROVIDE (clogl = 0x81cf2e8)
                [!provide]                        PROVIDE (close = 0x81b48b4)
                [!provide]                        PROVIDE (conj = 0x81cdb88)
                [!provide]                        PROVIDE (conjf = 0x81cee4c)
                [!provide]                        PROVIDE (conjl = 0x81cfea0)
                [!provide]                        PROVIDE (copysign = 0x81ca5ea)
                [!provide]                        PROVIDE (copysignf = 0x81cbef0)
                [!provide]                        PROVIDE (copysignl = 0x81ccd2a)
                [!provide]                        PROVIDE (cos = 0x81c4240)
                [!provide]                        PROVIDE (cosf = 0x81c9ab0)
                [!provide]                        PROVIDE (cosh = 0x81c3418)
                [!provide]                        PROVIDE (coshf = 0x81c9110)
                [!provide]                        PROVIDE (coshl = 0x81ccd02)
                [!provide]                        PROVIDE (cosl = 0x81cccbe)
                [!provide]                        PROVIDE (cpow = 0x81cdba8)
                [!provide]                        PROVIDE (cpowf = 0x81cf014)
                [!provide]                        PROVIDE (cpowl = 0x81cfec0)
                [!provide]                        PROVIDE (cproj = 0x81cdd58)
                [!provide]                        PROVIDE (cprojf = 0x81ce688)
                [!provide]                        PROVIDE (cprojl = 0x81cf6a8)
                [!provide]                        PROVIDE (creal = 0x81cde40)
                [!provide]                        PROVIDE (crealf = 0x81cea58)
                [!provide]                        PROVIDE (creall = 0x81cf160)
                [!provide]                        PROVIDE (csin = 0x81cde42)
                [!provide]                        PROVIDE (csinf = 0x81cee60)
                [!provide]                        PROVIDE (csinh = 0x81cdede)
                [!provide]                        PROVIDE (csinhf = 0x81cf0e8)
                [!provide]                        PROVIDE (csinhl = 0x81d0320)
                [!provide]                        PROVIDE (csinl = 0x81d03e0)
                [!provide]                        PROVIDE (csqrt = 0x81cdfa0)
                [!provide]                        PROVIDE (csqrtf = 0x81ce710)
                [!provide]                        PROVIDE (csqrtl = 0x81cf380)
                [!provide]                        PROVIDE (ctan = 0x81ce2b8)
                [!provide]                        PROVIDE (ctanf = 0x81cea5c)
                [!provide]                        PROVIDE (ctanh = 0x81ce438)
                [!provide]                        PROVIDE (ctanhf = 0x81ceed0)
                [!provide]                        PROVIDE (ctanhl = 0x81d0070)
                [!provide]                        PROVIDE (ctanl = 0x81d0158)
                [!provide]                        PROVIDE (ctime = 0x81b36cc)
                [!provide]                        PROVIDE (difftime = 0x81b36da)
                [!provide]                        PROVIDE (div = 0x81b4b20)
                [!provide]                        PROVIDE (drem = 0x81c3d60)
                [!provide]                        PROVIDE (dremf = 0x81c9814)
                [!provide]                        PROVIDE (erf = 0x81c42e8)
                [!provide]                        PROVIDE (erfc = 0x81c4a80)
                [!provide]                        PROVIDE (erfcf = 0x81c9ee4)
                [!provide]                        PROVIDE (erfcl = 0x81ccdac)
                [!provide]                        PROVIDE (erff = 0x81c9b38)
                [!provide]                        PROVIDE (erfl = 0x81ccda8)
                [!provide]                        PROVIDE (exit = 0x81b0034)
                [!provide]                        PROVIDE (exp = 0x81c3480)
                [!provide]                        PROVIDE (exp10 = 0x81ca930)
                [!provide]                        PROVIDE (exp10f = 0x81cc0fc)
                [!provide]                        PROVIDE (exp2 = 0x81c5570)
                [!provide]                        PROVIDE (exp2f = 0x81ca544)
                [!provide]                        PROVIDE (exp2l = 0x81ccd5c)
                [!provide]                        PROVIDE (expf = 0x81c9160)
                [!provide]                        PROVIDE (expl = 0x81ccd0a)
                [!provide]                        PROVIDE (expm1 = 0x81ca948)
                [!provide]                        PROVIDE (expm1f = 0x81cc108)
                [!provide]                        PROVIDE (expm1l = 0x81cccf2)
                [!provide]                        PROVIDE (fabs = 0x81c5208)
                [!provide]                        PROVIDE (fabsf = 0x81ca2a8)
                [!provide]                        PROVIDE (fabsl = 0x81cccda)
                [!provide]                        PROVIDE (fclose = 0x81b168c)
                [!provide]                        PROVIDE (fdim = 0x81cb468)
                [!provide]                        PROVIDE (fdimf = 0x81cc6dc)
                [!provide]                        PROVIDE (fdiml = 0x81ccd88)
                [!provide]                        PROVIDE (feclearexcept = 0x81d0c4a)
                [!provide]                        PROVIDE (fedisableexcept = 0x81d0d1a)
                [!provide]                        PROVIDE (feenableexcept = 0x81d0d02)
                [!provide]                        PROVIDE (fegetenv = 0x81d0c5a)
                [!provide]                        PROVIDE (fegetexcept = 0x81d0c94)
                [!provide]                        PROVIDE (fegetexceptflag = 0x81d0c64)
                [!provide]                        PROVIDE (fegetround = 0x81d0c78)
                [!provide]                        PROVIDE (feholdexcept = 0x81d0c82)
                [!provide]                        PROVIDE (feraiseexcept = 0x81d0c9e)
                [!provide]                        PROVIDE (fesetenv = 0x81d0cb2)
                [!provide]                        PROVIDE (fesetexceptflag = 0x81d0cbc)
                [!provide]                        PROVIDE (fesetround = 0x81d0cd0)
                [!provide]                        PROVIDE (fetestexcept = 0x81d0ce2)
                [!provide]                        PROVIDE (feupdateenv = 0x81d0cea)
                [!provide]                        PROVIDE (fflush = 0x81b17f8)
                [!provide]                        PROVIDE (fgetc = 0x81b1878)
                [!provide]                        PROVIDE (fgets = 0x81b1958)
                [!provide]                        PROVIDE (fileno = 0x81b9fa8)
                [!provide]                        PROVIDE (finite = 0x81ca5d4)
                [!provide]                        PROVIDE (finitef = 0x81cbedc)
                [!provide]                        PROVIDE (finitel = 0x81cceb8)
                [!provide]                        PROVIDE (fiprintf = 0x81bb464)
                [!provide]                        PROVIDE (floor = 0x81d08f8)
                [!provide]                        PROVIDE (floorf = 0x81d0c26)
                [!provide]                        PROVIDE (floorl = 0x81cccea)
                [!provide]                        PROVIDE (fma = 0x81cb4b2)
                [!provide]                        PROVIDE (fmaf = 0x81d0c2c)
                [!provide]                        PROVIDE (fmal = 0x81ccd94)
                [!provide]                        PROVIDE (fmax = 0x81cb4d2)
                [!provide]                        PROVIDE (fmaxf = 0x81cc724)
                [!provide]                        PROVIDE (fmaxl = 0x81ccd8c)
                [!provide]                        PROVIDE (fmin = 0x81cb526)
                [!provide]                        PROVIDE (fminf = 0x81cc75e)
                [!provide]                        PROVIDE (fminl = 0x81ccd90)
                [!provide]                        PROVIDE (fmod = 0x81c3510)
                [!provide]                        PROVIDE (fmodf = 0x81c91cc)
                [!provide]                        PROVIDE (fmodl = 0x81ccd22)
                [!provide]                        PROVIDE (fopen = 0x81b1c68)
                [!provide]                        PROVIDE (fputc = 0x81b1cc0)
                [!provide]                        PROVIDE (fputs = 0x81b1d50)
                [!provide]                        PROVIDE (fread = 0x81b1e3c)
                [!provide]                        PROVIDE (frexp = 0x81c5218)
                [!provide]                        PROVIDE (frexpf = 0x81ca2b8)
                [!provide]                        PROVIDE (frexpl = 0x81cccce)
                [!provide]                        PROVIDE (fseek = 0x81b1e5c)
                [!provide]                        PROVIDE (fseeko = 0x81b2e0c)
                [!provide]                        PROVIDE (fstat = 0x81b48c4)
                [!provide]                        PROVIDE (ftell = 0x81b1e74)
                [!provide]                        PROVIDE (ftello = 0x81b2ed8)
                [!provide]                        PROVIDE (fwrite = 0x81b2204)
                [!provide]                        PROVIDE (g_pfnVectors = 0x81b0000)
                [!provide]                        PROVIDE (gamma = 0x81c356c)
                [!provide]                        PROVIDE (gamma_r = 0x81c3570)
                [!provide]                        PROVIDE (gammaf = 0x81c920c)
                [!provide]                        PROVIDE (gammaf_r = 0x81c9210)
                [!provide]                        PROVIDE (getc = 0x81ba0c0)
                [!provide]                        PROVIDE (getchar = 0x81b2228)
                [!provide]                        PROVIDE (gmtime = 0x81b36ec)
                [!provide]                        PROVIDE (gmtime_r = 0x81b36fc)
                [!provide]                        PROVIDE (hypot = 0x81c3578)
                [!provide]                        PROVIDE (hypotf = 0x81c9214)
                [!provide]                        PROVIDE (hypotl = 0x81ccd26)
                [!provide]                        PROVIDE (ilogb = 0x81cad9c)
                [!provide]                        PROVIDE (ilogbf = 0x81cc354)
                [!provide]                        PROVIDE (ilogbl = 0x81ccd44)
                [!provide]                        PROVIDE (infinity = 0x81cae00)
                [!provide]                        PROVIDE (infinityf = 0x81cc398)
                [!provide]                        PROVIDE (isalnum = 0x81b1578)
                [!provide]                        PROVIDE (isalpha = 0x81b1588)
                [!provide]                        PROVIDE (isdigit = 0x81b1598)
                [!provide]                        PROVIDE (isinf = 0x81cae10)
                [!provide]                        PROVIDE (isinff = 0x81cc3a4)
                [!provide]                        PROVIDE (isnan = 0x81cae64)
                [!provide]                        PROVIDE (isnanf = 0x81cc3c8)
                [!provide]                        PROVIDE (isspace = 0x81b15a8)
                [!provide]                        PROVIDE (iswspace = 0x81bb42c)
                [!provide]                        PROVIDE (iswspace_l = 0x81bb434)
                [!provide]                        PROVIDE (j0 = 0x81c35e0)
                [!provide]                        PROVIDE (j0f = 0x81c9260)
                [!provide]                        PROVIDE (j1 = 0x81c36c8)
                [!provide]                        PROVIDE (j1f = 0x81c9308)
                [!provide]                        PROVIDE (jn = 0x81c37b0)
                [!provide]                        PROVIDE (jnf = 0x81c93b8)
                [!provide]                        PROVIDE (ldexp = 0x81c5280)
                [!provide]                        PROVIDE (ldexpf = 0x81ca30c)
                [!provide]                        PROVIDE (ldexpl = 0x81ccd0e)
                [!provide]                        PROVIDE (lgamma = 0x81c3898)
                [!provide]                        PROVIDE (lgamma_r = 0x81c38e8)
                [!provide]                        PROVIDE (lgammaf = 0x81c9460)
                [!provide]                        PROVIDE (lgammaf_r = 0x81c94a0)
                [!provide]                        PROVIDE (lgammal = 0x81ccda4)
                [!provide]                        PROVIDE (llrint = 0x81cb698)
                [!provide]                        PROVIDE (llrintf = 0x81cc858)
                [!provide]                        PROVIDE (llrintl = 0x81ccd70)
                [!provide]                        PROVIDE (llround = 0x81cb85c)
                [!provide]                        PROVIDE (llroundf = 0x81cc954)
                [!provide]                        PROVIDE (llroundl = 0x81ccd7c)
                [!provide]                        PROVIDE (localeconv = 0x81b46b0)
                [!provide]                        PROVIDE (localtime = 0x81b3844)
                [!provide]                        PROVIDE (localtime_r = 0x81b3854)
                [!provide]                        PROVIDE (log = 0x81c3960)
                [!provide]                        PROVIDE (log10 = 0x81c39e0)
                [!provide]                        PROVIDE (log10f = 0x81c9554)
                [!provide]                        PROVIDE (log10l = 0x81ccd16)
                [!provide]                        PROVIDE (log1p = 0x81caea0)
                [!provide]                        PROVIDE (log1pf = 0x81cc3f0)
                [!provide]                        PROVIDE (log1pl = 0x81cccee)
                [!provide]                        PROVIDE (log2 = 0x81cb440)
                [!provide]                        PROVIDE (log2f = 0x81ca5bc)
                [!provide]                        PROVIDE (log2l = 0x81cce90)
                [!provide]                        PROVIDE (logb = 0x81cb3c0)
                [!provide]                        PROVIDE (logbf = 0x81cc688)
                [!provide]                        PROVIDE (logbl = 0x81ccdb0)
                [!provide]                        PROVIDE (logf = 0x81c94f8)
                [!provide]                        PROVIDE (logl = 0x81ccd12)
                [!provide]                        PROVIDE (lrint = 0x81cb5c4)
                [!provide]                        PROVIDE (lrintf = 0x81cc7d0)
                [!provide]                        PROVIDE (lrintl = 0x81ccd6c)
                [!provide]                        PROVIDE (lround = 0x81cb7e0)
                [!provide]                        PROVIDE (lroundf = 0x81cc8fc)
                [!provide]                        PROVIDE (lroundl = 0x81ccd78)
                [!provide]                        PROVIDE (lseek = 0x81b48d4)
                [!provide]                        PROVIDE (mbrtowc = 0x81bb410)
                [!provide]                        PROVIDE (memalign = 0x81b116c)
                [!provide]                        PROVIDE (memchr = 0x81b4994)
                [!provide]                        PROVIDE (memcmp = 0x81b2ee8)
                0x081b49b0                        PROVIDE (memcpy = 0x81b49b0)
                [!provide]                        PROVIDE (memmove = 0x81b2f08)
                0x081b2f3c                        PROVIDE (memset = 0x81b2f3c)
                [!provide]                        PROVIDE (mktime = 0x81b3bdc)
                [!provide]                        PROVIDE (modf = 0x81ca608)
                [!provide]                        PROVIDE (modff = 0x81cbf08)
                [!provide]                        PROVIDE (modfl = 0x81cccd2)
                [!provide]                        PROVIDE (nan = 0x81cb288)
                [!provide]                        PROVIDE (nanf = 0x81cc5f4)
                [!provide]                        PROVIDE (nanl = 0x81ccd40)
                [!provide]                        PROVIDE (nearbyint = 0x81d09f8)
                [!provide]                        PROVIDE (nearbyintf = 0x81d0c32)
                [!provide]                        PROVIDE (nearbyintl = 0x81ccd68)
                [!provide]                        PROVIDE (nextafter = 0x81cb298)
                [!provide]                        PROVIDE (nextafterf = 0x81cc600)
                [!provide]                        PROVIDE (nextafterl = 0x81ccd50)
                [!provide]                        PROVIDE (nexttoward = 0x81cce84)
                [!provide]                        PROVIDE (nexttowardf = 0x81ccdb4)
                [!provide]                        PROVIDE (nexttowardl = 0x81cce88)
                [!provide]                        PROVIDE (open = 0x81b48e8)
                [!provide]                        PROVIDE (perror = 0x81b2344)
                [!provide]                        PROVIDE (pow = 0x81c3a5c)
                [!provide]                        PROVIDE (pow10 = 0x81cb3a8)
                [!provide]                        PROVIDE (pow10f = 0x81cc67a)
                [!provide]                        PROVIDE (powf = 0x81c95b0)
                [!provide]                        PROVIDE (powl = 0x81ccd1a)
                0x081b2370                        PROVIDE (printf = 0x81b2370)
                [!provide]                        PROVIDE (putc = 0x81b23fc)
                [!provide]                        PROVIDE (putchar = 0x81b2414)
                [!provide]                        PROVIDE (putenv = 0x81b1268)
                [!provide]                        PROVIDE (puts = 0x81b24b8)
                [!provide]                        PROVIDE (raise = 0x81b35d0)
                [!provide]                        PROVIDE (remainder = 0x81c3b3c)
                [!provide]                        PROVIDE (remainderf = 0x81c9660)
                [!provide]                        PROVIDE (remainderl = 0x81ccda0)
                [!provide]                        PROVIDE (remquo = 0x81cb918)
                [!provide]                        PROVIDE (remquof = 0x81cc9d0)
                [!provide]                        PROVIDE (remquol = 0x81ccd84)
                [!provide]                        PROVIDE (rewind = 0x81b25e4)
                [!provide]                        PROVIDE (rint = 0x81d09fc)
                [!provide]                        PROVIDE (rintf = 0x81d0c38)
                [!provide]                        PROVIDE (rintl = 0x81ccd54)
                [!provide]                        PROVIDE (round = 0x81d0b20)
                [!provide]                        PROVIDE (roundf = 0x81d0c3e)
                [!provide]                        PROVIDE (roundl = 0x81ccd74)
                [!provide]                        PROVIDE (scalb = 0x81c3b98)
                [!provide]                        PROVIDE (scalbf = 0x81c96a0)
                [!provide]                        PROVIDE (scalbln = 0x81cbc20)
                [!provide]                        PROVIDE (scalblnf = 0x81ccb70)
                [!provide]                        PROVIDE (scalblnl = 0x81ccd60)
                [!provide]                        PROVIDE (scalbn = 0x81ca6b0)
                [!provide]                        PROVIDE (scalbnf = 0x81cbf78)
                [!provide]                        PROVIDE (scalbnl = 0x81ccd58)
                [!provide]                        PROVIDE (setbuf = 0x81b2654)
                [!provide]                        PROVIDE (setlocale = 0x81b4694)
                [!provide]                        PROVIDE (setvbuf = 0x81b2664)
                [!provide]                        PROVIDE (signal = 0x81b35e0)
                [!provide]                        PROVIDE (significand = 0x81c52e4)
                [!provide]                        PROVIDE (significandf = 0x81ca358)
                [!provide]                        PROVIDE (sin = 0x81c5318)
                [!provide]                        PROVIDE (sincos = 0x81c3d30)
                [!provide]                        PROVIDE (sincosf = 0x81c97ec)
                [!provide]                        PROVIDE (sinf = 0x81ca380)
                [!provide]                        PROVIDE (sinh = 0x81c3c68)
                [!provide]                        PROVIDE (sinhf = 0x81c9760)
                [!provide]                        PROVIDE (sinhl = 0x81ccd06)
                [!provide]                        PROVIDE (sinl = 0x81cccc2)
                [!provide]                        PROVIDE (siprintf = 0x81b5ca4)
                [!provide]                        PROVIDE (siscanf = 0x81b5ce8)
                [!provide]                        PROVIDE (snprintf = 0x81b283c)
                [!provide]                        PROVIDE (sprintf = 0x81b28e4)
                [!provide]                        PROVIDE (sqrt = 0x81c3cd8)
                [!provide]                        PROVIDE (sqrtf = 0x81c97b0)
                [!provide]                        PROVIDE (sqrtl = 0x81ccd1e)
                [!provide]                        PROVIDE (stat = 0x81b4924)
                [!provide]                        PROVIDE (strcat = 0x81b2f4c)
                [!provide]                        PROVIDE (strchr = 0x81b2f6a)
                0x081b4970                        PROVIDE (strcmp = 0x81b4970)
                [!provide]                        PROVIDE (strcpy = 0x81b4984)
                [!provide]                        PROVIDE (strerror = 0x81b3378)
                [!provide]                        PROVIDE (strerror_l = 0x81b338c)
                [!provide]                        PROVIDE (strlen = 0x81b49ca)
                [!provide]                        PROVIDE (strncat = 0x81b33a0)
                [!provide]                        PROVIDE (strncmp = 0x81b33c6)
                [!provide]                        PROVIDE (strncpy = 0x81b33ea)
                [!provide]                        PROVIDE (strrchr = 0x81b3410)
                [!provide]                        PROVIDE (strstr = 0x81b34a2)
                [!provide]                        PROVIDE (strtod = 0x81b0d58)
                [!provide]                        PROVIDE (strtod_l = 0x81b0d44)
                [!provide]                        PROVIDE (strtof = 0x81b0e20)
                [!provide]                        PROVIDE (strtof_l = 0x81b0d70)
                [!provide]                        PROVIDE (strtok = 0x81b343c)
                [!provide]                        PROVIDE (strtok_r = 0x81b349c)
                [!provide]                        PROVIDE (strtol = 0x81b1044)
                [!provide]                        PROVIDE (strtol_l = 0x81b1030)
                [!provide]                        PROVIDE (strtoll = 0x81bb270)
                [!provide]                        PROVIDE (strtoll_l = 0x81bb25c)
                [!provide]                        PROVIDE (strtoul = 0x81b114c)
                [!provide]                        PROVIDE (strtoul_l = 0x81b1138)
                [!provide]                        PROVIDE (strtoull = 0x81bb3c8)
                [!provide]                        PROVIDE (strtoull_l = 0x81bb3b4)
                [!provide]                        PROVIDE (sysconf = 0x81b4958)
                [!provide]                        PROVIDE (tan = 0x81c53c0)
                [!provide]                        PROVIDE (tanf = 0x81ca40c)
                [!provide]                        PROVIDE (tanh = 0x81c5428)
                [!provide]                        PROVIDE (tanhf = 0x81ca464)
                [!provide]                        PROVIDE (tanhl = 0x81cccca)
                [!provide]                        PROVIDE (tanl = 0x81cccc6)
                [!provide]                        PROVIDE (tgamma = 0x81c5588)
                [!provide]                        PROVIDE (tgammaf = 0x81ca550)
                [!provide]                        PROVIDE (tgammal = 0x81ccd64)
                [!provide]                        PROVIDE (time = 0x81b400c)
                [!provide]                        PROVIDE (tolower = 0x81b15b8)
                [!provide]                        PROVIDE (toupper = 0x81b15cc)
                [!provide]                        PROVIDE (trunc = 0x81d0bac)
                [!provide]                        PROVIDE (truncf = 0x81d0c44)
                [!provide]                        PROVIDE (truncl = 0x81ccd80)
                [!provide]                        PROVIDE (tzset = 0x81b41d0)
                [!provide]                        PROVIDE (ungetc = 0x81ba3c8)
                [!provide]                        PROVIDE (unlink = 0x81b4934)
                [!provide]                        PROVIDE (vfiprintf = 0x81bbd98)
                [!provide]                        PROVIDE (vfprintf = 0x81b9e8c)
                [!provide]                        PROVIDE (vsnprintf = 0x81b2a10)
                [!provide]                        PROVIDE (y0 = 0x81c3648)
                [!provide]                        PROVIDE (y0f = 0x81c92a8)
                [!provide]                        PROVIDE (y1 = 0x81c3730)
                [!provide]                        PROVIDE (y1f = 0x81c9358)
                [!provide]                        PROVIDE (yn = 0x81c3818)
                [!provide]                        PROVIDE (ynf = 0x81c9400)
                0x00002800                        _Max_Stack_Size = 0x2800

.text           0x20000000     0x3fd8
                0x20000000                        . = ALIGN (0x4)
 *(.AppStart)
 .AppStart      0x20000000       0x30 ./Core/Startup/startup_user_app.o
                0x20000000                AppStart
 *(.text)
 .text          0x20000030      0xa60 C:/ST/STM32CubeIDE_1.15.1/STM32CubeIDE/plugins/com.st.stm32cube.ide.mcu.externaltools.gnu-tools-for-stm32.13.3.rel1.win32_1.0.0.202411081344/tools/bin/../lib/gcc/arm-none-eabi/13.3.1/thumb/v8-m.main+fp/hard\libgcc.a(unwind-arm.o)
                0x200002f0                _Unwind_GetCFA
                0x200002f4                __gnu_Unwind_RaiseException
                0x2000035c                __gnu_Unwind_ForcedUnwind
                0x20000370                __gnu_Unwind_Resume
                0x200003b4                __gnu_Unwind_Resume_or_Rethrow
                0x200003c8                _Unwind_Complete
                0x200003cc                _Unwind_DeleteException
                0x200003d8                _Unwind_VRS_Get
                0x20000424                _Unwind_VRS_Set
                0x20000470                __gnu_Unwind_Backtrace
                0x2000079c                __aeabi_unwind_cpp_pr0
                0x200007a0                __aeabi_unwind_cpp_pr1
                0x200007a4                __aeabi_unwind_cpp_pr2
                0x200007a8                _Unwind_VRS_Pop
 .text          0x20000a90      0x1ac C:/ST/STM32CubeIDE_1.15.1/STM32CubeIDE/plugins/com.st.stm32cube.ide.mcu.externaltools.gnu-tools-for-stm32.13.3.rel1.win32_1.0.0.202411081344/tools/bin/../lib/gcc/arm-none-eabi/13.3.1/thumb/v8-m.main+fp/hard\libgcc.a(libunwind.o)
                0x20000a90                __restore_core_regs
                0x20000a90                restore_core_regs
                0x20000aa8                __gnu_Unwind_Restore_VFP
                0x20000ab0                __gnu_Unwind_Save_VFP
                0x20000ab8                __gnu_Unwind_Restore_VFP_D
                0x20000ac0                __gnu_Unwind_Save_VFP_D
                0x20000ac8                __gnu_Unwind_Restore_VFP_D_16_to_31
                0x20000ad0                __gnu_Unwind_Save_VFP_D_16_to_31
                0x20000ad8                __gnu_Unwind_Restore_WMMXD
                0x20000b1c                __gnu_Unwind_Save_WMMXD
                0x20000b60                __gnu_Unwind_Restore_WMMXC
                0x20000b74                __gnu_Unwind_Save_WMMXC
                0x20000b88                ___Unwind_RaiseException
                0x20000b88                _Unwind_RaiseException
                0x20000bac                _Unwind_Resume
                0x20000bac                ___Unwind_Resume
                0x20000bd0                _Unwind_Resume_or_Rethrow
                0x20000bd0                ___Unwind_Resume_or_Rethrow
                0x20000bf4                _Unwind_ForcedUnwind
                0x20000bf4                ___Unwind_ForcedUnwind
                0x20000c18                ___Unwind_Backtrace
                0x20000c18                _Unwind_Backtrace
 .text          0x20000c3c      0x3a4 C:/ST/STM32CubeIDE_1.15.1/STM32CubeIDE/plugins/com.st.stm32cube.ide.mcu.externaltools.gnu-tools-for-stm32.13.3.rel1.win32_1.0.0.202411081344/tools/bin/../lib/gcc/arm-none-eabi/13.3.1/thumb/v8-m.main+fp/hard\libgcc.a(pr-support.o)
                0x20000c94                __gnu_unwind_execute
                0x20000f94                __gnu_unwind_frame
                0x20000fc0                _Unwind_GetRegionStart
                0x20000fcc                _Unwind_GetLanguageSpecificData
 *(.text*)
 .text._ZNSt16_Sp_counted_baseILN9__gnu_cxx12_Lock_policyE0EE10_M_releaseEv
                0x20000fe0       0x60 ./Core/Src/Model.o
                0x20000fe0                std::_Sp_counted_base<(__gnu_cxx::_Lock_policy)0>::_M_release()
 .text._ZNSt12__shared_ptrIN9Interface6IMutexELN9__gnu_cxx12_Lock_policyE0EED2Ev
                0x20001040       0x1c ./Core/Src/Model.o
                0x20001040                std::__shared_ptr<Interface::IMutex, (__gnu_cxx::_Lock_policy)0>::~__shared_ptr()
                0x20001040                std::__shared_ptr<Interface::IMutex, (__gnu_cxx::_Lock_policy)0>::~__shared_ptr()
 .text._ZNSt10shared_ptrIN9Interface6IMutexEED2Ev
                0x2000105c       0x1a ./Core/Src/Model.o
                0x2000105c                std::shared_ptr<Interface::IMutex>::~shared_ptr()
                0x2000105c                std::shared_ptr<Interface::IMutex>::~shared_ptr()
 .text._ZSt26__throw_bad_variant_accessPKc
                0x20001076        0xc ./Core/Src/Model.o
                0x20001076                std::__throw_bad_variant_access(char const*)
 *fill*         0x20001082        0x2 
 .text._ZN9IGUIModelC2Ev
                0x20001084       0x3c ./Core/Src/Model.o
                0x20001084                IGUIModel::IGUIModel()
                0x20001084                IGUIModel::IGUIModel()
 .text._ZN9IGUIModelD2Ev
                0x200010c0       0x30 ./Core/Src/Model.o
                0x200010c0                IGUIModel::~IGUIModel()
                0x200010c0                IGUIModel::~IGUIModel()
 .text._ZN9IGUIModelD0Ev
                0x200010f0       0x20 ./Core/Src/Model.o
                0x200010f0                IGUIModel::~IGUIModel()
 .text._ZN5ModelC2ERK7IKernelR20IServiceModelHandler
                0x20001110       0x70 ./Core/Src/Model.o
                0x20001110                Model::Model(IKernel const&, IServiceModelHandler&)
                0x20001110                Model::Model(IKernel const&, IServiceModelHandler&)
 .text._ZN5ModelD2Ev
                0x20001180       0x48 ./Core/Src/Model.o
                0x20001180                Model::~Model()
                0x20001180                Model::~Model()
 .text._ZN5ModelD0Ev
                0x200011c8       0x22 ./Core/Src/Model.o
                0x200011c8                Model::~Model()
 .text._ZNSt7variantIJN8S2GEvent7CounterEEEC2Ev
                0x200011ea       0x1a ./Core/Src/Model.o
                0x200011ea                std::variant<S2GEvent::Counter>::variant()
                0x200011ea                std::variant<S2GEvent::Counter>::variant()
 .text._ZNSt8__detail9__variant13_Variant_baseIJN8S2GEvent7CounterEEEC2Ev
                0x20001204       0x1a ./Core/Src/Model.o
                0x20001204                std::__detail::__variant::_Variant_base<S2GEvent::Counter>::_Variant_base()
 .text._ZNSt8__detail9__variant15_Copy_ctor_baseILb1EJN8S2GEvent7CounterEEECI2NS0_16_Variant_storageILb1EJS3_EEEILj0EJEEESt16in_place_index_tIXT_EEDpOT0_
                0x2000121e       0x1e ./Core/Src/Model.o
                0x2000121e                std::__detail::__variant::_Copy_ctor_base<true, S2GEvent::Counter>::_Variant_storage<0u>(std::in_place_index_t<0u>)
                0x2000121e                std::__detail::__variant::_Copy_ctor_base<true, S2GEvent::Counter>::_Variant_storage<0u>(std::in_place_index_t<0u>)
 .text._ZNSt8__detail9__variant15_Move_ctor_baseILb1EJN8S2GEvent7CounterEEECI2NS0_16_Variant_storageILb1EJS3_EEEILj0EJEEESt16in_place_index_tIXT_EEDpOT0_
                0x2000123c       0x1e ./Core/Src/Model.o
                0x2000123c                std::__detail::__variant::_Move_ctor_base<true, S2GEvent::Counter>::_Variant_storage<0u>(std::in_place_index_t<0u>)
                0x2000123c                std::__detail::__variant::_Move_ctor_base<true, S2GEvent::Counter>::_Variant_storage<0u>(std::in_place_index_t<0u>)
 .text._ZNSt8__detail9__variant17_Copy_assign_baseILb1EJN8S2GEvent7CounterEEECI2NS0_16_Variant_storageILb1EJS3_EEEILj0EJEEESt16in_place_index_tIXT_EEDpOT0_
                0x2000125a       0x1e ./Core/Src/Model.o
                0x2000125a                std::__detail::__variant::_Copy_assign_base<true, S2GEvent::Counter>::_Variant_storage<0u>(std::in_place_index_t<0u>)
                0x2000125a                std::__detail::__variant::_Copy_assign_base<true, S2GEvent::Counter>::_Variant_storage<0u>(std::in_place_index_t<0u>)
 .text._ZNSt8__detail9__variant17_Move_assign_baseILb1EJN8S2GEvent7CounterEEECI2NS0_16_Variant_storageILb1EJS3_EEEILj0EJEEESt16in_place_index_tIXT_EEDpOT0_
                0x20001278       0x1e ./Core/Src/Model.o
                0x20001278                std::__detail::__variant::_Move_assign_base<true, S2GEvent::Counter>::_Variant_storage<0u>(std::in_place_index_t<0u>)
                0x20001278                std::__detail::__variant::_Move_assign_base<true, S2GEvent::Counter>::_Variant_storage<0u>(std::in_place_index_t<0u>)
 .text._ZNSt8__detail9__variant13_Variant_baseIJN8S2GEvent7CounterEEEC1ILj0EJEEESt16in_place_index_tIXT_EEDpOT0_
                0x20001296       0x1e ./Core/Src/Model.o
                0x20001296                std::__detail::__variant::_Variant_base<S2GEvent::Counter>::_Variant_base<0u>(std::in_place_index_t<0u>)
 .text._ZNSt8__detail9__variant16_Variant_storageILb1EJN8S2GEvent7CounterEEEC2ILj0EJEEESt16in_place_index_tIXT_EEDpOT0_
                0x200012b4       0x24 ./Core/Src/Model.o
                0x200012b4                std::__detail::__variant::_Variant_storage<true, S2GEvent::Counter>::_Variant_storage<0u>(std::in_place_index_t<0u>)
 .text._ZNSt8__detail9__variant15_Variadic_unionIJN8S2GEvent7CounterEEEC1IJEEESt16in_place_index_tILj0EEDpOT_
                0x200012d8       0x1e ./Core/Src/Model.o
                0x200012d8                std::__detail::__variant::_Variadic_union<S2GEvent::Counter>::_Variadic_union<>(std::in_place_index_t<0u>)
 .text._ZNSt8__detail9__variant14_UninitializedIN8S2GEvent7CounterELb1EEC1IJEEESt16in_place_index_tILj0EEDpOT_
                0x200012f6       0x1e ./Core/Src/Model.o
                0x200012f6                std::__detail::__variant::_Uninitialized<S2GEvent::Counter, true>::_Uninitialized<>(std::in_place_index_t<0u>)
 .text._ZZN5Model14checkS2GEventsEvENKUlRKT_E_clIN8S2GEvent7CounterEEEDaS2_
                0x20001314       0x2a ./Core/Src/Model.o
 .text._ZN5Model14checkS2GEventsEv
                0x2000133e       0x86 ./Core/Src/Model.o
                0x2000133e                Model::checkS2GEvents()
 .text._ZN5Model13sendToServiceERKSt7variantIJN8G2SEvent3RunENS1_4StopEEE
                0x200013c4       0x24 ./Core/Src/Model.o
                0x200013c4                Model::sendToService(std::variant<G2SEvent::Run, G2SEvent::Stop> const&)
 .text._ZNSt7variantIJN8G2SEvent3RunENS0_4StopEEEC2Ev
                0x200013e8       0x1a ./Core/Src/Model.o
                0x200013e8                std::variant<G2SEvent::Run, G2SEvent::Stop>::variant()
                0x200013e8                std::variant<G2SEvent::Run, G2SEvent::Stop>::variant()
 .text._ZNSt8__detail9__variant13_Variant_baseIJN8G2SEvent3RunENS2_4StopEEEC2Ev
                0x20001402       0x1a ./Core/Src/Model.o
                0x20001402                std::__detail::__variant::_Variant_base<G2SEvent::Run, G2SEvent::Stop>::_Variant_base()
 .text._ZNSt8__detail9__variant15_Copy_ctor_baseILb1EJN8G2SEvent3RunENS2_4StopEEECI2NS0_16_Variant_storageILb1EJS3_S4_EEEILj0EJEEESt16in_place_index_tIXT_EEDpOT0_
                0x2000141c       0x1e ./Core/Src/Model.o
                0x2000141c                std::__detail::__variant::_Copy_ctor_base<true, G2SEvent::Run, G2SEvent::Stop>::_Variant_storage<0u>(std::in_place_index_t<0u>)
                0x2000141c                std::__detail::__variant::_Copy_ctor_base<true, G2SEvent::Run, G2SEvent::Stop>::_Variant_storage<0u>(std::in_place_index_t<0u>)
 .text._ZNSt8__detail9__variant15_Move_ctor_baseILb1EJN8G2SEvent3RunENS2_4StopEEECI2NS0_16_Variant_storageILb1EJS3_S4_EEEILj0EJEEESt16in_place_index_tIXT_EEDpOT0_
                0x2000143a       0x1e ./Core/Src/Model.o
                0x2000143a                std::__detail::__variant::_Move_ctor_base<true, G2SEvent::Run, G2SEvent::Stop>::_Variant_storage<0u>(std::in_place_index_t<0u>)
                0x2000143a                std::__detail::__variant::_Move_ctor_base<true, G2SEvent::Run, G2SEvent::Stop>::_Variant_storage<0u>(std::in_place_index_t<0u>)
 .text._ZNSt8__detail9__variant17_Copy_assign_baseILb1EJN8G2SEvent3RunENS2_4StopEEECI2NS0_16_Variant_storageILb1EJS3_S4_EEEILj0EJEEESt16in_place_index_tIXT_EEDpOT0_
                0x20001458       0x1e ./Core/Src/Model.o
                0x20001458                std::__detail::__variant::_Copy_assign_base<true, G2SEvent::Run, G2SEvent::Stop>::_Variant_storage<0u>(std::in_place_index_t<0u>)
                0x20001458                std::__detail::__variant::_Copy_assign_base<true, G2SEvent::Run, G2SEvent::Stop>::_Variant_storage<0u>(std::in_place_index_t<0u>)
 .text._ZNSt8__detail9__variant17_Move_assign_baseILb1EJN8G2SEvent3RunENS2_4StopEEECI2NS0_16_Variant_storageILb1EJS3_S4_EEEILj0EJEEESt16in_place_index_tIXT_EEDpOT0_
                0x20001476       0x1e ./Core/Src/Model.o
                0x20001476                std::__detail::__variant::_Move_assign_base<true, G2SEvent::Run, G2SEvent::Stop>::_Variant_storage<0u>(std::in_place_index_t<0u>)
                0x20001476                std::__detail::__variant::_Move_assign_base<true, G2SEvent::Run, G2SEvent::Stop>::_Variant_storage<0u>(std::in_place_index_t<0u>)
 .text._ZNSt8__detail9__variant13_Variant_baseIJN8G2SEvent3RunENS2_4StopEEEC1ILj0EJEEESt16in_place_index_tIXT_EEDpOT0_
                0x20001494       0x1e ./Core/Src/Model.o
                0x20001494                std::__detail::__variant::_Variant_base<G2SEvent::Run, G2SEvent::Stop>::_Variant_base<0u>(std::in_place_index_t<0u>)
 .text._ZNSt8__detail9__variant16_Variant_storageILb1EJN8G2SEvent3RunENS2_4StopEEEC2ILj0EJEEESt16in_place_index_tIXT_EEDpOT0_
                0x200014b2       0x24 ./Core/Src/Model.o
                0x200014b2                std::__detail::__variant::_Variant_storage<true, G2SEvent::Run, G2SEvent::Stop>::_Variant_storage<0u>(std::in_place_index_t<0u>)
 .text._ZNSt8__detail9__variant15_Variadic_unionIJN8G2SEvent3RunENS2_4StopEEEC1IJEEESt16in_place_index_tILj0EEDpOT_
                0x200014d6       0x1e ./Core/Src/Model.o
                0x200014d6                std::__detail::__variant::_Variadic_union<G2SEvent::Run, G2SEvent::Stop>::_Variadic_union<>(std::in_place_index_t<0u>)
 .text._ZNSt8__detail9__variant14_UninitializedIN8G2SEvent3RunELb1EEC1IJEEESt16in_place_index_tILj0EEDpOT_
                0x200014f4       0x18 ./Core/Src/Model.o
                0x200014f4                std::__detail::__variant::_Uninitialized<G2SEvent::Run, true>::_Uninitialized<>(std::in_place_index_t<0u>)
 .text._ZZN5Model14checkG2SEventsEvENKUlRKT_E_clIN8G2SEvent3RunEEEDaS2_
                0x2000150c       0x2e ./Core/Src/Model.o
 .text._ZN5Model14checkG2SEventsEv
                0x2000153a       0x78 ./Core/Src/Model.o
                0x2000153a                Model::checkG2SEvents()
 .text._ZN5Model9sendToGUIERKSt7variantIJN8S2GEvent7CounterEEE
                0x200015b2       0x24 ./Core/Src/Model.o
                0x200015b2                Model::sendToGUI(std::variant<S2GEvent::Counter> const&)
 .text._ZNSt14__shared_countILN9__gnu_cxx12_Lock_policyE0EED2Ev
                0x200015d6       0x24 ./Core/Src/Model.o
                0x200015d6                std::__shared_count<(__gnu_cxx::_Lock_policy)0>::~__shared_count()
                0x200015d6                std::__shared_count<(__gnu_cxx::_Lock_policy)0>::~__shared_count()
 .text._ZSt4moveIRSt10shared_ptrIN9Interface6IMutexEEEONSt16remove_referenceIT_E4typeEOS6_
                0x200015fa       0x16 ./Core/Src/Model.o
                0x200015fa                std::remove_reference<std::shared_ptr<Interface::IMutex>&>::type&& std::move<std::shared_ptr<Interface::IMutex>&>(std::shared_ptr<Interface::IMutex>&)
 .text._ZNSt12__shared_ptrIN9Interface10ISemaphoreELN9__gnu_cxx12_Lock_policyE0EED2Ev
                0x20001610       0x1c ./Core/Src/Model.o
                0x20001610                std::__shared_ptr<Interface::ISemaphore, (__gnu_cxx::_Lock_policy)0>::~__shared_ptr()
                0x20001610                std::__shared_ptr<Interface::ISemaphore, (__gnu_cxx::_Lock_policy)0>::~__shared_ptr()
 .text._ZNSt10shared_ptrIN9Interface10ISemaphoreEED2Ev
                0x2000162c       0x1a ./Core/Src/Model.o
                0x2000162c                std::shared_ptr<Interface::ISemaphore>::~shared_ptr()
                0x2000162c                std::shared_ptr<Interface::ISemaphore>::~shared_ptr()
 *fill*         0x20001646        0x2 
 .text._ZN14CircularBufferISt7variantIJN8S2GEvent7CounterEEELj20EEC2ERK7IKernel
                0x20001648       0x70 ./Core/Src/Model.o
                0x20001648                CircularBuffer<std::variant<S2GEvent::Counter>, 20u>::CircularBuffer(IKernel const&)
                0x20001648                CircularBuffer<std::variant<S2GEvent::Counter>, 20u>::CircularBuffer(IKernel const&)
 .text._ZN14CircularBufferISt7variantIJN8S2GEvent7CounterEEELj20EED2Ev
                0x200016b8       0x50 ./Core/Src/Model.o
                0x200016b8                CircularBuffer<std::variant<S2GEvent::Counter>, 20u>::~CircularBuffer()
                0x200016b8                CircularBuffer<std::variant<S2GEvent::Counter>, 20u>::~CircularBuffer()
 .text._ZN14CircularBufferISt7variantIJN8S2GEvent7CounterEEELj20EED0Ev
                0x20001708       0x20 ./Core/Src/Model.o
                0x20001708                CircularBuffer<std::variant<S2GEvent::Counter>, 20u>::~CircularBuffer()
 .text._ZN14CircularBufferISt7variantIJN8G2SEvent3RunENS1_4StopEEELj20EEC2ERK7IKernel
                0x20001728       0x6c ./Core/Src/Model.o
                0x20001728                CircularBuffer<std::variant<G2SEvent::Run, G2SEvent::Stop>, 20u>::CircularBuffer(IKernel const&)
                0x20001728                CircularBuffer<std::variant<G2SEvent::Run, G2SEvent::Stop>, 20u>::CircularBuffer(IKernel const&)
 .text._ZN14CircularBufferISt7variantIJN8G2SEvent3RunENS1_4StopEEELj20EED2Ev
                0x20001794       0x50 ./Core/Src/Model.o
                0x20001794                CircularBuffer<std::variant<G2SEvent::Run, G2SEvent::Stop>, 20u>::~CircularBuffer()
                0x20001794                CircularBuffer<std::variant<G2SEvent::Run, G2SEvent::Stop>, 20u>::~CircularBuffer()
 .text._ZN14CircularBufferISt7variantIJN8G2SEvent3RunENS1_4StopEEELj20EED0Ev
                0x200017e4       0x20 ./Core/Src/Model.o
                0x200017e4                CircularBuffer<std::variant<G2SEvent::Run, G2SEvent::Stop>, 20u>::~CircularBuffer()
 .text._ZN14CircularBufferISt7variantIJN8S2GEvent7CounterEEELj20EE4initEv
                0x20001804       0xe6 ./Core/Src/Model.o
                0x20001804                CircularBuffer<std::variant<S2GEvent::Counter>, 20u>::init()
 .text._ZN14CircularBufferISt7variantIJN8G2SEvent3RunENS1_4StopEEELj20EE4initEv
                0x200018ea       0xe6 ./Core/Src/Model.o
                0x200018ea                CircularBuffer<std::variant<G2SEvent::Run, G2SEvent::Stop>, 20u>::init()
 .text._ZN14CircularBufferISt7variantIJN8S2GEvent7CounterEEELj20EE3popERS3_m
                0x200019d0      0x110 ./Core/Src/Model.o
                0x200019d0                CircularBuffer<std::variant<S2GEvent::Counter>, 20u>::pop(std::variant<S2GEvent::Counter>&, unsigned long)
 .text._ZZSt10__do_visitINSt8__detail9__variant21__deduce_visit_resultIvEEZN5Model14checkS2GEventsEvEUlRKT_E_JRSt7variantIJN8S2GEvent7CounterEEEEEDcOT0_DpOT1_ENKUlSD_zE_clESD_z
                0x20001ae0       0x1a ./Core/Src/Model.o
 .text._ZNSt8__detail9__variant7__get_nILj0ERNS0_15_Variadic_unionIJN8S2GEvent7CounterEEEEEEDcOT0_
                0x20001afa       0x20 ./Core/Src/Model.o
                0x20001afa                decltype(auto) std::__detail::__variant::__get_n<0u, std::__detail::__variant::_Variadic_union<S2GEvent::Counter>&>(std::__detail::__variant::_Variadic_union<S2GEvent::Counter>&)
 .text._ZNSt8__detail9__variant5__getILj0ERSt7variantIJN8S2GEvent7CounterEEEEEDcOT0_
                0x20001b1a       0x20 ./Core/Src/Model.o
                0x20001b1a                decltype(auto) std::__detail::__variant::__get<0u, std::variant<S2GEvent::Counter>&>(std::variant<S2GEvent::Counter>&)
 .text._ZNSt8__detail9__variant17__gen_vtable_implINS0_12_Multi_arrayIPFNS0_21__deduce_visit_resultIvEEOZN5Model14checkS2GEventsEvEUlRKT_E_RSt7variantIJN8S2GEvent7CounterEEEEJEEESt16integer_sequenceIjJLj0EEEE28__element_by_index_or_cookieILj0ESF_EEDcOT0_
                0x20001b3a       0x20 ./Core/Src/Model.o
 .text._ZNSt8__detail9__variant17__gen_vtable_implINS0_12_Multi_arrayIPFNS0_21__deduce_visit_resultIvEEOZN5Model14checkS2GEventsEvEUlRKT_E_RSt7variantIJN8S2GEvent7CounterEEEEJEEESt16integer_sequenceIjJLj0EEEE14__visit_invokeESA_SF_
                0x20001b5a       0x32 ./Core/Src/Model.o
 .text._ZSt10__do_visitINSt8__detail9__variant21__deduce_visit_resultIvEEZN5Model14checkS2GEventsEvEUlRKT_E_JRSt7variantIJN8S2GEvent7CounterEEEEEDcOT0_DpOT1_
                0x20001b8c       0x4c ./Core/Src/Model.o
 .text._ZSt5visitIZN5Model14checkS2GEventsEvEUlRKT_E_JRSt7variantIJN8S2GEvent7CounterEEEEENSt13invoke_resultIS1_JDpNSt13__conditionalIX21is_lvalue_reference_vIT0_EEE4typeIRNSt19variant_alternativeILj0ENSt16remove_referenceIDTcl4__ascl7declvalISC_EEEEE4typeEE4typeEOSL_EEEE4typeEOS1_DpOSC_
                0x20001bd8       0x48 ./Core/Src/Model.o
 .text._ZN14CircularBufferISt7variantIJN8G2SEvent3RunENS1_4StopEEELj20EE4pushERKS4_m
                0x20001c20       0xc0 ./Core/Src/Model.o
                0x20001c20                CircularBuffer<std::variant<G2SEvent::Run, G2SEvent::Stop>, 20u>::push(std::variant<G2SEvent::Run, G2SEvent::Stop> const&, unsigned long)
 .text._ZN14CircularBufferISt7variantIJN8G2SEvent3RunENS1_4StopEEELj20EE3popERS4_m
                0x20001ce0       0xfc ./Core/Src/Model.o
                0x20001ce0                CircularBuffer<std::variant<G2SEvent::Run, G2SEvent::Stop>, 20u>::pop(std::variant<G2SEvent::Run, G2SEvent::Stop>&, unsigned long)
 .text._ZZN5Model14checkG2SEventsEvENKUlRKT_E_clIN8G2SEvent4StopEEEDaS2_
                0x20001ddc       0x2e ./Core/Src/Model.o
 .text._ZZSt10__do_visitINSt8__detail9__variant21__deduce_visit_resultIvEEZN5Model14checkG2SEventsEvEUlRKT_E_JRSt7variantIJN8G2SEvent3RunENSA_4StopEEEEEDcOT0_DpOT1_ENKUlSE_zE_clESE_z
                0x20001e0a       0x1a ./Core/Src/Model.o
 .text._ZNSt8__detail9__variant7__get_nILj0ERNS0_15_Variadic_unionIJN8G2SEvent3RunENS3_4StopEEEEEEDcOT0_
                0x20001e24       0x20 ./Core/Src/Model.o
                0x20001e24                decltype(auto) std::__detail::__variant::__get_n<0u, std::__detail::__variant::_Variadic_union<G2SEvent::Run, G2SEvent::Stop>&>(std::__detail::__variant::_Variadic_union<G2SEvent::Run, G2SEvent::Stop>&)
 .text._ZNSt8__detail9__variant5__getILj0ERSt7variantIJN8G2SEvent3RunENS3_4StopEEEEEDcOT0_
                0x20001e44       0x20 ./Core/Src/Model.o
                0x20001e44                decltype(auto) std::__detail::__variant::__get<0u, std::variant<G2SEvent::Run, G2SEvent::Stop>&>(std::variant<G2SEvent::Run, G2SEvent::Stop>&)
 .text._ZNSt8__detail9__variant17__gen_vtable_implINS0_12_Multi_arrayIPFNS0_21__deduce_visit_resultIvEEOZN5Model14checkG2SEventsEvEUlRKT_E_RSt7variantIJN8G2SEvent3RunENSC_4StopEEEEJEEESt16integer_sequenceIjJLj0EEEE28__element_by_index_or_cookieILj0ESG_EEDcOT0_
                0x20001e64       0x20 ./Core/Src/Model.o
 .text._ZNSt8__detail9__variant17__gen_vtable_implINS0_12_Multi_arrayIPFNS0_21__deduce_visit_resultIvEEOZN5Model14checkG2SEventsEvEUlRKT_E_RSt7variantIJN8G2SEvent3RunENSC_4StopEEEEJEEESt16integer_sequenceIjJLj0EEEE14__visit_invokeESA_SG_
                0x20001e84       0x32 ./Core/Src/Model.o
 .text._ZNSt8__detail9__variant7__get_nILj1ERNS0_15_Variadic_unionIJN8G2SEvent3RunENS3_4StopEEEEEEDcOT0_
                0x20001eb6       0x20 ./Core/Src/Model.o
                0x20001eb6                decltype(auto) std::__detail::__variant::__get_n<1u, std::__detail::__variant::_Variadic_union<G2SEvent::Run, G2SEvent::Stop>&>(std::__detail::__variant::_Variadic_union<G2SEvent::Run, G2SEvent::Stop>&)
 .text._ZNSt8__detail9__variant5__getILj1ERSt7variantIJN8G2SEvent3RunENS3_4StopEEEEEDcOT0_
                0x20001ed6       0x20 ./Core/Src/Model.o
                0x20001ed6                decltype(auto) std::__detail::__variant::__get<1u, std::variant<G2SEvent::Run, G2SEvent::Stop>&>(std::variant<G2SEvent::Run, G2SEvent::Stop>&)
 .text._ZNSt8__detail9__variant17__gen_vtable_implINS0_12_Multi_arrayIPFNS0_21__deduce_visit_resultIvEEOZN5Model14checkG2SEventsEvEUlRKT_E_RSt7variantIJN8G2SEvent3RunENSC_4StopEEEEJEEESt16integer_sequenceIjJLj1EEEE28__element_by_index_or_cookieILj1ESG_EEDcOT0_
                0x20001ef6       0x20 ./Core/Src/Model.o
 .text._ZNSt8__detail9__variant17__gen_vtable_implINS0_12_Multi_arrayIPFNS0_21__deduce_visit_resultIvEEOZN5Model14checkG2SEventsEvEUlRKT_E_RSt7variantIJN8G2SEvent3RunENSC_4StopEEEEJEEESt16integer_sequenceIjJLj1EEEE14__visit_invokeESA_SG_
                0x20001f16       0x32 ./Core/Src/Model.o
 .text._ZSt10__do_visitINSt8__detail9__variant21__deduce_visit_resultIvEEZN5Model14checkG2SEventsEvEUlRKT_E_JRSt7variantIJN8G2SEvent3RunENSA_4StopEEEEEDcOT0_DpOT1_
                0x20001f48       0x66 ./Core/Src/Model.o
 *fill*         0x20001fae        0x2 
 .text._ZSt5visitIZN5Model14checkG2SEventsEvEUlRKT_E_JRSt7variantIJN8G2SEvent3RunENS6_4StopEEEEENSt13invoke_resultIS1_JDpNSt13__conditionalIX21is_lvalue_reference_vIT0_EEE4typeIRNSt19variant_alternativeILj0ENSt16remove_referenceIDTcl4__ascl7declvalISD_EEEEE4typeEE4typeEOSM_EEEE4typeEOS1_DpOSD_
                0x20001fb0       0x48 ./Core/Src/Model.o
 .text._ZN14CircularBufferISt7variantIJN8S2GEvent7CounterEEELj20EE4pushERKS3_m
                0x20001ff8       0xcc ./Core/Src/Model.o
                0x20001ff8                CircularBuffer<std::variant<S2GEvent::Counter>, 20u>::push(std::variant<S2GEvent::Counter> const&, unsigned long)
 .text._ZNKSt19__shared_ptr_accessIN9Interface6IMutexELN9__gnu_cxx12_Lock_policyE0ELb0ELb0EE6_M_getEv
                0x200020c4       0x18 ./Core/Src/Model.o
                0x200020c4                std::__shared_ptr_access<Interface::IMutex, (__gnu_cxx::_Lock_policy)0, false, false>::_M_get() const
 .text._ZNSt12__shared_ptrIN9Interface6IMutexELN9__gnu_cxx12_Lock_policyE0EEC2EOS4_
                0x200020dc       0x3c ./Core/Src/Model.o
                0x200020dc                std::__shared_ptr<Interface::IMutex, (__gnu_cxx::_Lock_policy)0>::__shared_ptr(std::__shared_ptr<Interface::IMutex, (__gnu_cxx::_Lock_policy)0>&&)
                0x200020dc                std::__shared_ptr<Interface::IMutex, (__gnu_cxx::_Lock_policy)0>::__shared_ptr(std::__shared_ptr<Interface::IMutex, (__gnu_cxx::_Lock_policy)0>&&)
 .text._ZNSt10shared_ptrIN9Interface6IMutexEEC2Ev
                0x20002118       0x1a ./Core/Src/Model.o
                0x20002118                std::shared_ptr<Interface::IMutex>::shared_ptr()
                0x20002118                std::shared_ptr<Interface::IMutex>::shared_ptr()
 .text._ZNSt10shared_ptrIN9Interface10ISemaphoreEEC2Ev
                0x20002132       0x1a ./Core/Src/Model.o
                0x20002132                std::shared_ptr<Interface::ISemaphore>::shared_ptr()
                0x20002132                std::shared_ptr<Interface::ISemaphore>::shared_ptr()
 .text._ZN14CircularBufferISt7variantIJN8S2GEvent7CounterEEELj20EE6deinitEv
                0x2000214c       0x2e ./Core/Src/Model.o
                0x2000214c                CircularBuffer<std::variant<S2GEvent::Counter>, 20u>::deinit()
 .text._ZN14CircularBufferISt7variantIJN8G2SEvent3RunENS1_4StopEEELj20EE6deinitEv
                0x2000217a       0x2e ./Core/Src/Model.o
                0x2000217a                CircularBuffer<std::variant<G2SEvent::Run, G2SEvent::Stop>, 20u>::deinit()
 .text._ZNSt10shared_ptrIN9Interface6IMutexEEaSEOS2_
                0x200021a8       0x26 ./Core/Src/Model.o
                0x200021a8                std::shared_ptr<Interface::IMutex>::operator=(std::shared_ptr<Interface::IMutex>&&)
 .text._ZNSt10shared_ptrIN9Interface10ISemaphoreEEaSEOS2_
                0x200021ce       0x26 ./Core/Src/Model.o
                0x200021ce                std::shared_ptr<Interface::ISemaphore>::operator=(std::shared_ptr<Interface::ISemaphore>&&)
 .text._ZNKSt12__shared_ptrIN9Interface6IMutexELN9__gnu_cxx12_Lock_policyE0EEcvbEv
                0x200021f4       0x22 ./Core/Src/Model.o
                0x200021f4                std::__shared_ptr<Interface::IMutex, (__gnu_cxx::_Lock_policy)0>::operator bool() const
 .text._ZNKSt12__shared_ptrIN9Interface10ISemaphoreELN9__gnu_cxx12_Lock_policyE0EEcvbEv
                0x20002216       0x22 ./Core/Src/Model.o
                0x20002216                std::__shared_ptr<Interface::ISemaphore, (__gnu_cxx::_Lock_policy)0>::operator bool() const
 .text._ZNKSt19__shared_ptr_accessIN9Interface10ISemaphoreELN9__gnu_cxx12_Lock_policyE0ELb0ELb0EEptEv
                0x20002238       0x18 ./Core/Src/Model.o
                0x20002238                std::__shared_ptr_access<Interface::ISemaphore, (__gnu_cxx::_Lock_policy)0, false, false>::operator->() const
 .text._ZNKSt19__shared_ptr_accessIN9Interface6IMutexELN9__gnu_cxx12_Lock_policyE0ELb0ELb0EEptEv
                0x20002250       0x18 ./Core/Src/Model.o
                0x20002250                std::__shared_ptr_access<Interface::IMutex, (__gnu_cxx::_Lock_policy)0, false, false>::operator->() const
 .text._ZNSt5arrayISt7variantIJN8S2GEvent7CounterEEELj20EEixEj
                0x20002268       0x1e ./Core/Src/Model.o
                0x20002268                std::array<std::variant<S2GEvent::Counter>, 20u>::operator[](unsigned int)
 .text._ZSt4moveIRSt7variantIJN8S2GEvent7CounterEEEEONSt16remove_referenceIT_E4typeEOS6_
                0x20002286       0x16 ./Core/Src/Model.o
                0x20002286                std::remove_reference<std::variant<S2GEvent::Counter>&>::type&& std::move<std::variant<S2GEvent::Counter>&>(std::variant<S2GEvent::Counter>&)
 .text._ZNSt8__detail9__variant4__asIJN8S2GEvent7CounterEEEERSt7variantIJDpT_EES8_
                0x2000229c       0x16 ./Core/Src/Model.o
                0x2000229c                std::variant<S2GEvent::Counter>& std::__detail::__variant::__as<S2GEvent::Counter>(std::variant<S2GEvent::Counter>&)
 .text._ZNKSt7variantIJN8S2GEvent7CounterEEE22valueless_by_exceptionEv
                0x200022b2       0x20 ./Core/Src/Model.o
                0x200022b2                std::variant<S2GEvent::Counter>::valueless_by_exception() const
 .text._ZSt7forwardIZN5Model14checkS2GEventsEvEUlRKT_E_EOS1_RNSt16remove_referenceIS1_E4typeE
                0x200022d2       0x16 ./Core/Src/Model.o
 .text._ZNKSt7variantIJN8S2GEvent7CounterEEE5indexEv
                0x200022e8       0x18 ./Core/Src/Model.o
                0x200022e8                std::variant<S2GEvent::Counter>::index() const
 .text._ZSt7forwardIRSt7variantIJN8S2GEvent7CounterEEEEOT_RNSt16remove_referenceIS5_E4typeE
                0x20002300       0x16 ./Core/Src/Model.o
                0x20002300                std::variant<S2GEvent::Counter>& std::forward<std::variant<S2GEvent::Counter>&>(std::remove_reference<std::variant<S2GEvent::Counter>&>::type&)
 .text._ZSt7forwardIOZN5Model14checkS2GEventsEvEUlRKT_E_EOS1_RNSt16remove_referenceIS1_E4typeE
                0x20002316       0x16 ./Core/Src/Model.o
 .text._ZSt7forwardIRNSt8__detail9__variant15_Variadic_unionIJN8S2GEvent7CounterEEEEEOT_RNSt16remove_referenceIS7_E4typeE
                0x2000232c       0x16 ./Core/Src/Model.o
                0x2000232c                std::__detail::__variant::_Variadic_union<S2GEvent::Counter>& std::forward<std::__detail::__variant::_Variadic_union<S2GEvent::Counter>&>(std::remove_reference<std::__detail::__variant::_Variadic_union<S2GEvent::Counter>&>::type&)
 .text._ZNRSt8__detail9__variant14_UninitializedIN8S2GEvent7CounterELb1EE6_M_getEv
                0x20002342       0x16 ./Core/Src/Model.o
                0x20002342                std::__detail::__variant::_Uninitialized<S2GEvent::Counter, true>::_M_get() &
 .text._ZSt8__invokeIZN5Model14checkS2GEventsEvEUlRKT_E_JRN8S2GEvent7CounterEEENSt15__invoke_resultIS1_JDpT0_EE4typeEOS1_DpOS9_
                0x20002358       0x2c ./Core/Src/Model.o
 .text._ZNSt5arrayISt7variantIJN8G2SEvent3RunENS1_4StopEEELj20EEixEj
                0x20002384       0x1e ./Core/Src/Model.o
                0x20002384                std::array<std::variant<G2SEvent::Run, G2SEvent::Stop>, 20u>::operator[](unsigned int)
 .text._ZSt4moveIRSt7variantIJN8G2SEvent3RunENS1_4StopEEEEONSt16remove_referenceIT_E4typeEOS7_
                0x200023a2       0x16 ./Core/Src/Model.o
                0x200023a2                std::remove_reference<std::variant<G2SEvent::Run, G2SEvent::Stop>&>::type&& std::move<std::variant<G2SEvent::Run, G2SEvent::Stop>&>(std::variant<G2SEvent::Run, G2SEvent::Stop>&)
 .text._ZNSt8__detail9__variant4__asIJN8G2SEvent3RunENS2_4StopEEEERSt7variantIJDpT_EES9_
                0x200023b8       0x16 ./Core/Src/Model.o
                0x200023b8                std::variant<G2SEvent::Run, G2SEvent::Stop>& std::__detail::__variant::__as<G2SEvent::Run, G2SEvent::Stop>(std::variant<G2SEvent::Run, G2SEvent::Stop>&)
 .text._ZNKSt7variantIJN8G2SEvent3RunENS0_4StopEEE22valueless_by_exceptionEv
                0x200023ce       0x20 ./Core/Src/Model.o
                0x200023ce                std::variant<G2SEvent::Run, G2SEvent::Stop>::valueless_by_exception() const
 .text._ZSt7forwardIZN5Model14checkG2SEventsEvEUlRKT_E_EOS1_RNSt16remove_referenceIS1_E4typeE
                0x200023ee       0x16 ./Core/Src/Model.o
 .text._ZNKSt7variantIJN8G2SEvent3RunENS0_4StopEEE5indexEv
                0x20002404       0x18 ./Core/Src/Model.o
                0x20002404                std::variant<G2SEvent::Run, G2SEvent::Stop>::index() const
 .text._ZSt7forwardIRSt7variantIJN8G2SEvent3RunENS1_4StopEEEEOT_RNSt16remove_referenceIS6_E4typeE
                0x2000241c       0x16 ./Core/Src/Model.o
                0x2000241c                std::variant<G2SEvent::Run, G2SEvent::Stop>& std::forward<std::variant<G2SEvent::Run, G2SEvent::Stop>&>(std::remove_reference<std::variant<G2SEvent::Run, G2SEvent::Stop>&>::type&)
 .text._ZSt7forwardIOZN5Model14checkG2SEventsEvEUlRKT_E_EOS1_RNSt16remove_referenceIS1_E4typeE
                0x20002432       0x16 ./Core/Src/Model.o
 .text._ZSt7forwardIRNSt8__detail9__variant15_Variadic_unionIJN8G2SEvent3RunENS3_4StopEEEEEOT_RNSt16remove_referenceIS8_E4typeE
                0x20002448       0x16 ./Core/Src/Model.o
                0x20002448                std::__detail::__variant::_Variadic_union<G2SEvent::Run, G2SEvent::Stop>& std::forward<std::__detail::__variant::_Variadic_union<G2SEvent::Run, G2SEvent::Stop>&>(std::remove_reference<std::__detail::__variant::_Variadic_union<G2SEvent::Run, G2SEvent::Stop>&>::type&)
 .text._ZNRSt8__detail9__variant14_UninitializedIN8G2SEvent3RunELb1EE6_M_getEv
                0x2000245e       0x16 ./Core/Src/Model.o
                0x2000245e                std::__detail::__variant::_Uninitialized<G2SEvent::Run, true>::_M_get() &
 .text._ZSt8__invokeIZN5Model14checkG2SEventsEvEUlRKT_E_JRN8G2SEvent3RunEEENSt15__invoke_resultIS1_JDpT0_EE4typeEOS1_DpOS9_
                0x20002474       0x2c ./Core/Src/Model.o
 .text._ZNRSt8__detail9__variant14_UninitializedIN8G2SEvent4StopELb1EE6_M_getEv
                0x200024a0       0x16 ./Core/Src/Model.o
                0x200024a0                std::__detail::__variant::_Uninitialized<G2SEvent::Stop, true>::_M_get() &
 .text._ZSt8__invokeIZN5Model14checkG2SEventsEvEUlRKT_E_JRN8G2SEvent4StopEEENSt15__invoke_resultIS1_JDpT0_EE4typeEOS1_DpOS9_