../../../../../../../SDK/Libs/Header/Interfaces/IUserApp.hpp:44:22:virtual void Interface::IUserApp::Callback::onCreate()	16	static
../../../../../../../SDK/Libs/Header/Interfaces/IUserApp.hpp:50:22:virtual void Interface::IUserApp::Callback::onStart()	16	static
../../../../../../../SDK/Libs/Header/Interfaces/IUserApp.hpp:57:22:virtual void Interface::IUserApp::Callback::onResume()	16	static
../../../../../../../SDK/Libs/Header/Interfaces/IUserApp.hpp:62:22:virtual void Interface::IUserApp::Callback::onFrame()	16	static
../../../../../../../SDK/Libs/Header/Interfaces/IUserApp.hpp:69:22:virtual void Interface::IUserApp::Callback::onPause()	16	static
../../../../../../../SDK/Libs/Header/Interfaces/IUserApp.hpp:75:22:virtual void Interface::IUserApp::Callback::onStop()	16	static
../../../../../../../SDK/Libs/Header/Interfaces/IUserApp.hpp:80:22:virtual void Interface::IUserApp::Callback::onDestroy()	16	static
C:\ST\STM32CubeIDE_1.15.1\STM32CubeIDE\plugins\com.st.stm32cube.ide.mcu.externaltools.gnu-tools-for-stm32.13.3.rel1.win32_1.0.0.202411081344\tools\arm-none-eabi\include\c++\13.3.1\arm-none-eabi\thumb\v8-m.main+fp\hard\bits\gthr-default.h:229:1:int __gthread_key_delete(__gthread_key_t)	16	static
C:\ST\STM32CubeIDE_1.15.1\STM32CubeIDE\plugins\com.st.stm32cube.ide.mcu.externaltools.gnu-tools-for-stm32.13.3.rel1.win32_1.0.0.202411081344\tools\arm-none-eabi\include\c++\13.3.1\bits\shared_ptr_base.h:293:5:void std::_Sp_counted_base<_Lp>::_M_release() [with __gnu_cxx::_Lock_policy _Lp = __gnu_cxx::_S_single]	16	static
../Core/Src/main.cpp:27:17:uint32_t LoggerGetTicks()	8	static
../Core/Src/main.cpp:32:13:void LoggerPrint(const char*)	16	static
../../../../../Common/Libs/Header/Interfaces/IModel.hpp:45:13:IServiceModelHandler::~IServiceModelHandler()	16	static
../../../../../Common/Libs/Header/Interfaces/IModel.hpp:45:13:virtual IServiceModelHandler::~IServiceModelHandler()	16	static
../../../../../../../SDK/Libs/Header/Interfaces/IUserApp.hpp:86:17:Interface::IUserApp::Callback::~Callback()	16	static
../../../../../../../SDK/Libs/Header/Interfaces/IUserApp.hpp:86:17:virtual Interface::IUserApp::Callback::~Callback()	16	static
../../../../../../../SDK/Libs/Header/SensorLayer/ISensorDataListener.hpp:30:17:Interface::ISensorDataListener::~ISensorDataListener()	16	static
../../../../../../../SDK/Libs/Header/SensorLayer/ISensorDataListener.hpp:30:17:virtual Interface::ISensorDataListener::~ISensorDataListener()	16	static
C:\ST\STM32CubeIDE_1.15.1\STM32CubeIDE\plugins\com.st.stm32cube.ide.mcu.externaltools.gnu-tools-for-stm32.13.3.rel1.win32_1.0.0.202411081344\tools\arm-none-eabi\include\c++\13.3.1\bits\shared_ptr_base.h:1524:7:std::__shared_ptr<_Tp, _Lp>::~__shared_ptr() [with _Tp = GSModel; __gnu_cxx::_Lock_policy _Lp = __gnu_cxx::_S_single]	16	static
C:\ST\STM32CubeIDE_1.15.1\STM32CubeIDE\plugins\com.st.stm32cube.ide.mcu.externaltools.gnu-tools-for-stm32.13.3.rel1.win32_1.0.0.202411081344\tools\bin/../lib/gcc/arm-none-eabi/13.3.1/../../../../arm-none-eabi/include/c++/13.3.1/bits/shared_ptr.h:175:11:std::shared_ptr<GSModel>::~shared_ptr()	16	static
../../../Libs/Header/Service.hpp:16:13:Service::~Service()	16	static
../../../Libs/Header/Service.hpp:16:13:virtual Service::~Service()	16	static
../Core/Src/main.cpp:41:5:int main()	80	static
C:\ST\STM32CubeIDE_1.15.1\STM32CubeIDE\plugins\com.st.stm32cube.ide.mcu.externaltools.gnu-tools-for-stm32.13.3.rel1.win32_1.0.0.202411081344\tools\arm-none-eabi\include\c++\13.3.1\bits\shared_ptr_base.h:1068:7:std::__shared_count<_Lp>::~__shared_count() [with __gnu_cxx::_Lock_policy _Lp = __gnu_cxx::_S_single]	16	static
