C:\ST\STM32CubeIDE_1.15.1\STM32CubeIDE\plugins\com.st.stm32cube.ide.mcu.externaltools.gnu-tools-for-stm32.13.3.rel1.win32_1.0.0.202411081344\tools\arm-none-eabi\include\c++\13.3.1\arm-none-eabi\thumb\v8-m.main+fp\hard\bits\gthr-default.h:229:1:int __gthread_key_delete(__gthread_key_t)	16	static
../Core/Src/main.cpp:22:5:Test::Test()	16	static
../Core/Src/main.cpp:27:5:Test::~Test()	16	static
../Core/Src/main.cpp:75:5:int main()	24	static
../Core/Src/main.cpp:135:1:void __static_initialization_and_destruction_0()	8	static
../Core/Src/main.cpp:135:1:void __static_initialization_and_destruction_1()	8	static
../Core/Src/main.cpp:135:1:cpp)	8	static
../Core/Src/main.cpp:135:1:cpp)	8	static
